Archive member included because of file (symbol)

./../Platform/BLE/debug/libBLE_efm32_debug.a(BLE_serialDriver_cc.o)
                              C:/XDK-Workbench/workspace/EyesOnTheRoad/StreamSensorDataOverUsb/debug/objects/SendBLE.o (BLE_hciReceiveData)
./../Platform/BLE/debug/libBLE_efm32_debug.a(BLE_stateHandler_cc.o)
                              C:/XDK-Workbench/workspace/EyesOnTheRoad/StreamSensorDataOverUsb/debug/objects/SendBLE.o (BLE_coreStackInit)
./../Platform/BLE/debug/libBLE_efm32_debug.a(BLE_radioInterface_cc.o)
                              ./../Platform/BLE/debug/libBLE_efm32_debug.a(BLE_stateHandler_cc.o) (BLERADIO_IsPublicAddressValid)
./../Platform/Sensors/debug/libSensors_efm32_debug.a(Environmental.o)
                              C:/XDK-Workbench/workspace/EyesOnTheRoad/StreamSensorDataOverUsb/debug/objects/EnvironmentalSensor.o (Environmental_init)
./../Platform/Sensors/debug/libSensors_efm32_debug.a(Gyroscope.o)
                              C:/XDK-Workbench/workspace/EyesOnTheRoad/StreamSensorDataOverUsb/debug/objects/Gyroscope.o (Gyroscope_init)
./../Platform/Sensors/debug/libSensors_efm32_debug.a(Accelerometer.o)
                              C:/XDK-Workbench/workspace/EyesOnTheRoad/StreamSensorDataOverUsb/debug/objects/Accelerometer.o (Accelerometer_init)
./../Platform/Sensors/debug/libSensors_efm32_debug.a(LightSensor.o)
                              C:/XDK-Workbench/workspace/EyesOnTheRoad/StreamSensorDataOverUsb/debug/objects/LightSensor.o (LightSensor_init)
./../Platform/Sensors/debug/libSensors_efm32_debug.a(Magnetometer.o)
                              C:/XDK-Workbench/workspace/EyesOnTheRoad/StreamSensorDataOverUsb/debug/objects/Magnetometer.o (Magnetometer_init)
./../Platform/SensorUtils/debug/libSensorUtils_efm32_debug.a(Bma280Utils.o)
                              ./../Platform/Sensors/debug/libSensors_efm32_debug.a(Accelerometer.o) (Bma280Utils_initialize)
./../Platform/SensorUtils/debug/libSensorUtils_efm32_debug.a(AxisRemap.o)
                              ./../Platform/SensorUtils/debug/libSensorUtils_efm32_debug.a(Bma280Utils.o) (AxisRemap_remapSensorData)
./../Platform/SensorUtils/debug/libSensorUtils_efm32_debug.a(Bmi160Utils.o)
                              ./../Platform/Sensors/debug/libSensors_efm32_debug.a(Gyroscope.o) (Bmi160Utils_initialize)
./../Platform/SensorUtils/debug/libSensorUtils_efm32_debug.a(Bmg160Utils.o)
                              ./../Platform/Sensors/debug/libSensors_efm32_debug.a(Gyroscope.o) (Bmg160Utils_initialize)
./../Platform/SensorUtils/debug/libSensorUtils_efm32_debug.a(Bme280Utils.o)
                              ./../Platform/Sensors/debug/libSensors_efm32_debug.a(Environmental.o) (Bme280Utils_initialize)
./../Platform/SensorUtils/debug/libSensorUtils_efm32_debug.a(Bmm150Utils.o)
                              ./../Platform/Sensors/debug/libSensors_efm32_debug.a(Magnetometer.o) (Bmm150Utils_initialize)
./../Platform/SensorUtils/debug/libSensorUtils_efm32_debug.a(Max44009Utils.o)
                              ./../Platform/Sensors/debug/libSensors_efm32_debug.a(LightSensor.o) (Max44009Utils_initialize)
./../Libraries/FreeRTOS/FreeRTOS/../BCDS_Customization/debug/libFreeRTOS_efm32_debug.a(queue.o)
                              ./../Platform/SensorToolbox/release/libSensorToolbox.a (xQueueCreateMutex)
./../Libraries/FreeRTOS/FreeRTOS/../BCDS_Customization/debug/libFreeRTOS_efm32_debug.a(tasks.o)
                              C:/XDK-Workbench/workspace/EyesOnTheRoad/StreamSensorDataOverUsb/debug/objects/SendBLE.o (xTaskGenericCreate)
./../Libraries/FreeRTOS/FreeRTOS/../BCDS_Customization/debug/libFreeRTOS_efm32_debug.a(timers.o)
                              ./../Libraries/FreeRTOS/FreeRTOS/../BCDS_Customization/debug/libFreeRTOS_efm32_debug.a(tasks.o) (xTimerCreateTimerTask)
./../Libraries/FreeRTOS/FreeRTOS/../BCDS_Customization/debug/libFreeRTOS_efm32_debug.a(heap_4.o)
                              ./../Libraries/FreeRTOS/FreeRTOS/../BCDS_Customization/debug/libFreeRTOS_efm32_debug.a(queue.o) (pvPortMalloc)
./../Libraries/FreeRTOS/FreeRTOS/../BCDS_Customization/debug/libFreeRTOS_efm32_debug.a(port.o)
                              ./../Libraries/FreeRTOS/FreeRTOS/../BCDS_Customization/debug/libFreeRTOS_efm32_debug.a(tasks.o) (pxPortInitialiseStack)
./../Libraries/FreeRTOS/FreeRTOS/../BCDS_Customization/debug/libFreeRTOS_efm32_debug.a(list.o)
                              ./../Libraries/FreeRTOS/FreeRTOS/../BCDS_Customization/debug/libFreeRTOS_efm32_debug.a(queue.o) (vListInitialise)
./../Platform/Peripherals/debug/libPeripherals_efm32_debug.a(I2C_cc.o)
                              ./../Platform/SensorUtils/debug/libSensorUtils_efm32_debug.a(Bma280Utils.o) (I2C_delayFunction)
./../Platform/Peripherals/debug/libPeripherals_efm32_debug.a(SID_serialDriverInf_cc.o)
                              ./../Platform/Peripherals/debug/libPeripherals_efm32_debug.a(I2C_cc.o) (SID_init)
[...]
Memory Configuration

Name             Origin             Length             Attributes
FLASH            0x00010000         0x000f0000         xr
RAM              0x20000000         0x00020000         xrw
*default*        0x00000000         0xffffffff

Linker script and memory map

LOAD c:/xdk-workbench/armgcc/bin/../lib/gcc/arm-none-eabi/4.7.4/armv7-m/crti.o
LOAD c:/xdk-workbench/armgcc/bin/../lib/gcc/arm-none-eabi/4.7.4/armv7-m/crtbegin.o
LOAD c:/xdk-workbench/armgcc/bin/../lib/gcc/arm-none-eabi/4.7.4/../../../../arm-none-eabi/lib/armv7-m/crt0.o
LOAD C:/XDK-Workbench/workspace/EyesOnTheRoad/StreamSensorDataOverUsb/debug/objects/./../Platform/Utils/source/RSM_retargetStdioMessage/retargetio.o
LOAD C:/XDK-Workbench/workspace/EyesOnTheRoad/StreamSensorDataOverUsb/debug/objects/./../Libraries/EMlib/EMLib/usb/src/em_usbdint.o
LOAD C:/XDK-Workbench/workspace/EyesOnTheRoad/StreamSensorDataOverUsb/debug/objects/main.o
LOAD C:/XDK-Workbench/workspace/EyesOnTheRoad/StreamSensorDataOverUsb/debug/objects/StreamSensorData.o
LOAD C:/XDK-Workbench/workspace/EyesOnTheRoad/StreamSensorDataOverUsb/debug/objects/Accelerometer.o
LOAD C:/XDK-Workbench/workspace/EyesOnTheRoad/StreamSensorDataOverUsb/debug/objects/Gyroscope.o
LOAD C:/XDK-Workbench/workspace/EyesOnTheRoad/StreamSensorDataOverUsb/debug/objects/InertialSensor.o
LOAD C:/XDK-Workbench/workspace/EyesOnTheRoad/StreamSensorDataOverUsb/debug/objects/LightSensor.o
LOAD C:/XDK-Workbench/workspace/EyesOnTheRoad/StreamSensorDataOverUsb/debug/objects/Magnetometer.o
LOAD C:/XDK-Workbench/workspace/EyesOnTheRoad/StreamSensorDataOverUsb/debug/objects/EnvironmentalSensor.o
LOAD C:/XDK-Workbench/workspace/EyesOnTheRoad/StreamSensorDataOverUsb/debug/objects/SendBLE.o
LOAD C:/XDK-Workbench/workspace/EyesOnTheRoad/StreamSensorDataOverUsb/debug/objects/startup_efm32gg.o
START GROUP
LOAD ./../Platform/SensorToolbox/release/libSensorToolbox.a
LOAD ./../Libraries/WiFi/TI/../BCDS_Customization/debug/libWifiLib_efm32_debug.a
LOAD ./../Platform/Wlan/debug/libWlan_efm32_debug.a
LOAD ./../Libraries/ServalStack/BCDS_Customization/release/libServalStack_efm32.a
LOAD ./../Platform/ServalPAL_WiFi/release/libServalPalWifi_efm32.a
LOAD ./../Platform/MiscDrivers/debug/libMiscDrivers_efm32_debug.a
LOAD ./../Platform/BLE/debug/libBLE_efm32_debug.a
LOAD ./../Platform/Sensors/debug/libSensors_efm32_debug.a
LOAD ./../Platform/SensorUtils/debug/libSensorUtils_efm32_debug.a
LOAD ./../Libraries/FreeRTOS/FreeRTOS/../BCDS_Customization/debug/libFreeRTOS_efm32_debug.a
LOAD ./../Platform/Peripherals/debug/libPeripherals_efm32_debug.a
LOAD ./../Libraries/EMlib/EMLib/../BCDS_Customization/debug/libEMLib_efm32_debug.a
LOAD ./../Libraries/BSTLib/BST_Github/../BCDS_Customization/debug/libBSTLib_efm32_debug.a
LOAD ../Common/debug/XDKCommon_efm32_debug.a
LOAD ./../Platform/Utils/debug/libUtils_efm32_debug.a
LOAD ./../Platform/Basics/debug/libBasics_efm32_debug.a
LOAD ./../Platform/SensorDrivers/debug/libSensorDrivers_efm32_debug.a
LOAD ./../Platform/Power/debug/libPOWER_efm32_debug.a
LOAD ./../Platform/SensorDrivers/debug/libSensorDrivers_efm32_debug.a
LOAD ./../Libraries/FATfs/BCDS_Customization/debug/libFATfs_efm32_debug.a
LOAD ./../Platform/FOTA/debug/libFOTA_efm32_debug.a
LOAD ./../Libraries/Escrypt_CycurTLS/CycurTLS/src/cycurlib/../../../BCDS_Customization/release/libCYCURTLS_efm32.a
LOAD ./../Libraries/BLEStack/Alpwise/Core_Stack/Libraries/BLESW_CoreStack_CM3.a
LOAD ./../Libraries/BLEStack/Alpwise/Service/Data_Exchange_Service/Libraries/BLESW_ALPWDEP_Server_CM3.a
LOAD ./../Libraries/BLEStack/Alpwise/Core_Stack/Libraries/BLESW_ALPWDES_CM3.a
LOAD ./../Libraries/BLEStack/Alpwise/Service/BLESW_AlertNotification/Libraries/BLESW_ANP_Server_CM3.a
LOAD ./../Libraries/BLEStack/Alpwise/Core_Stack/Libraries/BLESW_ANS_CM3.a
LOAD ./../Libraries/BLEStack/Alpwise/Service/BLESW_BloodPressure/Libraries/BLESW_BLP_Sensor_CM3.a
LOAD ./../Libraries/BLEStack/Alpwise/Core_Stack/Libraries/BLESW_BLS_CM3.a
LOAD ./../Libraries/BLEStack/Alpwise/Service/BLESW_CyclingPower/Libraries/BLESW_CPP_Sensor_CM3.a
LOAD ./../Libraries/BLEStack/Alpwise/Core_Stack/Libraries/BLESW_CPS_CM3.a
LOAD ./../Libraries/BLEStack/Alpwise/Service/BLESW_CyclingSpeedAndCadence/Libraries/BLESW_CSCP_Sensor_CM3.a
LOAD ./../Libraries/BLEStack/Alpwise/Core_Stack/Libraries/BLESW_CSCS_CM3.a
LOAD ./../Libraries/BLEStack/Alpwise/Service/BLESW_Glucose/Libraries/BLESW_GLP_Sensor_CM3.a
LOAD ./../Libraries/BLEStack/Alpwise/Core_Stack/Libraries/BLESW_GLS_CM3.a
LOAD ./../Libraries/BLEStack/Alpwise/Service/BLESW_HealthThermometer/Libraries/BLESW_HTP_Thermometer_CM3.a
LOAD ./../Libraries/BLEStack/Alpwise/Core_Stack/Libraries/BLESW_HTS_CM3.a
LOAD ./../Libraries/BLEStack/Alpwise/Service/BLESW_HeartRate/Libraries/BLESW_HRP_Sensor_CM3.a
LOAD ./../Libraries/BLEStack/Alpwise/Core_Stack/Libraries/BLESW_HRS_CM3.a
LOAD ./../Libraries/BLEStack/Alpwise/Service/BLESW_HumanInterfaceDevice/Libraries/BLESW_HID_Host_CM3.a
LOAD ./../Libraries/BLEStack/Alpwise/Core_Stack/Libraries/BLESW_HIDS_CM3.a
LOAD ./../Libraries/BLEStack/Alpwise/Service/BLESW_LocationAndNavigation/Libraries/BLESW_LNP_Sensor_CM3.a
LOAD ./../Libraries/BLEStack/Alpwise/Core_Stack/Libraries/BLESW_LNS_CM3.a
LOAD ./../Libraries/BLEStack/Alpwise/Service/BLESW_NetworkAvailability/Libraries/BLESW_NWAP_Reporter_CM3.a
LOAD ./../Libraries/BLEStack/Alpwise/Core_Stack/Libraries/BLESW_NWAS_CM3.a
LOAD ./../Libraries/BLEStack/Alpwise/Service/BLESW_PhoneAlertStatus/Libraries/BLESW_PASP_Server_CM3.a
LOAD ./../Libraries/BLEStack/Alpwise/Core_Stack/Libraries/BLESW_PASS_CM3.a
LOAD ./../Libraries/BLEStack/Alpwise/Service/BLESW_RunningSpeedAndCadence/Libraries/BLESW_RSCP_Sensor_CM3.a
LOAD ./../Libraries/BLEStack/Alpwise/Core_Stack/Libraries/BLESW_RSCS_CM3.a
LOAD ./../Libraries/EMlib/EMLib/CMSIS/Lib/GCC/libarm_cortexM3l_math.a
END GROUP
START GROUP
LOAD c:/xdk-workbench/armgcc/bin/../lib/gcc/arm-none-eabi/4.7.4/armv7-m\libgcc.a
LOAD c:/xdk-workbench/armgcc/bin/../lib/gcc/arm-none-eabi/4.7.4/../../../../arm-none-eabi/lib/armv7-m\libc.a
LOAD c:/xdk-workbench/armgcc/bin/../lib/gcc/arm-none-eabi/4.7.4/../../../../arm-none-eabi/lib/armv7-m\libm.a
END GROUP
START GROUP
LOAD c:/xdk-workbench/armgcc/bin/../lib/gcc/arm-none-eabi/4.7.4/armv7-m\libgcc.a
LOAD c:/xdk-workbench/armgcc/bin/../lib/gcc/arm-none-eabi/4.7.4/../../../../arm-none-eabi/lib/armv7-m\libc.a
END GROUP
LOAD c:/xdk-workbench/armgcc/bin/../lib/gcc/arm-none-eabi/4.7.4/armv7-m/crtend.o
LOAD c:/xdk-workbench/armgcc/bin/../lib/gcc/arm-none-eabi/4.7.4/armv7-m/crtn.o

.text           0x00010000    0x246b8
 *(.isr_vector)
 .isr_vector    0x00010000      0x100 C:/XDK-Workbench/workspace/EyesOnTheRoad/StreamSensorDataOverUsb/debug/objects/startup_efm32gg.o
                0x00010000                __isr_vector
 *(.text*)
 .text          0x00010100       0x54 c:/xdk-workbench/armgcc/bin/../lib/gcc/arm-none-eabi/4.7.4/armv7-m/crtbegin.o
 .text          0x00010154       0x70 c:/xdk-workbench/armgcc/bin/../lib/gcc/arm-none-eabi/4.7.4/../../../../arm-none-eabi/lib/armv7-m/crt0.o
                0x00010154                _start
                0x00010154                start
                0x00010154                _mainCRTStartup
 .text._close   0x000101c4       0x18 C:/XDK-Workbench/workspace/EyesOnTheRoad/StreamSensorDataOverUsb/debug/objects/./../Platform/Utils/source/RSM_retargetStdioMessage/retargetio.o
                0x000101c4                _close
 .text._exit    0x000101dc        0xc C:/XDK-Workbench/workspace/EyesOnTheRoad/StreamSensorDataOverUsb/debug/objects/./../Platform/Utils/source/RSM_retargetStdioMessage/retargetio.o
                0x000101dc                _exit
 .text._fstat   0x000101e8       0x24 C:/XDK-Workbench/workspace/EyesOnTheRoad/StreamSensorDataOverUsb/debug/objects/./../Platform/Utils/source/RSM_retargetStdioMessage/retargetio.o
                0x000101e8                _fstat
 .text._isatty  0x0001020c       0x18 C:/XDK-Workbench/workspace/EyesOnTheRoad/StreamSensorDataOverUsb/debug/objects/./../Platform/Utils/source/RSM_retargetStdioMessage/retargetio.o
                0x0001020c                _isatty
 .text._lseek   0x00010224       0x1c C:/XDK-Workbench/workspace/EyesOnTheRoad/StreamSensorDataOverUsb/debug/objects/./../Platform/Utils/source/RSM_retargetStdioMessage/retargetio.o
                0x00010224                _lseek
 .text._read    0x00010240       0x70 C:/XDK-Workbench/workspace/EyesOnTheRoad/StreamSensorDataOverUsb/debug/objects/./../Platform/Utils/source/RSM_retargetStdioMessage/retargetio.o
                0x00010240                _read
 .text._sbrk    0x000102b0       0xa0 C:/XDK-Workbench/workspace/EyesOnTheRoad/StreamSensorDataOverUsb/debug/objects/./../Platform/Utils/source/RSM_retargetStdioMessage/retargetio.o
                0x000102b0                _sbrk
 .text._write   0x00010350       0x20 C:/XDK-Workbench/workspace/EyesOnTheRoad/StreamSensorDataOverUsb/debug/objects/./../Platform/Utils/source/RSM_retargetStdioMessage/retargetio.o
                0x00010350                _write
 .text.INT_Disable
                0x00010370       0x40 C:/XDK-Workbench/workspace/EyesOnTheRoad/StreamSensorDataOverUsb/debug/objects/./../Libraries/EMlib/EMLib/usb/src/em_usbdint.o
 .text.INT_Enable
                0x000103b0       0x54 C:/XDK-Workbench/workspace/EyesOnTheRoad/StreamSensorDataOverUsb/debug/objects/./../Libraries/EMlib/EMLib/usb/src/em_usbdint.o
 .text.USBHAL_FlushTxFifo
                0x00010404       0x4c C:/XDK-Workbench/workspace/EyesOnTheRoad/StreamSensorDataOverUsb/debug/objects/./../Libraries/EMlib/EMLib/usb/src/em_usbdint.o
 .text.USBHAL_GetCoreInts
                0x00010450       0x40 C:/XDK-Workbench/workspace/EyesOnTheRoad/StreamSensorDataOverUsb/debug/objects/./../Libraries/EMlib/EMLib/usb/src/em_usbdint.o
 .text.USBDHAL_EnableInts
                0x00010490       0x70 C:/XDK-Workbench/workspace/EyesOnTheRoad/StreamSensorDataOverUsb/debug/objects/./../Libraries/EMlib/EMLib/usb/src/em_usbdint.o
 .text.USBDHAL_Ep0Activate
                0x00010500       0x70 C:/XDK-Workbench/workspace/EyesOnTheRoad/StreamSensorDataOverUsb/debug/objects/./../Libraries/EMlib/EMLib/usb/src/em_usbdint.o
 .text.USBDHAL_GetAllInEpInts
                0x00010570       0x48 C:/XDK-Workbench/workspace/EyesOnTheRoad/StreamSensorDataOverUsb/debug/objects/./../Libraries/EMlib/EMLib/usb/src/em_usbdint.o
 .text.USBDHAL_GetAllOutEpInts
                0x000105b8       0x44 C:/XDK-Workbench/workspace/EyesOnTheRoad/StreamSensorDataOverUsb/debug/objects/./../Libraries/EMlib/EMLib/usb/src/em_usbdint.o
 .text.USBDHAL_GetInEpInts
                0x000105fc       0x44 C:/XDK-Workbench/workspace/EyesOnTheRoad/StreamSensorDataOverUsb/debug/objects/./../Libraries/EMlib/EMLib/usb/src/em_usbdint.o
 .text.USBDHAL_GetOutEpInts
                0x00010640       0x44 C:/XDK-Workbench/workspace/EyesOnTheRoad/StreamSensorDataOverUsb/debug/objects/./../Libraries/EMlib/EMLib/usb/src/em_usbdint.o
 .text.USBDHAL_StartEp0Setup
                0x00010684       0x88 C:/XDK-Workbench/workspace/EyesOnTheRoad/StreamSensorDataOverUsb/debug/objects/./../Libraries/EMlib/EMLib/usb/src/em_usbdint.o
 .text.USBD_GetEpFromAddr
                0x0001070c       0xa0 C:/XDK-Workbench/workspace/EyesOnTheRoad/StreamSensorDataOverUsb/debug/objects/./../Libraries/EMlib/EMLib/usb/src/em_usbdint.o
 .text.USB_IRQHandler
                0x000107ac      0x16c C:/XDK-Workbench/workspace/EyesOnTheRoad/StreamSensorDataOverUsb/debug/objects/./../Libraries/EMlib/EMLib/usb/src/em_usbdint.o
                0x000107ac                USB_IRQHandler
 .text.Handle_USB_GINTSTS_ENUMDONE
                0x00010918       0x3c C:/XDK-Workbench/workspace/EyesOnTheRoad/StreamSensorDataOverUsb/debug/objects/./../Libraries/EMlib/EMLib/usb/src/em_usbdint.o
 .text.Handle_USB_GINTSTS_IEPINT
                0x00010954      0x118 C:/XDK-Workbench/workspace/EyesOnTheRoad/StreamSensorDataOverUsb/debug/objects/./../Libraries/EMlib/EMLib/usb/src/em_usbdint.o
 .text.Handle_USB_GINTSTS_OEPINT
                0x00010a6c      0x230 C:/XDK-Workbench/workspace/EyesOnTheRoad/StreamSensorDataOverUsb/debug/objects/./../Libraries/EMlib/EMLib/usb/src/em_usbdint.o
 .text.Handle_USB_GINTSTS_RESETDET
                0x00010c9c       0x40 C:/XDK-Workbench/workspace/EyesOnTheRoad/StreamSensorDataOverUsb/debug/objects/./../Libraries/EMlib/EMLib/usb/src/em_usbdint.o
 .text.Handle_USB_GINTSTS_SOF
                0x00010cdc       0x64 C:/XDK-Workbench/workspace/EyesOnTheRoad/StreamSensorDataOverUsb/debug/objects/./../Libraries/EMlib/EMLib/usb/src/em_usbdint.o
 .text.Handle_USB_GINTSTS_USBRST
                0x00010d40      0x150 C:/XDK-Workbench/workspace/EyesOnTheRoad/StreamSensorDataOverUsb/debug/objects/./../Libraries/EMlib/EMLib/usb/src/em_usbdint.o
 .text.Handle_USB_GINTSTS_USBSUSP
                0x00010e90       0x68 C:/XDK-Workbench/workspace/EyesOnTheRoad/StreamSensorDataOverUsb/debug/objects/./../Libraries/EMlib/EMLib/usb/src/em_usbdint.o
 .text.Handle_USB_GINTSTS_WKUPINT
                0x00010ef8       0x30 C:/XDK-Workbench/workspace/EyesOnTheRoad/StreamSensorDataOverUsb/debug/objects/./../Libraries/EMlib/EMLib/usb/src/em_usbdint.o
 .text.main     0x00010f28       0x10 C:/XDK-Workbench/workspace/EyesOnTheRoad/StreamSensorDataOverUsb/debug/objects/main.o
                0x00010f28                main
 .text.init     0x00010f38        0xc C:/XDK-Workbench/workspace/EyesOnTheRoad/StreamSensorDataOverUsb/debug/objects/StreamSensorData.o
                0x00010f38                init
 .text.appInitSystem
                0x00010f44       0x14 C:/XDK-Workbench/workspace/EyesOnTheRoad/StreamSensorDataOverUsb/debug/objects/StreamSensorData.o
                0x00010f44                appInitSystem
 .text.notificationCallback
                0x00010f58       0x50 C:/XDK-Workbench/workspace/EyesOnTheRoad/StreamSensorDataOverUsb/debug/objects/SendBLE.o
 .text.interruptHandling
                0x00010fa8      0x18c C:/XDK-Workbench/workspace/EyesOnTheRoad/StreamSensorDataOverUsb/debug/objects/SendBLE.o
 .text.checkForSleep
                0x00011134       0x68 C:/XDK-Workbench/workspace/EyesOnTheRoad/StreamSensorDataOverUsb/debug/objects/SendBLE.o
 .text.bleAppHandler
                0x0001119c       0x1c C:/XDK-Workbench/workspace/EyesOnTheRoad/StreamSensorDataOverUsb/debug/objects/SendBLE.o
 .text.bleAlpwDataExchangeService
                0x000111b8      0x158 C:/XDK-Workbench/workspace/EyesOnTheRoad/StreamSensorDataOverUsb/debug/objects/SendBLE.o
 .text.bleAppServiceRegister
                0x00011310       0x34 C:/XDK-Workbench/workspace/EyesOnTheRoad/StreamSensorDataOverUsb/debug/objects/SendBLE.o
 .text.callbackIsr
                0x00011344       0x90 C:/XDK-Workbench/workspace/EyesOnTheRoad/StreamSensorDataOverUsb/debug/objects/SendBLE.o
                0x00011344                callbackIsr
 .text.bleInit  0x000113d4      0x20c C:/XDK-Workbench/workspace/EyesOnTheRoad/StreamSensorDataOverUsb/debug/objects/SendBLE.o
                0x000113d4                bleInit
 .text          0x000115e0       0x98 C:/XDK-Workbench/workspace/EyesOnTheRoad/StreamSensorDataOverUsb/debug/objects/startup_efm32gg.o
                0x000115e0                Reset_Handler
                0x00011614                Default_Handler
                0x00011616                NMI_Handler
                0x00011618                HardFault_Handler
                0x0001161a                MemManage_Handler
                0x0001161c                BusFault_Handler
                0x0001161e                UsageFault_Handler
                0x00011622                DebugMon_Handler
                0x00011626                SysTick_Handler
                0x00011628                DMA_IRQHandler
                0x00011632                ACMP0_IRQHandler
                0x00011636                ADC0_IRQHandler
                0x00011638                DAC0_IRQHandler
                0x00011640                TIMER1_IRQHandler
                0x00011642                TIMER2_IRQHandler
                0x00011644                TIMER3_IRQHandler
                0x0001164a                LESENSE_IRQHandler
                0x0001165c                LETIMER0_IRQHandler
                0x0001165e                PCNT0_IRQHandler
                0x00011660                PCNT1_IRQHandler
                0x00011662                PCNT2_IRQHandler
                0x00011666                BURTC_IRQHandler
                0x00011668                CMU_IRQHandler
                0x0001166a                VCMP_IRQHandler
                0x0001166c                LCD_IRQHandler
                0x0001166e                MSC_IRQHandler
                0x00011670                AES_IRQHandler
                0x00011672                EBI_IRQHandler
                0x00011674                EMU_IRQHandler
 .text.GPIO_PinOutClear
                0x00011678       0x4c ./../Platform/BLE/debug/libBLE_efm32_debug.a(BLE_serialDriver_cc.o)
 .text.GPIO_PinOutSet
                0x000116c4       0x4c ./../Platform/BLE/debug/libBLE_efm32_debug.a(BLE_serialDriver_cc.o)
 .text.bleHciPtdConfig
                0x00011710       0x88 ./../Platform/BLE/debug/libBLE_efm32_debug.a(BLE_serialDriver_cc.o)
 .text.BLE_hciDriverInit
                0x00011798       0x40 ./../Platform/BLE/debug/libBLE_efm32_debug.a(BLE_serialDriver_cc.o)
                0x00011798                BLE_hciDriverInit
 .text.BLE_hciDriverDeinit
                0x000117d8       0x24 ./../Platform/BLE/debug/libBLE_efm32_debug.a(BLE_serialDriver_cc.o)
                0x000117d8                BLE_hciDriverDeinit
 .text.BLE_hciReceiveData
                0x000117fc       0x5c ./../Platform/BLE/debug/libBLE_efm32_debug.a(BLE_serialDriver_cc.o)
                0x000117fc                BLE_hciReceiveData
 .text.BLE_hciAssertWakeupPin
                0x00011858       0x14 ./../Platform/BLE/debug/libBLE_efm32_debug.a(BLE_serialDriver_cc.o)
                0x00011858                BLE_hciAssertWakeupPin
 .text.BLE_hciDeassertWakeupPin
                0x0001186c       0x14 ./../Platform/BLE/debug/libBLE_efm32_debug.a(BLE_serialDriver_cc.o)
                0x0001186c                BLE_hciDeassertWakeupPin
 .text.BLE_hciSendData
                0x00011880       0x3c ./../Platform/BLE/debug/libBLE_efm32_debug.a(BLE_serialDriver_cc.o)
                0x00011880                BLE_hciSendData
 .text.bleCoreCallback
                0x000118bc      0x224 ./../Platform/BLE/debug/libBLE_efm32_debug.a(BLE_stateHandler_cc.o)
 .text.bleGapCallback
                0x00011ae0      0x1e0 ./../Platform/BLE/debug/libBLE_efm32_debug.a(BLE_stateHandler_cc.o)
 .text.bleSetNonConnectableState
                0x00011cc0       0x40 ./../Platform/BLE/debug/libBLE_efm32_debug.a(BLE_stateHandler_cc.o)
 .text.BLE_coreStackInit
                0x00011d00       0x60 ./../Platform/BLE/debug/libBLE_efm32_debug.a(BLE_stateHandler_cc.o)
                0x00011d00                BLE_coreStackInit
 .text.BLEMGMT_NotifyToRun
                0x00011d60       0x24 ./../Platform/BLE/debug/libBLE_efm32_debug.a(BLE_stateHandler_cc.o)
                0x00011d60                BLEMGMT_NotifyToRun
 .text.BLE_coreStateMachine
                0x00011d84      0x308 ./../Platform/BLE/debug/libBLE_efm32_debug.a(BLE_stateHandler_cc.o)
                0x00011d84                BLE_coreStateMachine
 .text.BLE_setDeviceToSleep
                0x0001208c       0x6c ./../Platform/BLE/debug/libBLE_efm32_debug.a(BLE_stateHandler_cc.o)
                0x0001208c                BLE_setDeviceToSleep
 .text.BLE_customServiceRegistry
                0x000120f8       0x34 ./../Platform/BLE/debug/libBLE_efm32_debug.a(BLE_stateHandler_cc.o)
                0x000120f8                BLE_customServiceRegistry
 .text.BLE_setMode
                0x0001212c      0x104 ./../Platform/BLE/debug/libBLE_efm32_debug.a(BLE_stateHandler_cc.o)
                0x0001212c                BLE_setMode
 .text.BLE_getMode
                0x00012230       0xa4 ./../Platform/BLE/debug/libBLE_efm32_debug.a(BLE_stateHandler_cc.o)
                0x00012230                BLE_getMode
 .text.BLE_setDeviceName
                0x000122d4       0x6c ./../Platform/BLE/debug/libBLE_efm32_debug.a(BLE_stateHandler_cc.o)
                0x000122d4                BLE_setDeviceName
 .text.BLE_enablenotificationForConnect
                0x00012340       0x48 ./../Platform/BLE/debug/libBLE_efm32_debug.a(BLE_stateHandler_cc.o)
                0x00012340                BLE_enablenotificationForConnect
 .text.SendCommand
                0x00012388      0x168 ./../Platform/BLE/debug/libBLE_efm32_debug.a(BLE_radioInterface_cc.o)
 .text.BLE_checkAddressValidity
                0x000124f0       0x3c ./../Platform/BLE/debug/libBLE_efm32_debug.a(BLE_radioInterface_cc.o)
 .text.BLERADIO_Init
                0x0001252c       0x44 ./../Platform/BLE/debug/libBLE_efm32_debug.a(BLE_radioInterface_cc.o)
                0x0001252c                BLERADIO_Init
 .text.BLERADIO_HCIEventHandler
                0x00012570      0x234 ./../Platform/BLE/debug/libBLE_efm32_debug.a(BLE_radioInterface_cc.o)
                0x00012570                BLERADIO_HCIEventHandler
 .text.BLERADIO_SetPublicAddress
                0x000127a4       0x44 ./../Platform/BLE/debug/libBLE_efm32_debug.a(BLE_radioInterface_cc.o)
                0x000127a4                BLERADIO_SetPublicAddress
 .text.BLERADIO_RegisterGetPublicAddressCallback
                0x000127e8       0x34 ./../Platform/BLE/debug/libBLE_efm32_debug.a(BLE_radioInterface_cc.o)
                0x000127e8                BLERADIO_RegisterGetPublicAddressCallback
 .text.BLERADIO_IsPublicAddressValid
                0x0001281c       0x18 ./../Platform/BLE/debug/libBLE_efm32_debug.a(BLE_radioInterface_cc.o)
                0x0001281c                BLERADIO_IsPublicAddressValid
 .text.xQueueGenericReset
                0x00012834       0xc8 ./../Libraries/FreeRTOS/FreeRTOS/../BCDS_Customization/debug/libFreeRTOS_efm32_debug.a(queue.o)
                0x00012834                xQueueGenericReset
 .text.xQueueGenericCreate
                0x000128fc       0x90 ./../Libraries/FreeRTOS/FreeRTOS/../BCDS_Customization/debug/libFreeRTOS_efm32_debug.a(queue.o)
                0x000128fc                xQueueGenericCreate
 .text.xQueueCreateMutex
                0x0001298c       0xb0 ./../Libraries/FreeRTOS/FreeRTOS/../BCDS_Customization/debug/libFreeRTOS_efm32_debug.a(queue.o)
                0x0001298c                xQueueCreateMutex
 .text.xQueueGenericSend
                0x00012a3c      0x19c ./../Libraries/FreeRTOS/FreeRTOS/../BCDS_Customization/debug/libFreeRTOS_efm32_debug.a(queue.o)
                0x00012a3c                xQueueGenericSend
 .text.xQueueGenericSendFromISR
                0x00012bd8       0xec ./../Libraries/FreeRTOS/FreeRTOS/../BCDS_Customization/debug/libFreeRTOS_efm32_debug.a(queue.o)
                0x00012bd8                xQueueGenericSendFromISR
 .text.xQueueGenericReceive
                0x00012cc4      0x1e0 ./../Libraries/FreeRTOS/FreeRTOS/../BCDS_Customization/debug/libFreeRTOS_efm32_debug.a(queue.o)
                0x00012cc4                xQueueGenericReceive
 .text.xQueueReceiveFromISR
                0x00012ea4       0xcc ./../Libraries/FreeRTOS/FreeRTOS/../BCDS_Customization/debug/libFreeRTOS_efm32_debug.a(queue.o)
                0x00012ea4                xQueueReceiveFromISR
 .text.prvCopyDataToQueue
                0x00012f70       0xdc ./../Libraries/FreeRTOS/FreeRTOS/../BCDS_Customization/debug/libFreeRTOS_efm32_debug.a(queue.o)
 .text.prvCopyDataFromQueue
                0x0001304c       0x50 ./../Libraries/FreeRTOS/FreeRTOS/../BCDS_Customization/debug/libFreeRTOS_efm32_debug.a(queue.o)
 .text.prvUnlockQueue
                0x0001309c       0xa0 ./../Libraries/FreeRTOS/FreeRTOS/../BCDS_Customization/debug/libFreeRTOS_efm32_debug.a(queue.o)
 .text.prvIsQueueEmpty
                0x0001313c       0x34 ./../Libraries/FreeRTOS/FreeRTOS/../BCDS_Customization/debug/libFreeRTOS_efm32_debug.a(queue.o)
 .text.prvIsQueueFull
                0x00013170       0x38 ./../Libraries/FreeRTOS/FreeRTOS/../BCDS_Customization/debug/libFreeRTOS_efm32_debug.a(queue.o)
 .text.vQueueAddToRegistry
                0x000131a8       0x64 ./../Libraries/FreeRTOS/FreeRTOS/../BCDS_Customization/debug/libFreeRTOS_efm32_debug.a(queue.o)
                0x000131a8                vQueueAddToRegistry
 .text.vQueueWaitForMessageRestricted
                0x0001320c       0x60 ./../Libraries/FreeRTOS/FreeRTOS/../BCDS_Customization/debug/libFreeRTOS_efm32_debug.a(queue.o)
                0x0001320c                vQueueWaitForMessageRestricted
 .text.xTaskGenericCreate
                0x0001326c      0x1d0 ./../Libraries/FreeRTOS/FreeRTOS/../BCDS_Customization/debug/libFreeRTOS_efm32_debug.a(tasks.o)
                0x0001326c                xTaskGenericCreate
 .text.vTaskDelay
                0x0001343c       0x78 ./../Libraries/FreeRTOS/FreeRTOS/../BCDS_Customization/debug/libFreeRTOS_efm32_debug.a(tasks.o)
                0x0001343c                vTaskDelay
 .text.vTaskStartScheduler
                0x000134b4       0x94 ./../Libraries/FreeRTOS/FreeRTOS/../BCDS_Customization/debug/libFreeRTOS_efm32_debug.a(tasks.o)
                0x000134b4                vTaskStartScheduler
 .text.vTaskSuspendAll
                0x00013548       0x24 ./../Libraries/FreeRTOS/FreeRTOS/../BCDS_Customization/debug/libFreeRTOS_efm32_debug.a(tasks.o)
                0x00013548                vTaskSuspendAll
 .text.xTaskResumeAll
                0x0001356c      0x17c ./../Libraries/FreeRTOS/FreeRTOS/../BCDS_Customization/debug/libFreeRTOS_efm32_debug.a(tasks.o)
                0x0001356c                xTaskResumeAll
 .text.xTaskGetTickCount
                0x000136e8       0x28 ./../Libraries/FreeRTOS/FreeRTOS/../BCDS_Customization/debug/libFreeRTOS_efm32_debug.a(tasks.o)
                0x000136e8                xTaskGetTickCount
 .text.xTaskIncrementTick
                0x00013710      0x208 ./../Libraries/FreeRTOS/FreeRTOS/../BCDS_Customization/debug/libFreeRTOS_efm32_debug.a(tasks.o)
                0x00013710                xTaskIncrementTick
 .text.vTaskSwitchContext
                0x00013918      0x16c ./../Libraries/FreeRTOS/FreeRTOS/../BCDS_Customization/debug/libFreeRTOS_efm32_debug.a(tasks.o)
                0x00013918                vTaskSwitchContext
 .text.vTaskPlaceOnEventList
                0x00013a84       0x90 ./../Libraries/FreeRTOS/FreeRTOS/../BCDS_Customization/debug/libFreeRTOS_efm32_debug.a(tasks.o)
                0x00013a84                vTaskPlaceOnEventList
 .text.vTaskPlaceOnEventListRestricted
                0x00013b14       0x68 ./../Libraries/FreeRTOS/FreeRTOS/../BCDS_Customization/debug/libFreeRTOS_efm32_debug.a(tasks.o)
                0x00013b14                vTaskPlaceOnEventListRestricted
 .text.xTaskRemoveFromEventList
                0x00013b7c       0xe8 ./../Libraries/FreeRTOS/FreeRTOS/../BCDS_Customization/debug/libFreeRTOS_efm32_debug.a(tasks.o)
                0x00013b7c                xTaskRemoveFromEventList
 .text.vTaskSetTimeOutState
                0x00013c64       0x44 ./../Libraries/FreeRTOS/FreeRTOS/../BCDS_Customization/debug/libFreeRTOS_efm32_debug.a(tasks.o)
                0x00013c64                vTaskSetTimeOutState
 .text.xTaskCheckForTimeOut
                0x00013ca8       0xc4 ./../Libraries/FreeRTOS/FreeRTOS/../BCDS_Customization/debug/libFreeRTOS_efm32_debug.a(tasks.o)
                0x00013ca8                xTaskCheckForTimeOut
 .text.vTaskMissedYield
                0x00013d6c       0x18 ./../Libraries/FreeRTOS/FreeRTOS/../BCDS_Customization/debug/libFreeRTOS_efm32_debug.a(tasks.o)
                0x00013d6c                vTaskMissedYield
 .text.prvIdleTask
                0x00013d84       0x10 ./../Libraries/FreeRTOS/FreeRTOS/../BCDS_Customization/debug/libFreeRTOS_efm32_debug.a(tasks.o)
 .text.prvInitialiseTCBVariables
                0x00013d94       0xa0 ./../Libraries/FreeRTOS/FreeRTOS/../BCDS_Customization/debug/libFreeRTOS_efm32_debug.a(tasks.o)
 .text.prvInitialiseTaskLists
                0x00013e34       0xa4 ./../Libraries/FreeRTOS/FreeRTOS/../BCDS_Customization/debug/libFreeRTOS_efm32_debug.a(tasks.o)
 .text.prvCheckTasksWaitingTermination
                0x00013ed8       0x9c ./../Libraries/FreeRTOS/FreeRTOS/../BCDS_Customization/debug/libFreeRTOS_efm32_debug.a(tasks.o)
 .text.prvAddCurrentTaskToDelayedList
                0x00013f74       0x8c ./../Libraries/FreeRTOS/FreeRTOS/../BCDS_Customization/debug/libFreeRTOS_efm32_debug.a(tasks.o)
 .text.prvAllocateTCBAndStack
                0x00014000       0x70 ./../Libraries/FreeRTOS/FreeRTOS/../BCDS_Customization/debug/libFreeRTOS_efm32_debug.a(tasks.o)
 .text.prvDeleteTCB
                0x00014070       0x20 ./../Libraries/FreeRTOS/FreeRTOS/../BCDS_Customization/debug/libFreeRTOS_efm32_debug.a(tasks.o)
 .text.prvResetNextTaskUnblockTime
                0x00014090       0x5c ./../Libraries/FreeRTOS/FreeRTOS/../BCDS_Customization/debug/libFreeRTOS_efm32_debug.a(tasks.o)
 .text.xTaskGetCurrentTaskHandle
                0x000140ec       0x20 ./../Libraries/FreeRTOS/FreeRTOS/../BCDS_Customization/debug/libFreeRTOS_efm32_debug.a(tasks.o)
                0x000140ec                xTaskGetCurrentTaskHandle
 .text.xTaskGetSchedulerState
                0x0001410c       0x48 ./../Libraries/FreeRTOS/FreeRTOS/../BCDS_Customization/debug/libFreeRTOS_efm32_debug.a(tasks.o)
                0x0001410c                xTaskGetSchedulerState
 .text.vTaskPriorityInherit
                0x00014154       0xf0 ./../Libraries/FreeRTOS/FreeRTOS/../BCDS_Customization/debug/libFreeRTOS_efm32_debug.a(tasks.o)
                0x00014154                vTaskPriorityInherit
 .text.vTaskPriorityDisinherit
                0x00014244       0x98 ./../Libraries/FreeRTOS/FreeRTOS/../BCDS_Customization/debug/libFreeRTOS_efm32_debug.a(tasks.o)
                0x00014244                vTaskPriorityDisinherit
 .text.xTimerCreateTimerTask
                0x000142dc       0x78 ./../Libraries/FreeRTOS/FreeRTOS/../BCDS_Customization/debug/libFreeRTOS_efm32_debug.a(timers.o)
                0x000142dc                xTimerCreateTimerTask
 .text.xTimerCreate
                0x00014354       0x7c ./../Libraries/FreeRTOS/FreeRTOS/../BCDS_Customization/debug/libFreeRTOS_efm32_debug.a(timers.o)
                0x00014354                xTimerCreate
 .text.xTimerGenericCommand
                0x000143d0       0xac ./../Libraries/FreeRTOS/FreeRTOS/../BCDS_Customization/debug/libFreeRTOS_efm32_debug.a(timers.o)
                0x000143d0                xTimerGenericCommand
 .text.prvProcessExpiredTimer
                0x0001447c       0x88 ./../Libraries/FreeRTOS/FreeRTOS/../BCDS_Customization/debug/libFreeRTOS_efm32_debug.a(timers.o)
 .text.prvTimerTask
                0x00014504       0x24 ./../Libraries/FreeRTOS/FreeRTOS/../BCDS_Customization/debug/libFreeRTOS_efm32_debug.a(timers.o)
 .text.prvProcessTimerOrBlockTask
                0x00014528       0x74 ./../Libraries/FreeRTOS/FreeRTOS/../BCDS_Customization/debug/libFreeRTOS_efm32_debug.a(timers.o)
 .text.prvGetNextExpireTime
                0x0001459c       0x54 ./../Libraries/FreeRTOS/FreeRTOS/../BCDS_Customization/debug/libFreeRTOS_efm32_debug.a(timers.o)
 .text.prvSampleTimeNow
                0x000145f0       0x4c ./../Libraries/FreeRTOS/FreeRTOS/../BCDS_Customization/debug/libFreeRTOS_efm32_debug.a(timers.o)
 .text.prvInsertTimerInActiveList
                0x0001463c       0x94 ./../Libraries/FreeRTOS/FreeRTOS/../BCDS_Customization/debug/libFreeRTOS_efm32_debug.a(timers.o)
 .text.prvProcessReceivedCommands
                0x000146d0      0x174 ./../Libraries/FreeRTOS/FreeRTOS/../BCDS_Customization/debug/libFreeRTOS_efm32_debug.a(timers.o)
 .text.prvSwitchTimerLists
                0x00014844       0xf0 ./../Libraries/FreeRTOS/FreeRTOS/../BCDS_Customization/debug/libFreeRTOS_efm32_debug.a(timers.o)
 .text.prvCheckForValidListAndQueue
                0x00014934       0xb8 ./../Libraries/FreeRTOS/FreeRTOS/../BCDS_Customization/debug/libFreeRTOS_efm32_debug.a(timers.o)
 .text.xTimerPendFunctionCallFromISR
                0x000149ec       0x4c ./../Libraries/FreeRTOS/FreeRTOS/../BCDS_Customization/debug/libFreeRTOS_efm32_debug.a(timers.o)
                0x000149ec                xTimerPendFunctionCallFromISR
 .text.pvPortMalloc
                0x00014a38      0x188 ./../Libraries/FreeRTOS/FreeRTOS/../BCDS_Customization/debug/libFreeRTOS_efm32_debug.a(heap_4.o)
                0x00014a38                pvPortMalloc
 .text.vPortFree
                0x00014bc0       0xcc ./../Libraries/FreeRTOS/FreeRTOS/../BCDS_Customization/debug/libFreeRTOS_efm32_debug.a(heap_4.o)
                0x00014bc0                vPortFree
 .text.prvHeapInit
                0x00014c8c      0x100 ./../Libraries/FreeRTOS/FreeRTOS/../BCDS_Customization/debug/libFreeRTOS_efm32_debug.a(heap_4.o)
 .text.prvInsertBlockIntoFreeList
                0x00014d8c       0xbc ./../Libraries/FreeRTOS/FreeRTOS/../BCDS_Customization/debug/libFreeRTOS_efm32_debug.a(heap_4.o)
 .text.pxPortInitialiseStack
                0x00014e48       0x64 ./../Libraries/FreeRTOS/FreeRTOS/../BCDS_Customization/debug/libFreeRTOS_efm32_debug.a(port.o)
                0x00014e48                pxPortInitialiseStack
 .text.prvTaskExitError
                0x00014eac       0x2c ./../Libraries/FreeRTOS/FreeRTOS/../BCDS_Customization/debug/libFreeRTOS_efm32_debug.a(port.o)
 .text.SVC_Handler
                0x00014ed8       0x24 ./../Libraries/FreeRTOS/FreeRTOS/../BCDS_Customization/debug/libFreeRTOS_efm32_debug.a(port.o)
                0x00014ed8                SVC_Handler
 .text.prvPortStartFirstTask
                0x00014efc       0x1c ./../Libraries/FreeRTOS/FreeRTOS/../BCDS_Customization/debug/libFreeRTOS_efm32_debug.a(port.o)
 .text.xPortStartScheduler
                0x00014f18      0x10c ./../Libraries/FreeRTOS/FreeRTOS/../BCDS_Customization/debug/libFreeRTOS_efm32_debug.a(port.o)
                0x00014f18                xPortStartScheduler
 .text.vPortYield
                0x00015024       0x20 ./../Libraries/FreeRTOS/FreeRTOS/../BCDS_Customization/debug/libFreeRTOS_efm32_debug.a(port.o)
                0x00015024                vPortYield
 .text.vPortEnterCritical
                0x00015044       0x2c ./../Libraries/FreeRTOS/FreeRTOS/../BCDS_Customization/debug/libFreeRTOS_efm32_debug.a(port.o)
                0x00015044                vPortEnterCritical
 .text.vPortExitCritical
                0x00015070       0x54 ./../Libraries/FreeRTOS/FreeRTOS/../BCDS_Customization/debug/libFreeRTOS_efm32_debug.a(port.o)
                0x00015070                vPortExitCritical
 .text.ulPortSetInterruptMask
                0x000150c4       0x14 ./../Libraries/FreeRTOS/FreeRTOS/../BCDS_Customization/debug/libFreeRTOS_efm32_debug.a(port.o)
                0x000150c4                ulPortSetInterruptMask
 .text.vPortClearInterruptMask
                0x000150d8        0x8 ./../Libraries/FreeRTOS/FreeRTOS/../BCDS_Customization/debug/libFreeRTOS_efm32_debug.a(port.o)
                0x000150d8                vPortClearInterruptMask
 .text.PendSV_Handler
                0x000150e0       0x44 ./../Libraries/FreeRTOS/FreeRTOS/../BCDS_Customization/debug/libFreeRTOS_efm32_debug.a(port.o)
                0x000150e0                PendSV_Handler
 .text.vPortValidateInterruptPriority
                0x00015124       0x78 ./../Libraries/FreeRTOS/FreeRTOS/../BCDS_Customization/debug/libFreeRTOS_efm32_debug.a(port.o)
                0x00015124                vPortValidateInterruptPriority
 .text.vListInitialise
                0x0001519c       0x40 ./../Libraries/FreeRTOS/FreeRTOS/../BCDS_Customization/debug/libFreeRTOS_efm32_debug.a(list.o)
                0x0001519c                vListInitialise
 .text.vListInitialiseItem
                0x000151dc       0x1c ./../Libraries/FreeRTOS/FreeRTOS/../BCDS_Customization/debug/libFreeRTOS_efm32_debug.a(list.o)
                0x000151dc                vListInitialiseItem
 .text.vListInsertEnd
                0x000151f8       0x48 ./../Libraries/FreeRTOS/FreeRTOS/../BCDS_Customization/debug/libFreeRTOS_efm32_debug.a(list.o)
                0x000151f8                vListInsertEnd
 .text.vListInsert
                0x00015240       0x74 ./../Libraries/FreeRTOS/FreeRTOS/../BCDS_Customization/debug/libFreeRTOS_efm32_debug.a(list.o)
                0x00015240                vListInsert
 .text.uxListRemove
                0x000152b4       0x58 ./../Libraries/FreeRTOS/FreeRTOS/../BCDS_Customization/debug/libFreeRTOS_efm32_debug.a(list.o)
                0x000152b4                uxListRemove
 .text.I2C_init
                0x0001530c      0x100 ./../Platform/Peripherals/debug/libPeripherals_efm32_debug.a(I2C_cc.o)
                0x0001530c                I2C_init
 .text.I2C_i2cDecodeCallbackFunction
                0x0001540c      0x1b8 ./../Platform/Peripherals/debug/libPeripherals_efm32_debug.a(I2C_cc.o)
                0x0001540c                I2C_i2cDecodeCallbackFunction
 .text.SID_init
                0x000155c4       0xc4 ./../Platform/Peripherals/debug/libPeripherals_efm32_debug.a(SID_serialDriverInf_cc.o)
                0x000155c4                SID_init
 .text.NVIC_EnableIRQ
                0x00015688       0x38 ./../Platform/Peripherals/debug/libPeripherals_efm32_debug.a(I2C_efm32Driver_cc.o)
 .text.NVIC_ClearPendingIRQ
                0x000156c0       0x3c ./../Platform/Peripherals/debug/libPeripherals_efm32_debug.a(I2C_efm32Driver_cc.o)
 .text.I2C_initCtrSpecific
                0x000156fc      0x114 ./../Platform/Peripherals/debug/libPeripherals_efm32_debug.a(I2C_efm32Driver_cc.o)
                0x000156fc                I2C_initCtrSpecific
 .text.I2C_startTransfer
                0x00015810       0xac ./../Platform/Peripherals/debug/libPeripherals_efm32_debug.a(I2C_efm32Driver_cc.o)
                0x00015810                I2C_startTransfer
 .text.I2C0_IRQHandler
                0x000158bc      0x3b4 ./../Platform/Peripherals/debug/libPeripherals_efm32_debug.a(I2C_efm32Driver_cc.o)
                0x000158bc                I2C0_IRQHandler
 .text.I2C1_IRQHandler
                0x00015c70      0x3b4 ./../Platform/Peripherals/debug/libPeripherals_efm32_debug.a(I2C_efm32Driver_cc.o)
                0x00015c70                I2C1_IRQHandler
 .text.I2C_triggerNextI2CTransfer
                0x00016024      0x138 ./../Platform/Peripherals/debug/libPeripherals_efm32_debug.a(I2C_efm32Driver_cc.o)
                0x00016024                I2C_triggerNextI2CTransfer
 .text.NVIC_EnableIRQ
                0x0001615c       0x38 ./../Platform/Peripherals/debug/libPeripherals_efm32_debug.a(PTD_portDriver_cc.o)
 .text.NVIC_ClearPendingIRQ
                0x00016194       0x3c ./../Platform/Peripherals/debug/libPeripherals_efm32_debug.a(PTD_portDriver_cc.o)
 .text.GPIO_IntClear
                0x000161d0       0x20 ./../Platform/Peripherals/debug/libPeripherals_efm32_debug.a(PTD_portDriver_cc.o)
 .text.PTD_portInit
                0x000161f0       0x18 ./../Platform/Peripherals/debug/libPeripherals_efm32_debug.a(PTD_portDriver_cc.o)
                0x000161f0                PTD_portInit
 .text.PTD_portInteruptConfig
                0x00016208       0x28 ./../Platform/Peripherals/debug/libPeripherals_efm32_debug.a(PTD_portDriver_cc.o)
                0x00016208                PTD_portInteruptConfig
 .text.PTD_setInterruptPinCount
                0x00016230       0xf0 ./../Platform/Peripherals/debug/libPeripherals_efm32_debug.a(PTD_portDriver_cc.o)
                0x00016230                PTD_setInterruptPinCount
 .text.GPIO_ODD_IRQHandler
                0x00016320       0x98 ./../Platform/Peripherals/debug/libPeripherals_efm32_debug.a(PTD_portDriver_cc.o)
                0x00016320                GPIO_ODD_IRQHandler
 .text.GPIO_EVEN_IRQHandler
                0x000163b8       0x98 ./../Platform/Peripherals/debug/libPeripherals_efm32_debug.a(PTD_portDriver_cc.o)
                0x000163b8                GPIO_EVEN_IRQHandler
 .text.NVIC_EnableIRQ
                0x00016450       0x38 ./../Platform/Peripherals/debug/libPeripherals_efm32_debug.a(SER_serialDriver_cc.o)
 .text.NVIC_ClearPendingIRQ
                0x00016488       0x3c ./../Platform/Peripherals/debug/libPeripherals_efm32_debug.a(SER_serialDriver_cc.o)
 .text.INT_Disable
                0x000164c4       0x40 ./../Platform/Peripherals/debug/libPeripherals_efm32_debug.a(SER_serialDriver_cc.o)
 .text.INT_Enable
                0x00016504       0x54 ./../Platform/Peripherals/debug/libPeripherals_efm32_debug.a(SER_serialDriver_cc.o)
 .text.SER_callbackMapping
                0x00016558       0x50 ./../Platform/Peripherals/debug/libPeripherals_efm32_debug.a(SER_serialDriver_cc.o)
 .text.SER_initLeuart
                0x000165a8      0x19c ./../Platform/Peripherals/debug/libPeripherals_efm32_debug.a(SER_serialDriver_cc.o)
 .text.SER_initUsart
                0x00016744      0x25c ./../Platform/Peripherals/debug/libPeripherals_efm32_debug.a(SER_serialDriver_cc.o)
 .text.SER_initUart
                0x000169a0      0x224 ./../Platform/Peripherals/debug/libPeripherals_efm32_debug.a(SER_serialDriver_cc.o)
 .text.SER_serialDisable
                0x00016bc4       0x84 ./../Platform/Peripherals/debug/libPeripherals_efm32_debug.a(SER_serialDriver_cc.o)
                0x00016bc4                SER_serialDisable
 .text.SER_serialInit
                0x00016c48      0x100 ./../Platform/Peripherals/debug/libPeripherals_efm32_debug.a(SER_serialDriver_cc.o)
                0x00016c48                SER_serialInit
 .text.SER_serialWrite
                0x00016d48      0x124 ./../Platform/Peripherals/debug/libPeripherals_efm32_debug.a(SER_serialDriver_cc.o)
                0x00016d48                SER_serialWrite
 .text.SER_serialRead
                0x00016e6c       0x88 ./../Platform/Peripherals/debug/libPeripherals_efm32_debug.a(SER_serialDriver_cc.o)
                0x00016e6c                SER_serialRead
 .text.LEUART0_IRQHandler
                0x00016ef4      0x150 ./../Platform/Peripherals/debug/libPeripherals_efm32_debug.a(SER_serialDriver_cc.o)
                0x00016ef4                LEUART0_IRQHandler
 .text.LEUART1_IRQHandler
                0x00017044      0x148 ./../Platform/Peripherals/debug/libPeripherals_efm32_debug.a(SER_serialDriver_cc.o)
                0x00017044                LEUART1_IRQHandler
 .text.USART0_TX_IRQHandler
                0x0001718c       0xac ./../Platform/Peripherals/debug/libPeripherals_efm32_debug.a(SER_serialDriver_cc.o)
                0x0001718c                USART0_TX_IRQHandler
 .text.USART0_RX_IRQHandler
                0x00017238       0xa0 ./../Platform/Peripherals/debug/libPeripherals_efm32_debug.a(SER_serialDriver_cc.o)
                0x00017238                USART0_RX_IRQHandler
 .text.USART1_TX_IRQHandler
                0x000172d8       0xa8 ./../Platform/Peripherals/debug/libPeripherals_efm32_debug.a(SER_serialDriver_cc.o)
                0x000172d8                USART1_TX_IRQHandler
 .text.USART1_RX_IRQHandler
                0x00017380       0xa4 ./../Platform/Peripherals/debug/libPeripherals_efm32_debug.a(SER_serialDriver_cc.o)
                0x00017380                USART1_RX_IRQHandler
 .text.USART2_TX_IRQHandler
                0x00017424       0xa8 ./../Platform/Peripherals/debug/libPeripherals_efm32_debug.a(SER_serialDriver_cc.o)
                0x00017424                USART2_TX_IRQHandler
 .text.USART2_RX_IRQHandler
                0x000174cc       0xa0 ./../Platform/Peripherals/debug/libPeripherals_efm32_debug.a(SER_serialDriver_cc.o)
                0x000174cc                USART2_RX_IRQHandler
 .text.UART0_TX_IRQHandler
                0x0001756c       0x94 ./../Platform/Peripherals/debug/libPeripherals_efm32_debug.a(SER_serialDriver_cc.o)
                0x0001756c                UART0_TX_IRQHandler
 .text.UART0_RX_IRQHandler
                0x00017600       0xa0 ./../Platform/Peripherals/debug/libPeripherals_efm32_debug.a(SER_serialDriver_cc.o)
                0x00017600                UART0_RX_IRQHandler
 .text.UART1_TX_IRQHandler
                0x000176a0       0x8c ./../Platform/Peripherals/debug/libPeripherals_efm32_debug.a(SER_serialDriver_cc.o)
                0x000176a0                UART1_TX_IRQHandler
 .text.UART1_RX_IRQHandler
                0x0001772c       0xa0 ./../Platform/Peripherals/debug/libPeripherals_efm32_debug.a(SER_serialDriver_cc.o)
                0x0001772c                UART1_RX_IRQHandler
 .text.USB_setSerialNumber
                0x000177cc       0x7c ./../Platform/Peripherals/debug/libPeripherals_efm32_debug.a(USB_cc.o)
 .text.USB_dataReceivedCallback
                0x00017848       0x98 ./../Platform/Peripherals/debug/libPeripherals_efm32_debug.a(USB_cc.o)
 .text.USB_dataTransferred
                0x000178e0       0x4c ./../Platform/Peripherals/debug/libPeripherals_efm32_debug.a(USB_cc.o)
 .text.USB_stateChange
                0x0001792c       0x58 ./../Platform/Peripherals/debug/libPeripherals_efm32_debug.a(USB_cc.o)
                0x0001792c                USB_stateChange
 .text.USB_setupCommand
                0x00017984      0x108 ./../Platform/Peripherals/debug/libPeripherals_efm32_debug.a(USB_cc.o)
                0x00017984                USB_setupCommand
 .text.USB_init
                0x00017a8c       0xd0 ./../Platform/Peripherals/debug/libPeripherals_efm32_debug.a(USB_cc.o)
                0x00017a8c                USB_init
 .text.USB_receiveByte
                0x00017b5c       0xa0 ./../Platform/Peripherals/debug/libPeripherals_efm32_debug.a(USB_cc.o)
                0x00017b5c                USB_receiveByte
 .text.RETARGET_WriteChar
                0x00017bfc       0x2c ./../Platform/Peripherals/debug/libPeripherals_efm32_debug.a(USB_cc.o)
                0x00017bfc                RETARGET_WriteChar
 .text.USB_transmitData
                0x00017c28       0xc4 ./../Platform/Peripherals/debug/libPeripherals_efm32_debug.a(USB_cc.o)
                0x00017c28                USB_transmitData
 .text.RETARGET_ReadChar
                0x00017cec       0x24 ./../Platform/Peripherals/debug/libPeripherals_efm32_debug.a(USB_cc.o)
                0x00017cec                RETARGET_ReadChar
 .text.USB_callBackMapping
                0x00017d10       0x38 ./../Platform/Peripherals/debug/libPeripherals_efm32_debug.a(USB_cc.o)
                0x00017d10                USB_callBackMapping
 .text.BITBAND_Peripheral
                0x00017d48       0x30 ./../Libraries/EMlib/EMLib/../BCDS_Customization/debug/libEMLib_efm32_debug.a(em_cmu.o)
 .text.CMU_MaxFreqHfle
                0x00017d78       0xb8 ./../Libraries/EMlib/EMLib/../BCDS_Customization/debug/libEMLib_efm32_debug.a(em_cmu.o)
 .text.CMU_FlashWaitStateMax
                0x00017e30       0x68 ./../Libraries/EMlib/EMLib/../BCDS_Customization/debug/libEMLib_efm32_debug.a(em_cmu.o)
 .text.CMU_DivToLog2
                0x00017e98       0x38 ./../Libraries/EMlib/EMLib/../BCDS_Customization/debug/libEMLib_efm32_debug.a(em_cmu.o)
 .text.CMU_FlashWaitStateControl
                0x00017ed0       0xf4 ./../Libraries/EMlib/EMLib/../BCDS_Customization/debug/libEMLib_efm32_debug.a(em_cmu.o)
 .text.CMU_USBCClkGet
                0x00017fc4       0x50 ./../Libraries/EMlib/EMLib/../BCDS_Customization/debug/libEMLib_efm32_debug.a(em_cmu.o)
 .text.CMU_AUXClkGet
                0x00018014       0x9c ./../Libraries/EMlib/EMLib/../BCDS_Customization/debug/libEMLib_efm32_debug.a(em_cmu.o)
 .text.CMU_DBGClkGet
                0x000180b0       0x64 ./../Libraries/EMlib/EMLib/../BCDS_Customization/debug/libEMLib_efm32_debug.a(em_cmu.o)
 .text.CMU_LFClkGet
                0x00018114       0xd4 ./../Libraries/EMlib/EMLib/../BCDS_Customization/debug/libEMLib_efm32_debug.a(em_cmu.o)
 .text.CMU_Sync
                0x000181e8       0x3c ./../Libraries/EMlib/EMLib/../BCDS_Customization/debug/libEMLib_efm32_debug.a(em_cmu.o)
 .text.CMU_ClockDivSet
                0x00018224      0x298 ./../Libraries/EMlib/EMLib/../BCDS_Customization/debug/libEMLib_efm32_debug.a(em_cmu.o)
                0x00018224                CMU_ClockDivSet
 .text.CMU_ClockEnable
                0x000184bc      0x10c ./../Libraries/EMlib/EMLib/../BCDS_Customization/debug/libEMLib_efm32_debug.a(em_cmu.o)
                0x000184bc                CMU_ClockEnable
 .text.CMU_ClockFreqGet
                0x000185c8      0x1e8 ./../Libraries/EMlib/EMLib/../BCDS_Customization/debug/libEMLib_efm32_debug.a(em_cmu.o)
                0x000185c8                CMU_ClockFreqGet
 .text.CMU_ClockSelectGet
                0x000187b0      0x1a4 ./../Libraries/EMlib/EMLib/../BCDS_Customization/debug/libEMLib_efm32_debug.a(em_cmu.o)
                0x000187b0                CMU_ClockSelectGet
 .text.CMU_ClockSelectSet
                0x00018954      0x38c ./../Libraries/EMlib/EMLib/../BCDS_Customization/debug/libEMLib_efm32_debug.a(em_cmu.o)
                0x00018954                CMU_ClockSelectSet
 .text.CMU_OscillatorEnable
                0x00018ce0       0xe8 ./../Libraries/EMlib/EMLib/../BCDS_Customization/debug/libEMLib_efm32_debug.a(em_cmu.o)
                0x00018ce0                CMU_OscillatorEnable
 .text.EMU_UpdateOscConfig
                0x00018dc8       0x20 ./../Libraries/EMlib/EMLib/../BCDS_Customization/debug/libEMLib_efm32_debug.a(em_emu.o)
                0x00018dc8                EMU_UpdateOscConfig
 .text.GPIO_DriveModeSet
                0x00018de8       0x60 ./../Libraries/EMlib/EMLib/../BCDS_Customization/debug/libEMLib_efm32_debug.a(em_gpio.o)
                0x00018de8                GPIO_DriveModeSet
 .text.GPIO_PinModeSet
                0x00018e48      0x1b8 ./../Libraries/EMlib/EMLib/../BCDS_Customization/debug/libEMLib_efm32_debug.a(em_gpio.o)
                0x00018e48                GPIO_PinModeSet
 .text.BITBAND_Peripheral
                0x00019000       0x30 ./../Libraries/EMlib/EMLib/../BCDS_Customization/debug/libEMLib_efm32_debug.a(em_i2c.o)
 .text.I2C_BusFreqSet
                0x00019030       0x94 ./../Libraries/EMlib/EMLib/../BCDS_Customization/debug/libEMLib_efm32_debug.a(em_i2c.o)
                0x00019030                I2C_BusFreqSet
 .text.I2C_Init
                0x000190c4       0x84 ./../Libraries/EMlib/EMLib/../BCDS_Customization/debug/libEMLib_efm32_debug.a(em_i2c.o)
                0x000190c4                I2C_Init
 .text.LEUART_Sync
                0x00019148       0x34 ./../Libraries/EMlib/EMLib/../BCDS_Customization/debug/libEMLib_efm32_debug.a(em_leuart.o)
 .text.LEUART_BaudrateSet
                0x0001917c       0x90 ./../Libraries/EMlib/EMLib/../BCDS_Customization/debug/libEMLib_efm32_debug.a(em_leuart.o)
                0x0001917c                LEUART_BaudrateSet
 .text.LEUART_Enable
                0x0001920c       0x60 ./../Libraries/EMlib/EMLib/../BCDS_Customization/debug/libEMLib_efm32_debug.a(em_leuart.o)
                0x0001920c                LEUART_Enable
 .text.LEUART_FreezeEnable
                0x0001926c       0x38 ./../Libraries/EMlib/EMLib/../BCDS_Customization/debug/libEMLib_efm32_debug.a(em_leuart.o)
                0x0001926c                LEUART_FreezeEnable
 .text.LEUART_Init
                0x000192a4       0x8c ./../Libraries/EMlib/EMLib/../BCDS_Customization/debug/libEMLib_efm32_debug.a(em_leuart.o)
                0x000192a4                LEUART_Init
 .text.LEUART_Reset
                0x00019330       0x88 ./../Libraries/EMlib/EMLib/../BCDS_Customization/debug/libEMLib_efm32_debug.a(em_leuart.o)
                0x00019330                LEUART_Reset
 .text.USART_BaudrateAsyncSet
                0x000193b8       0xd0 ./../Libraries/EMlib/EMLib/../BCDS_Customization/debug/libEMLib_efm32_debug.a(em_usart.o)
                0x000193b8                USART_BaudrateAsyncSet
 .text.USART_Enable
                0x00019488       0x7c ./../Libraries/EMlib/EMLib/../BCDS_Customization/debug/libEMLib_efm32_debug.a(em_usart.o)
                0x00019488                USART_Enable
 .text.USART_InitAsync
                0x00019504       0xbc ./../Libraries/EMlib/EMLib/../BCDS_Customization/debug/libEMLib_efm32_debug.a(em_usart.o)
                0x00019504                USART_InitAsync
 .text.USART_Reset
                0x000195c0       0xd8 ./../Libraries/EMlib/EMLib/../BCDS_Customization/debug/libEMLib_efm32_debug.a(em_usart.o)
                0x000195c0                USART_Reset
 .text.NVIC_EnableIRQ
                0x00019698       0x38 ./../Libraries/EMlib/EMLib/../BCDS_Customization/debug/libEMLib_efm32_debug.a(em_usbd.o)
 .text.NVIC_ClearPendingIRQ
                0x000196d0       0x3c ./../Libraries/EMlib/EMLib/../BCDS_Customization/debug/libEMLib_efm32_debug.a(em_usbd.o)
 .text.INT_Disable
                0x0001970c       0x40 ./../Libraries/EMlib/EMLib/../BCDS_Customization/debug/libEMLib_efm32_debug.a(em_usbd.o)
 .text.INT_Enable
                0x0001974c       0x54 ./../Libraries/EMlib/EMLib/../BCDS_Customization/debug/libEMLib_efm32_debug.a(em_usbd.o)
 .text.USBHAL_DisableGlobalInt
                0x000197a0       0x34 ./../Libraries/EMlib/EMLib/../BCDS_Customization/debug/libEMLib_efm32_debug.a(em_usbd.o)
 .text.USBHAL_EnableGlobalInt
                0x000197d4       0x34 ./../Libraries/EMlib/EMLib/../BCDS_Customization/debug/libEMLib_efm32_debug.a(em_usbd.o)
 .text.USBDHAL_EnableUsbResetAndSuspendInt
                0x00019808       0x38 ./../Libraries/EMlib/EMLib/../BCDS_Customization/debug/libEMLib_efm32_debug.a(em_usbd.o)
 .text.USBDHAL_EpIsStalled
                0x00019840       0x3c ./../Libraries/EMlib/EMLib/../BCDS_Customization/debug/libEMLib_efm32_debug.a(em_usbd.o)
 .text.USBDHAL_GetStallStatusEp
                0x0001987c       0xc0 ./../Libraries/EMlib/EMLib/../BCDS_Customization/debug/libEMLib_efm32_debug.a(em_usbd.o)
 .text.USBDHAL_SetEp0InDmaPtr
                0x0001993c       0x28 ./../Libraries/EMlib/EMLib/../BCDS_Customization/debug/libEMLib_efm32_debug.a(em_usbd.o)
 .text.USBDHAL_SetEp0OutDmaPtr
                0x00019964       0x28 ./../Libraries/EMlib/EMLib/../BCDS_Customization/debug/libEMLib_efm32_debug.a(em_usbd.o)
 .text.USBDHAL_StartEp0In
                0x0001998c       0x5c ./../Libraries/EMlib/EMLib/../BCDS_Customization/debug/libEMLib_efm32_debug.a(em_usbd.o)
 .text.USBDHAL_StartEp0Out
                0x000199e8       0x5c ./../Libraries/EMlib/EMLib/../BCDS_Customization/debug/libEMLib_efm32_debug.a(em_usbd.o)
 .text.USBDHAL_StartEpIn
                0x00019a44       0xc8 ./../Libraries/EMlib/EMLib/../BCDS_Customization/debug/libEMLib_efm32_debug.a(em_usbd.o)
 .text.USBDHAL_StartEpOut
                0x00019b0c       0xd4 ./../Libraries/EMlib/EMLib/../BCDS_Customization/debug/libEMLib_efm32_debug.a(em_usbd.o)
 .text.USBD_ArmEp
                0x00019be0       0x28 ./../Libraries/EMlib/EMLib/../BCDS_Customization/debug/libEMLib_efm32_debug.a(em_usbd.o)
 .text.USBD_ArmEp0
                0x00019c08       0x88 ./../Libraries/EMlib/EMLib/../BCDS_Customization/debug/libEMLib_efm32_debug.a(em_usbd.o)
 .text.USBD_ArmEpN
                0x00019c90       0x28 ./../Libraries/EMlib/EMLib/../BCDS_Customization/debug/libEMLib_efm32_debug.a(em_usbd.o)
 .text.USBD_GetEpFromAddr
                0x00019cb8       0xa0 ./../Libraries/EMlib/EMLib/../BCDS_Customization/debug/libEMLib_efm32_debug.a(em_usbd.o)
 .text.USBD_Disconnect
                0x00019d58       0x14 ./../Libraries/EMlib/EMLib/../BCDS_Customization/debug/libEMLib_efm32_debug.a(em_usbd.o)
                0x00019d58                USBD_Disconnect
 .text.USBD_GetUsbState
                0x00019d6c       0x1c ./../Libraries/EMlib/EMLib/../BCDS_Customization/debug/libEMLib_efm32_debug.a(em_usbd.o)
                0x00019d6c                USBD_GetUsbState
 .text.USBD_Init
                0x00019d88      0x4fc ./../Libraries/EMlib/EMLib/../BCDS_Customization/debug/libEMLib_efm32_debug.a(em_usbd.o)
                0x00019d88                USBD_Init
 .text.USBD_Read
                0x0001a284      0x108 ./../Libraries/EMlib/EMLib/../BCDS_Customization/debug/libEMLib_efm32_debug.a(em_usbd.o)
                0x0001a284                USBD_Read
 .text.USBD_SetUsbState
                0x0001a38c       0x98 ./../Libraries/EMlib/EMLib/../BCDS_Customization/debug/libEMLib_efm32_debug.a(em_usbd.o)
                0x0001a38c                USBD_SetUsbState
 .text.USBD_Write
                0x0001a424      0x10c ./../Libraries/EMlib/EMLib/../BCDS_Customization/debug/libEMLib_efm32_debug.a(em_usbd.o)
                0x0001a424                USBD_Write
 .text.NVIC_ClearPendingIRQ
                0x0001a530       0x3c ./../Libraries/EMlib/EMLib/../BCDS_Customization/debug/libEMLib_efm32_debug.a(em_usbhal.o)
 .text.INT_Disable
                0x0001a56c       0x40 ./../Libraries/EMlib/EMLib/../BCDS_Customization/debug/libEMLib_efm32_debug.a(em_usbhal.o)
 .text.INT_Enable
                0x0001a5ac       0x54 ./../Libraries/EMlib/EMLib/../BCDS_Customization/debug/libEMLib_efm32_debug.a(em_usbhal.o)
 .text.USBHAL_FlushRxFifo
                0x0001a600       0x3c ./../Libraries/EMlib/EMLib/../BCDS_Customization/debug/libEMLib_efm32_debug.a(em_usbhal.o)
 .text.USBHAL_FlushTxFifo
                0x0001a63c       0x4c ./../Libraries/EMlib/EMLib/../BCDS_Customization/debug/libEMLib_efm32_debug.a(em_usbhal.o)
 .text.USBDHAL_DeactivateEp
                0x0001a688       0x88 ./../Libraries/EMlib/EMLib/../BCDS_Customization/debug/libEMLib_efm32_debug.a(em_usbhal.o)
 .text.USBDHAL_GetInEpInts
                0x0001a710       0x44 ./../Libraries/EMlib/EMLib/../BCDS_Customization/debug/libEMLib_efm32_debug.a(em_usbhal.o)
 .text.USBDHAL_GetOutEpInts
                0x0001a754       0x44 ./../Libraries/EMlib/EMLib/../BCDS_Customization/debug/libEMLib_efm32_debug.a(em_usbhal.o)
 .text.USBDHAL_SetEPDISNAK
                0x0001a798       0xac ./../Libraries/EMlib/EMLib/../BCDS_Customization/debug/libEMLib_efm32_debug.a(em_usbhal.o)
 .text.USBD_GetEpFromAddr
                0x0001a844       0xa0 ./../Libraries/EMlib/EMLib/../BCDS_Customization/debug/libEMLib_efm32_debug.a(em_usbhal.o)
 .text.USBHAL_CoreReset
                0x0001a8e4       0xbc ./../Libraries/EMlib/EMLib/../BCDS_Customization/debug/libEMLib_efm32_debug.a(em_usbhal.o)
                0x0001a8e4                USBHAL_CoreReset
 .text.USBDHAL_CoreInit
                0x0001a9a0      0x3ec ./../Libraries/EMlib/EMLib/../BCDS_Customization/debug/libEMLib_efm32_debug.a(em_usbhal.o)
                0x0001a9a0                USBDHAL_CoreInit
 .text.USBDHAL_Disconnect
                0x0001ad8c       0x3c ./../Libraries/EMlib/EMLib/../BCDS_Customization/debug/libEMLib_efm32_debug.a(em_usbhal.o)
                0x0001ad8c                USBDHAL_Disconnect
 .text.USBDHAL_AbortAllEps
                0x0001adc8      0x53c ./../Libraries/EMlib/EMLib/../BCDS_Customization/debug/libEMLib_efm32_debug.a(em_usbhal.o)
                0x0001adc8                USBDHAL_AbortAllEps
 .text.USBDHAL_AbortAllTransfers
                0x0001b304       0xc8 ./../Libraries/EMlib/EMLib/../BCDS_Customization/debug/libEMLib_efm32_debug.a(em_usbhal.o)
                0x0001b304                USBDHAL_AbortAllTransfers
 .text.USBDHAL_ReenableEp0Setup
                0x0001b3cc       0x60 ./../Libraries/EMlib/EMLib/../BCDS_Customization/debug/libEMLib_efm32_debug.a(em_usbdep.o)
 .text.USBDHAL_StallEp
                0x0001b42c       0xcc ./../Libraries/EMlib/EMLib/../BCDS_Customization/debug/libEMLib_efm32_debug.a(em_usbdep.o)
 .text.USBDHAL_StartEp0In
                0x0001b4f8       0x5c ./../Libraries/EMlib/EMLib/../BCDS_Customization/debug/libEMLib_efm32_debug.a(em_usbdep.o)
 .text.USBDHAL_StartEp0Out
                0x0001b554       0x5c ./../Libraries/EMlib/EMLib/../BCDS_Customization/debug/libEMLib_efm32_debug.a(em_usbdep.o)
 .text.USBD_GetEpFromAddr
                0x0001b5b0       0xa0 ./../Libraries/EMlib/EMLib/../BCDS_Customization/debug/libEMLib_efm32_debug.a(em_usbdep.o)
 .text.USBD_ReArmEp0
                0x0001b650       0x64 ./../Libraries/EMlib/EMLib/../BCDS_Customization/debug/libEMLib_efm32_debug.a(em_usbdep.o)
 .text.USBDEP_Ep0Handler
                0x0001b6b4      0x300 ./../Libraries/EMlib/EMLib/../BCDS_Customization/debug/libEMLib_efm32_debug.a(em_usbdep.o)
                0x0001b6b4                USBDEP_Ep0Handler
 .text.USBDEP_EpHandler
                0x0001b9b4       0x60 ./../Libraries/EMlib/EMLib/../BCDS_Customization/debug/libEMLib_efm32_debug.a(em_usbdep.o)
                0x0001b9b4                USBDEP_EpHandler
 .text.TIMER_CounterGet
                0x0001ba14       0x18 ./../Libraries/EMlib/EMLib/../BCDS_Customization/debug/libEMLib_efm32_debug.a(em_usbtimer.o)
 .text.TIMER_TopSet
                0x0001ba2c       0x1c ./../Libraries/EMlib/EMLib/../BCDS_Customization/debug/libEMLib_efm32_debug.a(em_usbtimer.o)
 .text.DelayTicks
                0x0001ba48       0x4c ./../Libraries/EMlib/EMLib/../BCDS_Customization/debug/libEMLib_efm32_debug.a(em_usbtimer.o)
 .text.USBTIMER_DelayMs
                0x0001ba94       0x84 ./../Libraries/EMlib/EMLib/../BCDS_Customization/debug/libEMLib_efm32_debug.a(em_usbtimer.o)
                0x0001ba94                USBTIMER_DelayMs
 .text.USBTIMER_DelayUs
                0x0001bb18      0x124 ./../Libraries/EMlib/EMLib/../BCDS_Customization/debug/libEMLib_efm32_debug.a(em_usbtimer.o)
                0x0001bb18                USBTIMER_DelayUs
 .text.USBTIMER_Init
                0x0001bc3c      0x188 ./../Libraries/EMlib/EMLib/../BCDS_Customization/debug/libEMLib_efm32_debug.a(em_usbtimer.o)
                0x0001bc3c                USBTIMER_Init
 .text.GetProdRev
                0x0001bdc4       0x1c ./../Libraries/EMlib/EMLib/../BCDS_Customization/debug/libEMLib_efm32_debug.a(system_efm32gg.o)
 .text.SystemCoreClockGet
                0x0001bde0       0x58 ./../Libraries/EMlib/EMLib/../BCDS_Customization/debug/libEMLib_efm32_debug.a(system_efm32gg.o)
                0x0001bde0                SystemCoreClockGet
 .text.SystemHFClockGet
                0x0001be38      0x110 ./../Libraries/EMlib/EMLib/../BCDS_Customization/debug/libEMLib_efm32_debug.a(system_efm32gg.o)
                0x0001be38                SystemHFClockGet
 .text.SystemHFXOClockGet
                0x0001bf48       0x18 ./../Libraries/EMlib/EMLib/../BCDS_Customization/debug/libEMLib_efm32_debug.a(system_efm32gg.o)
                0x0001bf48                SystemHFXOClockGet
 .text.SystemInit
                0x0001bf60        0xc ./../Libraries/EMlib/EMLib/../BCDS_Customization/debug/libEMLib_efm32_debug.a(system_efm32gg.o)
                0x0001bf60                SystemInit
 .text.SystemLFRCOClockGet
                0x0001bf6c       0x10 ./../Libraries/EMlib/EMLib/../BCDS_Customization/debug/libEMLib_efm32_debug.a(system_efm32gg.o)
                0x0001bf6c                SystemLFRCOClockGet
 .text.SystemULFRCOClockGet
                0x0001bf7c       0x10 ./../Libraries/EMlib/EMLib/../BCDS_Customization/debug/libEMLib_efm32_debug.a(system_efm32gg.o)
                0x0001bf7c                SystemULFRCOClockGet
 .text.SystemLFXOClockGet
                0x0001bf8c       0x18 ./../Libraries/EMlib/EMLib/../BCDS_Customization/debug/libEMLib_efm32_debug.a(system_efm32gg.o)
                0x0001bf8c                SystemLFXOClockGet
 .text.TIMER_Init
                0x0001bfa4      0x134 ./../Libraries/EMlib/EMLib/../BCDS_Customization/debug/libEMLib_efm32_debug.a(em_timer.o)
                0x0001bfa4                TIMER_Init
 .text.TIMER_InitCC
                0x0001c0d8       0xec ./../Libraries/EMlib/EMLib/../BCDS_Customization/debug/libEMLib_efm32_debug.a(em_timer.o)
                0x0001c0d8                TIMER_InitCC
 .text.TIMER_Reset
                0x0001c1c4      0x108 ./../Libraries/EMlib/EMLib/../BCDS_Customization/debug/libEMLib_efm32_debug.a(em_timer.o)
                0x0001c1c4                TIMER_Reset
 .text.USBDHAL_ActivateEp
                0x0001c2cc      0x148 ./../Libraries/EMlib/EMLib/../BCDS_Customization/debug/libEMLib_efm32_debug.a(em_usbdch9.o)
 .text.USBDHAL_DeactivateEp
                0x0001c414       0x88 ./../Libraries/EMlib/EMLib/../BCDS_Customization/debug/libEMLib_efm32_debug.a(em_usbdch9.o)
 .text.USBDHAL_GetStallStatusEp
                0x0001c49c       0xc0 ./../Libraries/EMlib/EMLib/../BCDS_Customization/debug/libEMLib_efm32_debug.a(em_usbdch9.o)
 .text.USBDHAL_SetAddr
                0x0001c55c       0x3c ./../Libraries/EMlib/EMLib/../BCDS_Customization/debug/libEMLib_efm32_debug.a(em_usbdch9.o)
 .text.USBDHAL_StallEp
                0x0001c598       0xcc ./../Libraries/EMlib/EMLib/../BCDS_Customization/debug/libEMLib_efm32_debug.a(em_usbdch9.o)
 .text.USBDHAL_UnStallEp
                0x0001c664       0xe4 ./../Libraries/EMlib/EMLib/../BCDS_Customization/debug/libEMLib_efm32_debug.a(em_usbdch9.o)
 .text.USBD_ActivateAllEps
                0x0001c748       0x54 ./../Libraries/EMlib/EMLib/../BCDS_Customization/debug/libEMLib_efm32_debug.a(em_usbdch9.o)
 .text.USBD_DeactivateAllEps
                0x0001c79c       0x68 ./../Libraries/EMlib/EMLib/../BCDS_Customization/debug/libEMLib_efm32_debug.a(em_usbdch9.o)
 .text.USBD_GetEpFromAddr
                0x0001c804       0xa0 ./../Libraries/EMlib/EMLib/../BCDS_Customization/debug/libEMLib_efm32_debug.a(em_usbdch9.o)
 .text.USBDCH9_SetupCmd
                0x0001c8a4       0xec ./../Libraries/EMlib/EMLib/../BCDS_Customization/debug/libEMLib_efm32_debug.a(em_usbdch9.o)
                0x0001c8a4                USBDCH9_SetupCmd
 .text.ClearFeature
                0x0001c990       0xcc ./../Libraries/EMlib/EMLib/../BCDS_Customization/debug/libEMLib_efm32_debug.a(em_usbdch9.o)
 .text.GetConfiguration
                0x0001ca5c       0xb8 ./../Libraries/EMlib/EMLib/../BCDS_Customization/debug/libEMLib_efm32_debug.a(em_usbdch9.o)
 .text.GetDescriptor
                0x0001cb14      0x10c ./../Libraries/EMlib/EMLib/../BCDS_Customization/debug/libEMLib_efm32_debug.a(em_usbdch9.o)
 .text.GetInterface
                0x0001cc20       0x94 ./../Libraries/EMlib/EMLib/../BCDS_Customization/debug/libEMLib_efm32_debug.a(em_usbdch9.o)
 .text.GetStatus
                0x0001ccb4      0x1b4 ./../Libraries/EMlib/EMLib/../BCDS_Customization/debug/libEMLib_efm32_debug.a(em_usbdch9.o)
 .text.SetAddress
                0x0001ce68       0xb4 ./../Libraries/EMlib/EMLib/../BCDS_Customization/debug/libEMLib_efm32_debug.a(em_usbdch9.o)
 .text.SetConfiguration
                0x0001cf1c      0x10c ./../Libraries/EMlib/EMLib/../BCDS_Customization/debug/libEMLib_efm32_debug.a(em_usbdch9.o)
 .text.SetFeature
                0x0001d028      0x100 ./../Libraries/EMlib/EMLib/../BCDS_Customization/debug/libEMLib_efm32_debug.a(em_usbdch9.o)
 .text.SetInterface
                0x0001d128       0x68 ./../Libraries/EMlib/EMLib/../BCDS_Customization/debug/libEMLib_efm32_debug.a(em_usbdch9.o)
 .text.GPIO_PinOutClear
                0x0001d190       0x4c ../Common/debug/XDKCommon_efm32_debug.a(SystemStartup.o)
 .text.GPIO_PinOutSet
                0x0001d1dc       0x4c ../Common/debug/XDKCommon_efm32_debug.a(SystemStartup.o)
 .text.systemStartup
                0x0001d228       0x88 ../Common/debug/XDKCommon_efm32_debug.a(SystemStartup.o)
                0x0001d228                systemStartup
 .text.vApplicationStackOverflowHook
                0x0001d2b0       0x80 ../Common/debug/XDKCommon_efm32_debug.a(SystemStartup.o)
                0x0001d2b0                vApplicationStackOverflowHook
 .text.Retcode_getPackage
                0x0001d330       0x1c ../Common/debug/XDKCommon_efm32_debug.a(BoardInitialization.o)
 .text.NVIC_SetPriority
                0x0001d34c       0x5c ../Common/debug/XDKCommon_efm32_debug.a(BoardInitialization.o)
 .text.CHIP_Init
                0x0001d3a8       0x50 ../Common/debug/XDKCommon_efm32_debug.a(BoardInitialization.o)
 .text.GPIO_PinOutSet
                0x0001d3f8       0x4c ../Common/debug/XDKCommon_efm32_debug.a(BoardInitialization.o)
 .text.ErrorHandlingFunc
                0x0001d444       0x2c ../Common/debug/XDKCommon_efm32_debug.a(BoardInitialization.o)
 .text.bleGetPublicAddress
                0x0001d470      0x104 ../Common/debug/XDKCommon_efm32_debug.a(BoardInitialization.o)
 .text.customizeInterruptPriority
                0x0001d574      0x1d0 ../Common/debug/XDKCommon_efm32_debug.a(BoardInitialization.o)
                0x0001d574                customizeInterruptPriority
 .text.assertIndicationMapping
                0x0001d744       0x84 ../Common/debug/XDKCommon_efm32_debug.a(BoardInitialization.o)
                0x0001d744                assertIndicationMapping
 .text.boardInit
                0x0001d7c8       0x10 ../Common/debug/XDKCommon_efm32_debug.a(BoardInitialization.o)
                0x0001d7c8                boardInit
 .text.boardStartup
                0x0001d7d8       0xe0 ../Common/debug/XDKCommon_efm32_debug.a(BoardInitialization.o)
                0x0001d7d8                boardStartup
 .text.NVIC_SystemReset
                0x0001d8b8       0x30 ../Common/debug/XDKCommon_efm32_debug.a(UsbResetUtility.o)
 .text.UsbResetUtility_SystemReset
                0x0001d8e8       0x10 ../Common/debug/XDKCommon_efm32_debug.a(UsbResetUtility.o)
 .text.UsbResetUtility_InteruptHandling
                0x0001d8f8       0x5c ../Common/debug/XDKCommon_efm32_debug.a(UsbResetUtility.o)
 .text.UsbResetUtility_Init
                0x0001d954       0x48 ../Common/debug/XDKCommon_efm32_debug.a(UsbResetUtility.o)
                0x0001d954                UsbResetUtility_Init
 .text.UsbResetUtility_UsbISRCallback
                0x0001d99c      0x148 ../Common/debug/XDKCommon_efm32_debug.a(UsbResetUtility.o)
                0x0001d99c                UsbResetUtility_UsbISRCallback
 .text.UsbResetUtility_RegAppISR
                0x0001dae4       0x40 ../Common/debug/XDKCommon_efm32_debug.a(UsbResetUtility.o)
                0x0001dae4                UsbResetUtility_RegAppISR
 .text.resetGpioConfig
                0x0001db24      0x3f8 ../Common/debug/XDKCommon_efm32_debug.a(GpioConfig.o)
                0x0001db24                resetGpioConfig
 .text.RingBuf_Init
                0x0001df1c       0x38 ./../Platform/Utils/debug/libUtils_efm32_debug.a(RB_ringBuffer.o)
                0x0001df1c                RingBuf_Init
 .text.RingBuf_Write
                0x0001df54       0xdc ./../Platform/Utils/debug/libUtils_efm32_debug.a(RB_ringBuffer.o)
                0x0001df54                RingBuf_Write
 .text.RingBuf_Read
                0x0001e030       0xd4 ./../Platform/Utils/debug/libUtils_efm32_debug.a(RB_ringBuffer.o)
                0x0001e030                RingBuf_Read
 .text.Assert_initialize
                0x0001e104       0x48 ./../Platform/Basics/debug/libBasics_efm32_debug.a(Assert.o)
                0x0001e104                Assert_initialize
 .text.Assert_dynamic
                0x0001e14c       0x2c ./../Platform/Basics/debug/libBasics_efm32_debug.a(Assert.o)
                0x0001e14c                Assert_dynamic
 .text.defaultErrorHandlingFunc
                0x0001e178       0x14 ./../Platform/Basics/debug/libBasics_efm32_debug.a(Retcode.o)
 .text.Retcode_initialize
                0x0001e18c       0x38 ./../Platform/Basics/debug/libBasics_efm32_debug.a(Retcode.o)
                0x0001e18c                Retcode_initialize
 .text.Retcode_compose
                0x0001e1c4       0x50 ./../Platform/Basics/debug/libBasics_efm32_debug.a(Retcode.o)
                0x0001e1c4                Retcode_compose
 .text.NVIC_EnableIRQ
                0x0001e214       0x38 ./../Platform/Power/debug/libPOWER_efm32_debug.a(PowerMgt.o)
 .text.NVIC_SetPriority
                0x0001e24c       0x5c ./../Platform/Power/debug/libPOWER_efm32_debug.a(PowerMgt.o)
 .text.RTC_IntClear
                0x0001e2a8       0x20 ./../Platform/Power/debug/libPOWER_efm32_debug.a(PowerMgt.o)
 .text.RTC_IntDisable
                0x0001e2c8       0x30 ./../Platform/Power/debug/libPOWER_efm32_debug.a(PowerMgt.o)
 .text.RTC_IntEnable
                0x0001e2f8       0x2c ./../Platform/Power/debug/libPOWER_efm32_debug.a(PowerMgt.o)
 .text.RTC_IRQHandler
                0x0001e324      0x184 ./../Platform/Power/debug/libPOWER_efm32_debug.a(PowerMgt.o)
                0x0001e324                RTC_IRQHandler
 .text.vPortSetupTimerInterrupt
                0x0001e4a8      0x10c ./../Platform/Power/debug/libPOWER_efm32_debug.a(PowerMgt.o)
                0x0001e4a8                vPortSetupTimerInterrupt
 .text.BleMgmt_timerRing
                0x0001e5b4       0xb8 ./../Libraries/BLEStack/Alpwise/Core_Stack/Libraries/BLESW_CoreStack_CM3.a(BleEngine.o)
 .text.BLEMGMT_Init
                0x0001e66c       0x3c ./../Libraries/BLEStack/Alpwise/Core_Stack/Libraries/BLESW_CoreStack_CM3.a(BleEngine.o)
                0x0001e66c                BLEMGMT_Init
 .text.BLEMGMT_Deinit
                0x0001e6a8       0x20 ./../Libraries/BLEStack/Alpwise/Core_Stack/Libraries/BLESW_CoreStack_CM3.a(BleEngine.o)
                0x0001e6a8                BLEMGMT_Deinit
 .text.BLEMGMT_Run
                0x0001e6c8       0x4c ./../Libraries/BLEStack/Alpwise/Core_Stack/Libraries/BLESW_CoreStack_CM3.a(BleEngine.o)
                0x0001e6c8                BLEMGMT_Run
 .text.BLEMGMT_RegisterHandler
                0x0001e714       0x28 ./../Libraries/BLEStack/Alpwise/Core_Stack/Libraries/BLESW_CoreStack_CM3.a(BleEngine.o)
                0x0001e714                BLEMGMT_RegisterHandler
 .text.BleMgmt_PostEvent
                0x0001e73c       0x50 ./../Libraries/BLEStack/Alpwise/Core_Stack/Libraries/BLESW_CoreStack_CM3.a(BleEngine.o)
                0x0001e73c                BleMgmt_PostEvent
 .text.BleMgmt_RemoveTimerEvent
                0x0001e78c       0xdc ./../Libraries/BLEStack/Alpwise/Core_Stack/Libraries/BLESW_CoreStack_CM3.a(BleEngine.o)
                0x0001e78c                BleMgmt_RemoveTimerEvent
 .text.BleMgmt_AddTimerEvent
                0x0001e868       0xdc ./../Libraries/BLEStack/Alpwise/Core_Stack/Libraries/BLESW_CoreStack_CM3.a(BleEngine.o)
                0x0001e868                BleMgmt_AddTimerEvent
 .text.SYSTEM_MemCpy
                0x0001e944       0x14 ./../Libraries/BLEStack/Alpwise/Core_Stack/Libraries/BLESW_CoreStack_CM3.a(BleMemory.o)
                0x0001e944                SYSTEM_MemCpy
 .text.SYSTEM_ReverseMemCpy
                0x0001e958       0x1a ./../Libraries/BLEStack/Alpwise/Core_Stack/Libraries/BLESW_CoreStack_CM3.a(BleMemory.o)
                0x0001e958                SYSTEM_ReverseMemCpy
 .text.SYSTEM_MemCmp
                0x0001e972       0x24 ./../Libraries/BLEStack/Alpwise/Core_Stack/Libraries/BLESW_CoreStack_CM3.a(BleMemory.o)
                0x0001e972                SYSTEM_MemCmp
 .text.SYSTEM_MemSet
                0x0001e996       0x16 ./../Libraries/BLEStack/Alpwise/Core_Stack/Libraries/BLESW_CoreStack_CM3.a(BleMemory.o)
                0x0001e996                SYSTEM_MemSet
 .text.BleList_RemoveNode
                0x0001e9ac       0x2e ./../Libraries/BLEStack/Alpwise/Core_Stack/Libraries/BLESW_CoreStack_CM3.a(BleSlist.o)
                0x0001e9ac                BleList_RemoveNode
 .text.BleList_GetHeadNode
                0x0001e9da        0xc ./../Libraries/BLEStack/Alpwise/Core_Stack/Libraries/BLESW_CoreStack_CM3.a(BleSlist.o)
                0x0001e9da                BleList_GetHeadNode
 .text.BleList_IsNodeIn
                0x0001e9e6       0x12 ./../Libraries/BLEStack/Alpwise/Core_Stack/Libraries/BLESW_CoreStack_CM3.a(BleSlist.o)
                0x0001e9e6                BleList_IsNodeIn
 .text.BleList_InsertTail
                0x0001e9f8       0x28 ./../Libraries/BLEStack/Alpwise/Core_Stack/Libraries/BLESW_CoreStack_CM3.a(BleSlist.o)
                0x0001e9f8                BleList_InsertTail
 .text.BleList_InsertAfter
                0x0001ea20       0x34 ./../Libraries/BLEStack/Alpwise/Core_Stack/Libraries/BLESW_CoreStack_CM3.a(BleSlist.o)
                0x0001ea20                BleList_InsertAfter
 .text.BleList_GetCount
                0x0001ea54       0x10 ./../Libraries/BLEStack/Alpwise/Core_Stack/Libraries/BLESW_CoreStack_CM3.a(BleSlist.o)
                0x0001ea54                BleList_GetCount
 .text.BleList_GetIndex
                0x0001ea64       0x16 ./../Libraries/BLEStack/Alpwise/Core_Stack/Libraries/BLESW_CoreStack_CM3.a(BleSlist.o)
                0x0001ea64                BleList_GetIndex
 .text.BleList_IsNodeIn_ISR
                0x0001ea7a       0x12 ./../Libraries/BLEStack/Alpwise/Core_Stack/Libraries/BLESW_CoreStack_CM3.a(BleSlist.o)
                0x0001ea7a                BleList_IsNodeIn_ISR
 .text.BleList_GetHeadNode_ISR
                0x0001ea8c        0xc ./../Libraries/BLEStack/Alpwise/Core_Stack/Libraries/BLESW_CoreStack_CM3.a(BleSlist.o)
                0x0001ea8c                BleList_GetHeadNode_ISR
 .text.BleList_InsertTail_ISR
                0x0001ea98       0x28 ./../Libraries/BLEStack/Alpwise/Core_Stack/Libraries/BLESW_CoreStack_CM3.a(BleSlist.o)
                0x0001ea98                BleList_InsertTail_ISR
 .text.BleSmp_IsKeyNull
                0x0001eac0       0x1c ./../Libraries/BLEStack/Alpwise/Core_Stack/Libraries/BLESW_CoreStack_CM3.a(BleSmp.o)
 .text.BleSmp_SendPairingFailed
                0x0001eadc       0x22 ./../Libraries/BLEStack/Alpwise/Core_Stack/Libraries/BLESW_CoreStack_CM3.a(BleSmp.o)
 *fill*         0x0001eafe        0x2 00
 .text.BleSmp_ClearOperation
                0x0001eb00       0x30 ./../Libraries/BLEStack/Alpwise/Core_Stack/Libraries/BLESW_CoreStack_CM3.a(BleSmp.o)
 .text.BleSmp_GenerateRandomNumber
                0x0001eb30       0x18 ./../Libraries/BLEStack/Alpwise/Core_Stack/Libraries/BLESW_CoreStack_CM3.a(BleSmp.o)
 .text.BleSmp_Encrypt
                0x0001eb48       0x3c ./../Libraries/BLEStack/Alpwise/Core_Stack/Libraries/BLESW_CoreStack_CM3.a(BleSmp.o)
 .text.BleSmp_StartPairingWatchdog
                0x0001eb84       0x2c ./../Libraries/BLEStack/Alpwise/Core_Stack/Libraries/BLESW_CoreStack_CM3.a(BleSmp.o)
 .text.BleSmp_OperationEnds
                0x0001ebb0       0x24 ./../Libraries/BLEStack/Alpwise/Core_Stack/Libraries/BLESW_CoreStack_CM3.a(BleSmp.o)
 .text.BleSmp_StartOperation
                0x0001ebd4      0x104 ./../Libraries/BLEStack/Alpwise/Core_Stack/Libraries/BLESW_CoreStack_CM3.a(BleSmp.o)
 .text.BleSmp_AddOperation.part.0
                0x0001ecd8       0x38 ./../Libraries/BLEStack/Alpwise/Core_Stack/Libraries/BLESW_CoreStack_CM3.a(BleSmp.o)
 .text.BleSmp_ReportPairingStatus
                0x0001ed10       0x54 ./../Libraries/BLEStack/Alpwise/Core_Stack/Libraries/BLESW_CoreStack_CM3.a(BleSmp.o)
 .text.BleSmp_PairingWatchdog
                0x0001ed64       0x36 ./../Libraries/BLEStack/Alpwise/Core_Stack/Libraries/BLESW_CoreStack_CM3.a(BleSmp.o)
 *fill*         0x0001ed9a        0x2 00
 .text.BLESMP_GenerateAndSetRandomAddress
                0x0001ed9c       0x78 ./../Libraries/BLEStack/Alpwise/Core_Stack/Libraries/BLESW_CoreStack_CM3.a(BleSmp.o)
                0x0001ed9c                BLESMP_GenerateAndSetRandomAddress
 .text.BLESMP_ConfirmPairing
                0x0001ee14       0x38 ./../Libraries/BLEStack/Alpwise/Core_Stack/Libraries/BLESW_CoreStack_CM3.a(BleSmp.o)
                0x0001ee14                BLESMP_ConfirmPairing
 .text.BLESMP_GetLinkSecurityProperties
                0x0001ee4c       0x1e ./../Libraries/BLEStack/Alpwise/Core_Stack/Libraries/BLESW_CoreStack_CM3.a(BleSmp.o)
                0x0001ee4c                BLESMP_GetLinkSecurityProperties
 .text.BLESMP_IsDeviceBonded
                0x0001ee6a       0x24 ./../Libraries/BLEStack/Alpwise/Core_Stack/Libraries/BLESW_CoreStack_CM3.a(BleSmp.o)
                0x0001ee6a                BLESMP_IsDeviceBonded
 .text.BLESMP_InitiatePairing
                0x0001ee8e      0x238 ./../Libraries/BLEStack/Alpwise/Core_Stack/Libraries/BLESW_CoreStack_CM3.a(BleSmp.o)
                0x0001ee8e                BLESMP_InitiatePairing
 *fill*         0x0001f0c6        0x2 00
 .text.BleSmp_Init
                0x0001f0c8       0x2c ./../Libraries/BLEStack/Alpwise/Core_Stack/Libraries/BLESW_CoreStack_CM3.a(BleSmp.o)
                0x0001f0c8                BleSmp_Init
 .text.BleSmp_HciEventHandler
                0x0001f0f4      0x9ac ./../Libraries/BLEStack/Alpwise/Core_Stack/Libraries/BLESW_CoreStack_CM3.a(BleSmp.o)
                0x0001f0f4                BleSmp_HciEventHandler
 .text.BleL2cap_HandleSecurityEvent
                0x0001faa0      0x768 ./../Libraries/BLEStack/Alpwise/Core_Stack/Libraries/BLESW_CoreStack_CM3.a(BleSmp.o)
                0x0001faa0                BleL2cap_HandleSecurityEvent
 .text.BleStck_Init
                0x00020208       0x30 ./../Libraries/BLEStack/Alpwise/Core_Stack/Libraries/BLESW_CoreStack_CM3.a(BleStck.o)
                0x00020208                BleStck_Init
 .text.BleStck_SendUpdateConnectionParametersCommand
                0x00020238       0x40 ./../Libraries/BLEStack/Alpwise/Core_Stack/Libraries/BLESW_CoreStack_CM3.a(BleStck.o)
                0x00020238                BleStck_SendUpdateConnectionParametersCommand
 .text.BleConn_GetConnection
                0x00020278       0x40 ./../Libraries/BLEStack/Alpwise/Core_Stack/Libraries/BLESW_CoreStack_CM3.a(BleStck.o)
                0x00020278                BleConn_GetConnection
 .text.BleStck_HciConnEventHandler
                0x000202b8      0x20c ./../Libraries/BLEStack/Alpwise/Core_Stack/Libraries/BLESW_CoreStack_CM3.a(BleStck.o)
                0x000202b8                BleStck_HciConnEventHandler
 .text.BleConn_GetBDAddr
                0x000204c4       0x48 ./../Libraries/BLEStack/Alpwise/Core_Stack/Libraries/BLESW_CoreStack_CM3.a(BleStck.o)
                0x000204c4                BleConn_GetBDAddr
 .text.BleStck_SetOperation
                0x0002050c       0x5c ./../Libraries/BLEStack/Alpwise/Core_Stack/Libraries/BLESW_CoreStack_CM3.a(BleStck.o)
                0x0002050c                BleStck_SetOperation
 .text.BLESTCK_TerminateLinkLayerConnection
                0x00020568       0x3c ./../Libraries/BLEStack/Alpwise/Core_Stack/Libraries/BLESW_CoreStack_CM3.a(BleStck.o)
                0x00020568                BLESTCK_TerminateLinkLayerConnection
 .text.BLESTCK_SetScanResponseData
                0x000205a4       0x4c ./../Libraries/BLEStack/Alpwise/Core_Stack/Libraries/BLESW_CoreStack_CM3.a(BleStck.o)
                0x000205a4                BLESTCK_SetScanResponseData
 .text.BLESTCK_StopAdvertising
                0x000205f0       0x40 ./../Libraries/BLEStack/Alpwise/Core_Stack/Libraries/BLESW_CoreStack_CM3.a(BleStck.o)
                0x000205f0                BLESTCK_StopAdvertising
 .text.BLESTCK_StartAdvertising
                0x00020630      0x164 ./../Libraries/BLEStack/Alpwise/Core_Stack/Libraries/BLESW_CoreStack_CM3.a(BleStck.o)
                0x00020630                BLESTCK_StartAdvertising
 .text.BLESTCK_SetAdvertisingData
                0x00020794       0x50 ./../Libraries/BLEStack/Alpwise/Core_Stack/Libraries/BLESW_CoreStack_CM3.a(BleStck.o)
                0x00020794                BLESTCK_SetAdvertisingData
 .text.BleStck_HandleConnParmsUpdateResponse
                0x000207e4       0x40 ./../Libraries/BLEStack/Alpwise/Core_Stack/Libraries/BLESW_CoreStack_CM3.a(BleStck.o)
                0x000207e4                BleStck_HandleConnParmsUpdateResponse
 .text.BleStck_isConnectionParmsUpdatePossible
                0x00020824       0x84 ./../Libraries/BLEStack/Alpwise/Core_Stack/Libraries/BLESW_CoreStack_CM3.a(BleStck.o)
                0x00020824                BleStck_isConnectionParmsUpdatePossible
 .text.BleStck_HciEventHandler
                0x000208a8      0x30c ./../Libraries/BLEStack/Alpwise/Core_Stack/Libraries/BLESW_CoreStack_CM3.a(BleStck.o)
                0x000208a8                BleStck_HciEventHandler
 .text.BleHci_AckCommand
                0x00020bb4       0x50 ./../Libraries/BLEStack/Alpwise/Core_Stack/Libraries/BLESW_CoreStack_CM3.a(BleHci.o)
 .text.BleHci_InitFailed
                0x00020c04       0x14 ./../Libraries/BLEStack/Alpwise/Core_Stack/Libraries/BLESW_CoreStack_CM3.a(BleHci.o)
 .text.HciResetWatchdog
                0x00020c18       0x20 ./../Libraries/BLEStack/Alpwise/Core_Stack/Libraries/BLESW_CoreStack_CM3.a(BleHci.o)
 .text.BleHci_MemoryInit
                0x00020c38       0xc8 ./../Libraries/BLEStack/Alpwise/Core_Stack/Libraries/BLESW_CoreStack_CM3.a(BleHci.o)
                0x00020c38                BleHci_MemoryInit
 .text.BleHci_Init
                0x00020d00        0x4 ./../Libraries/BLEStack/Alpwise/Core_Stack/Libraries/BLESW_CoreStack_CM3.a(BleHci.o)
                0x00020d00                BleHci_Init
 .text.BleHci_GetEventPacket
                0x00020d04       0x28 ./../Libraries/BLEStack/Alpwise/Core_Stack/Libraries/BLESW_CoreStack_CM3.a(BleHci.o)
                0x00020d04                BleHci_GetEventPacket
 .text.BleHci_EventPacketReceived
                0x00020d2c       0x24 ./../Libraries/BLEStack/Alpwise/Core_Stack/Libraries/BLESW_CoreStack_CM3.a(BleHci.o)
                0x00020d2c                BleHci_EventPacketReceived
 .text.BleHci_SendCommand
                0x00020d50       0x70 ./../Libraries/BLEStack/Alpwise/Core_Stack/Libraries/BLESW_CoreStack_CM3.a(BleHci.o)
                0x00020d50                BleHci_SendCommand
 .text.BleHci_StartInitsCommand
                0x00020dc0       0x1c ./../Libraries/BLEStack/Alpwise/Core_Stack/Libraries/BLESW_CoreStack_CM3.a(BleHci.o)
 .text.BLEHCI_RadioIsInitialised
                0x00020ddc       0x28 ./../Libraries/BLEStack/Alpwise/Core_Stack/Libraries/BLESW_CoreStack_CM3.a(BleHci.o)
                0x00020ddc                BLEHCI_RadioIsInitialised
 .text.BLEHCI_SendRadioCommand
                0x00020e04       0x14 ./../Libraries/BLEStack/Alpwise/Core_Stack/Libraries/BLESW_CoreStack_CM3.a(BleHci.o)
                0x00020e04                BLEHCI_SendRadioCommand
 .text.BLEHCI_SendVendorSpecificCommand
                0x00020e18        0xe ./../Libraries/BLEStack/Alpwise/Core_Stack/Libraries/BLESW_CoreStack_CM3.a(BleHci.o)
                0x00020e18                BLEHCI_SendVendorSpecificCommand
 *fill*         0x00020e26        0x2 00
 .text.BleHci_CheckForCommandToSend
                0x00020e28       0x50 ./../Libraries/BLEStack/Alpwise/Core_Stack/Libraries/BLESW_CoreStack_CM3.a(BleHci.o)
                0x00020e28                BleHci_CheckForCommandToSend
 .text.BleHci_CheckForEventReceived
                0x00020e78      0x514 ./../Libraries/BLEStack/Alpwise/Core_Stack/Libraries/BLESW_CoreStack_CM3.a(BleHci.o)
                0x00020e78                BleHci_CheckForEventReceived
 .text.BleHci_GetRxDataPacket
                0x0002138c       0x28 ./../Libraries/BLEStack/Alpwise/Core_Stack/Libraries/BLESW_CoreStack_CM3.a(BleHci.o)
                0x0002138c                BleHci_GetRxDataPacket
 .text.BleHci_DataPacketReceived
                0x000213b4       0x24 ./../Libraries/BLEStack/Alpwise/Core_Stack/Libraries/BLESW_CoreStack_CM3.a(BleHci.o)
                0x000213b4                BleHci_DataPacketReceived
 .text.BleHci_CheckForDataReceived
                0x000213d8       0x50 ./../Libraries/BLEStack/Alpwise/Core_Stack/Libraries/BLESW_CoreStack_CM3.a(BleHci.o)
                0x000213d8                BleHci_CheckForDataReceived
 .text.BleHci_SendL2capData
                0x00021428       0xc0 ./../Libraries/BLEStack/Alpwise/Core_Stack/Libraries/BLESW_CoreStack_CM3.a(BleHci.o)
                0x00021428                BleHci_SendL2capData
 .text.BleHci_CheckForDataToSend
                0x000214e8       0x58 ./../Libraries/BLEStack/Alpwise/Core_Stack/Libraries/BLESW_CoreStack_CM3.a(BleHci.o)
                0x000214e8                BleHci_CheckForDataToSend
 .text.bleGap_PostEvent
                0x00021540       0x10 ./../Libraries/BLEStack/Alpwise/Core_Stack/Libraries/BLESW_CoreStack_CM3.a(BleGap.o)
 .text.BleGap_RefreshAdvData
                0x00021550      0x2d4 ./../Libraries/BLEStack/Alpwise/Core_Stack/Libraries/BLESW_CoreStack_CM3.a(BleGap.o)
 .text.BleGap_AttServiceCallback
                0x00021824       0x40 ./../Libraries/BLEStack/Alpwise/Core_Stack/Libraries/BLESW_CoreStack_CM3.a(BleGap.o)
 .text.BleGap_ExitLimitedDiscoverableMode
                0x00021864       0x30 ./../Libraries/BLEStack/Alpwise/Core_Stack/Libraries/BLESW_CoreStack_CM3.a(BleGap.o)
 .text.BLEGAP_RegisterDevice
                0x00021894      0x134 ./../Libraries/BLEStack/Alpwise/Core_Stack/Libraries/BLESW_CoreStack_CM3.a(BleGap.o)
                0x00021894                BLEGAP_RegisterDevice
 .text.BLEGAP_SetLocalAppearance
                0x000219c8       0x60 ./../Libraries/BLEStack/Alpwise/Core_Stack/Libraries/BLESW_CoreStack_CM3.a(BleGap.o)
                0x000219c8                BLEGAP_SetLocalAppearance
 .text.BLEGAP_SetLocalBluetoothDeviceNameEx
                0x00021a28       0x98 ./../Libraries/BLEStack/Alpwise/Core_Stack/Libraries/BLESW_CoreStack_CM3.a(BleGap.o)
                0x00021a28                BLEGAP_SetLocalBluetoothDeviceNameEx
 .text.BLEGAP_SetModeWithIntervals
                0x00021ac0       0x90 ./../Libraries/BLEStack/Alpwise/Core_Stack/Libraries/BLESW_CoreStack_CM3.a(BleGap.o)
                0x00021ac0                BLEGAP_SetModeWithIntervals
 .text.BLEGAP_GetMode
                0x00021b50        0xc ./../Libraries/BLEStack/Alpwise/Core_Stack/Libraries/BLESW_CoreStack_CM3.a(BleGap.o)
                0x00021b50                BLEGAP_GetMode
 .text.BLEGAP_GetADDataBlock
                0x00021b5c       0x36 ./../Libraries/BLEStack/Alpwise/Core_Stack/Libraries/BLESW_CoreStack_CM3.a(BleGap.o)
                0x00021b5c                BLEGAP_GetADDataBlock
 *fill*         0x00021b92        0x2 00
 .text.BleGap_stackCallback
                0x00021b94      0x45c ./../Libraries/BLEStack/Alpwise/Core_Stack/Libraries/BLESW_CoreStack_CM3.a(BleGap.o)
 .text.BLEGAP_Disconnect
                0x00021ff0        0x4 ./../Libraries/BLEStack/Alpwise/Core_Stack/Libraries/BLESW_CoreStack_CM3.a(BleGap.o)
                0x00021ff0                BLEGAP_Disconnect
 .text.BleGap_Add128bitsServiceUUID
                0x00021ff4       0x48 ./../Libraries/BLEStack/Alpwise/Core_Stack/Libraries/BLESW_CoreStack_CM3.a(BleGap.o)
                0x00021ff4                BleGap_Add128bitsServiceUUID
 .text.BleTransport_Reset
                0x0002203c       0x28 ./../Libraries/BLEStack/Alpwise/Core_Stack/Libraries/BLESW_CoreStack_CM3.a(BleTransport.o)
                0x0002203c                BleTransport_Reset
 .text.BleTransport_Init
                0x00022064       0x12 ./../Libraries/BLEStack/Alpwise/Core_Stack/Libraries/BLESW_CoreStack_CM3.a(BleTransport.o)
                0x00022064                BleTransport_Init
 .text.BleTransport_Deinit
                0x00022076        0xe ./../Libraries/BLEStack/Alpwise/Core_Stack/Libraries/BLESW_CoreStack_CM3.a(BleTransport.o)
                0x00022076                BleTransport_Deinit
 .text.BleTransport_SendDataPacket
                0x00022084       0x50 ./../Libraries/BLEStack/Alpwise/Core_Stack/Libraries/BLESW_CoreStack_CM3.a(BleTransport.o)
                0x00022084                BleTransport_SendDataPacket
 .text.BleTransport_SendCommandPacket
                0x000220d4       0x4e ./../Libraries/BLEStack/Alpwise/Core_Stack/Libraries/BLESW_CoreStack_CM3.a(BleTransport.o)
                0x000220d4                BleTransport_SendCommandPacket
 *fill*         0x00022122        0x2 00
 .text.BLETRANSPORT_UartDataReceived
                0x00022124      0x134 ./../Libraries/BLEStack/Alpwise/Core_Stack/Libraries/BLESW_CoreStack_CM3.a(BleTransport.o)
                0x00022124                BLETRANSPORT_UartDataReceived
 .text.Att_Init
                0x00022258       0x2c ./../Libraries/BLEStack/Alpwise/Core_Stack/Libraries/BLESW_CoreStack_CM3.a(att.o)
                0x00022258                Att_Init
 .text.Att_GetConnectionIndex
                0x00022284       0x38 ./../Libraries/BLEStack/Alpwise/Core_Stack/Libraries/BLESW_CoreStack_CM3.a(att.o)
                0x00022284                Att_GetConnectionIndex
 .text.Att_StackCallback
                0x000222bc       0x68 ./../Libraries/BLEStack/Alpwise/Core_Stack/Libraries/BLESW_CoreStack_CM3.a(att.o)
 .text.BleL2cap_HandleAttributeProtocolEvent
                0x00022324       0x32 ./../Libraries/BLEStack/Alpwise/Core_Stack/Libraries/BLESW_CoreStack_CM3.a(att.o)
                0x00022324                BleL2cap_HandleAttributeProtocolEvent
 *fill*         0x00022356        0x2 00
 .text.ATT_is128bitsUUIDBtMasked
                0x00022358       0x30 ./../Libraries/BLEStack/Alpwise/Core_Stack/Libraries/BLESW_CoreStack_CM3.a(attmemory.o)
                0x00022358                ATT_is128bitsUUIDBtMasked
 .text.ATT_Are16bitsUUIDEquals
                0x00022388       0x34 ./../Libraries/BLEStack/Alpwise/Core_Stack/Libraries/BLESW_CoreStack_CM3.a(attmemory.o)
                0x00022388                ATT_Are16bitsUUIDEquals
 .text.ATT_Are128bitsUUIDEquals
                0x000223bc       0x3e ./../Libraries/BLEStack/Alpwise/Core_Stack/Libraries/BLESW_CoreStack_CM3.a(attmemory.o)
                0x000223bc                ATT_Are128bitsUUIDEquals
 *fill*         0x000223fa        0x2 00
 .text.AttServer_PostConfirmationEvent
                0x000223fc       0x24 ./../Libraries/BLEStack/Alpwise/Core_Stack/Libraries/BLESW_CoreStack_CM3.a(attservercore.o)
 .text.SendErrorResponse
                0x00022420       0x38 ./../Libraries/BLEStack/Alpwise/Core_Stack/Libraries/BLESW_CoreStack_CM3.a(attservercore.o)
 .text.attServer_IndicationTransactionTimer
                0x00022458       0x20 ./../Libraries/BLEStack/Alpwise/Core_Stack/Libraries/BLESW_CoreStack_CM3.a(attservercore.o)
 .text.attServer_WriteCheckPermission.isra.1
                0x00022478       0x6c ./../Libraries/BLEStack/Alpwise/Core_Stack/Libraries/BLESW_CoreStack_CM3.a(attservercore.o)
 .text.isAttributeUUIDEqualsTo
                0x000224e4       0x24 ./../Libraries/BLEStack/Alpwise/Core_Stack/Libraries/BLESW_CoreStack_CM3.a(attservercore.o)
 .text.FindEndGroupHandle
                0x00022508       0x5c ./../Libraries/BLEStack/Alpwise/Core_Stack/Libraries/BLESW_CoreStack_CM3.a(attservercore.o)
 .text.FindFirstAttribute
                0x00022564       0x58 ./../Libraries/BLEStack/Alpwise/Core_Stack/Libraries/BLESW_CoreStack_CM3.a(attservercore.o)
 .text.attServer_serviceChangeConfirmationCallback
                0x000225bc       0x26 ./../Libraries/BLEStack/Alpwise/Core_Stack/Libraries/BLESW_CoreStack_CM3.a(attservercore.o)
 .text.AttServer_PostEvent