Archive member included because of file (symbol)

./../Platform/BLE/debug/libBLE_efm32_debug.a(BLE_serialDriver_cc.o)
                              C:/XDK-Workbench/workspace/EyesOnTheRoad/StreamSensorDataOverUsb/debug/objects/SendBLE.o (BLE_hciReceiveData)
./../Platform/BLE/debug/libBLE_efm32_debug.a(BLE_stateHandler_cc.o)
                              C:/XDK-Workbench/workspace/EyesOnTheRoad/StreamSensorDataOverUsb/debug/objects/SendBLE.o (BLE_coreStackInit)
./../Platform/BLE/debug/libBLE_efm32_debug.a(BLE_radioInterface_cc.o)
                              ./../Platform/BLE/debug/libBLE_efm32_debug.a(BLE_stateHandler_cc.o) (BLERADIO_IsPublicAddressValid)
./../Platform/Sensors/debug/libSensors_efm32_debug.a(Environmental.o)
                              C:/XDK-Workbench/workspace/EyesOnTheRoad/StreamSensorDataOverUsb/debug/objects/EnvironmentalSensor.o (Environmental_init)
./../Platform/Sensors/debug/libSensors_efm32_debug.a(Gyroscope.o)
                              C:/XDK-Workbench/workspace/EyesOnTheRoad/StreamSensorDataOverUsb/debug/objects/Gyroscope.o (Gyroscope_init)
./../Platform/Sensors/debug/libSensors_efm32_debug.a(Accelerometer.o)
                              C:/XDK-Workbench/workspace/EyesOnTheRoad/StreamSensorDataOverUsb/debug/objects/Accelerometer.o (Accelerometer_init)
./../Platform/Sensors/debug/libSensors_efm32_debug.a(LightSensor.o)
                              C:/XDK-Workbench/workspace/EyesOnTheRoad/StreamSensorDataOverUsb/debug/objects/LightSensor.o (LightSensor_init)
./../Platform/Sensors/debug/libSensors_efm32_debug.a(Magnetometer.o)
                              C:/XDK-Workbench/workspace/EyesOnTheRoad/StreamSensorDataOverUsb/debug/objects/Magnetometer.o (Magnetometer_init)
./../Platform/SensorUtils/debug/libSensorUtils_efm32_debug.a(Bma280Utils.o)
                              ./../Platform/Sensors/debug/libSensors_efm32_debug.a(Accelerometer.o) (Bma280Utils_initialize)
./../Platform/SensorUtils/debug/libSensorUtils_efm32_debug.a(AxisRemap.o)
                              ./../Platform/SensorUtils/debug/libSensorUtils_efm32_debug.a(Bma280Utils.o) (AxisRemap_remapSensorData)
./../Platform/SensorUtils/debug/libSensorUtils_efm32_debug.a(Bmi160Utils.o)
                              ./../Platform/Sensors/debug/libSensors_efm32_debug.a(Gyroscope.o) (Bmi160Utils_initialize)
./../Platform/SensorUtils/debug/libSensorUtils_efm32_debug.a(Bmg160Utils.o)
                              ./../Platform/Sensors/debug/libSensors_efm32_debug.a(Gyroscope.o) (Bmg160Utils_initialize)
./../Platform/SensorUtils/debug/libSensorUtils_efm32_debug.a(Bme280Utils.o)
                              ./../Platform/Sensors/debug/libSensors_efm32_debug.a(Environmental.o) (Bme280Utils_initialize)
./../Platform/SensorUtils/debug/libSensorUtils_efm32_debug.a(Bmm150Utils.o)
                              ./../Platform/Sensors/debug/libSensors_efm32_debug.a(Magnetometer.o) (Bmm150Utils_initialize)
./../Platform/SensorUtils/debug/libSensorUtils_efm32_debug.a(Max44009Utils.o)
                              ./../Platform/Sensors/debug/libSensors_efm32_debug.a(LightSensor.o) (Max44009Utils_initialize)
./../Libraries/FreeRTOS/FreeRTOS/../BCDS_Customization/debug/libFreeRTOS_efm32_debug.a(queue.o)
                              ./../Platform/SensorToolbox/release/libSensorToolbox.a (xQueueCreateMutex)
./../Libraries/FreeRTOS/FreeRTOS/../BCDS_Customization/debug/libFreeRTOS_efm32_debug.a(tasks.o)
                              C:/XDK-Workbench/workspace/EyesOnTheRoad/StreamSensorDataOverUsb/debug/objects/SendBLE.o (xTaskGenericCreate)
./../Libraries/FreeRTOS/FreeRTOS/../BCDS_Customization/debug/libFreeRTOS_efm32_debug.a(timers.o)
                              ./../Libraries/FreeRTOS/FreeRTOS/../BCDS_Customization/debug/libFreeRTOS_efm32_debug.a(tasks.o) (xTimerCreateTimerTask)
./../Libraries/FreeRTOS/FreeRTOS/../BCDS_Customization/debug/libFreeRTOS_efm32_debug.a(heap_4.o)
                              ./../Libraries/FreeRTOS/FreeRTOS/../BCDS_Customization/debug/libFreeRTOS_efm32_debug.a(queue.o) (pvPortMalloc)
./../Libraries/FreeRTOS/FreeRTOS/../BCDS_Customization/debug/libFreeRTOS_efm32_debug.a(port.o)
                              ./../Libraries/FreeRTOS/FreeRTOS/../BCDS_Customization/debug/libFreeRTOS_efm32_debug.a(tasks.o) (pxPortInitialiseStack)
./../Libraries/FreeRTOS/FreeRTOS/../BCDS_Customization/debug/libFreeRTOS_efm32_debug.a(list.o)
                              ./../Libraries/FreeRTOS/FreeRTOS/../BCDS_Customization/debug/libFreeRTOS_efm32_debug.a(queue.o) (vListInitialise)
./../Platform/Peripherals/debug/libPeripherals_efm32_debug.a(I2C_cc.o)
                              ./../Platform/SensorUtils/debug/libSensorUtils_efm32_debug.a(Bma280Utils.o) (I2C_delayFunction)
./../Platform/Peripherals/debug/libPeripherals_efm32_debug.a(SID_serialDriverInf_cc.o)
                              ./../Platform/Peripherals/debug/libPeripherals_efm32_debug.a(I2C_cc.o) (SID_init)
[...]
Memory Configuration

Name             Origin             Length             Attributes
FLASH            0x00010000         0x000f0000         xr
RAM              0x20000000         0x00020000         xrw
*default*        0x00000000         0xffffffff

Linker script and memory map

LOAD c:/xdk-workbench/armgcc/bin/../lib/gcc/arm-none-eabi/4.7.4/armv7-m/crti.o
LOAD c:/xdk-workbench/armgcc/bin/../lib/gcc/arm-none-eabi/4.7.4/armv7-m/crtbegin.o
LOAD c:/xdk-workbench/armgcc/bin/../lib/gcc/arm-none-eabi/4.7.4/../../../../arm-none-eabi/lib/armv7-m/crt0.o
LOAD C:/XDK-Workbench/workspace/EyesOnTheRoad/StreamSensorDataOverUsb/debug/objects/./../Platform/Utils/source/RSM_retargetStdioMessage/retargetio.o
LOAD C:/XDK-Workbench/workspace/EyesOnTheRoad/StreamSensorDataOverUsb/debug/objects/./../Libraries/EMlib/EMLib/usb/src/em_usbdint.o
LOAD C:/XDK-Workbench/workspace/EyesOnTheRoad/StreamSensorDataOverUsb/debug/objects/main.o
LOAD C:/XDK-Workbench/workspace/EyesOnTheRoad/StreamSensorDataOverUsb/debug/objects/StreamSensorData.o
LOAD C:/XDK-Workbench/workspace/EyesOnTheRoad/StreamSensorDataOverUsb/debug/objects/Accelerometer.o
LOAD C:/XDK-Workbench/workspace/EyesOnTheRoad/StreamSensorDataOverUsb/debug/objects/Gyroscope.o
LOAD C:/XDK-Workbench/workspace/EyesOnTheRoad/StreamSensorDataOverUsb/debug/objects/InertialSensor.o
LOAD C:/XDK-Workbench/workspace/EyesOnTheRoad/StreamSensorDataOverUsb/debug/objects/LightSensor.o
LOAD C:/XDK-Workbench/workspace/EyesOnTheRoad/StreamSensorDataOverUsb/debug/objects/Magnetometer.o
LOAD C:/XDK-Workbench/workspace/EyesOnTheRoad/StreamSensorDataOverUsb/debug/objects/EnvironmentalSensor.o
LOAD C:/XDK-Workbench/workspace/EyesOnTheRoad/StreamSensorDataOverUsb/debug/objects/SendBLE.o
LOAD C:/XDK-Workbench/workspace/EyesOnTheRoad/StreamSensorDataOverUsb/debug/objects/startup_efm32gg.o
START GROUP
LOAD ./../Platform/SensorToolbox/release/libSensorToolbox.a
LOAD ./../Libraries/WiFi/TI/../BCDS_Customization/debug/libWifiLib_efm32_debug.a
LOAD ./../Platform/Wlan/debug/libWlan_efm32_debug.a
LOAD ./../Libraries/ServalStack/BCDS_Customization/release/libServalStack_efm32.a
LOAD ./../Platform/ServalPAL_WiFi/release/libServalPalWifi_efm32.a
LOAD ./../Platform/MiscDrivers/debug/libMiscDrivers_efm32_debug.a
LOAD ./../Platform/BLE/debug/libBLE_efm32_debug.a
LOAD ./../Platform/Sensors/debug/libSensors_efm32_debug.a
LOAD ./../Platform/SensorUtils/debug/libSensorUtils_efm32_debug.a
LOAD ./../Libraries/FreeRTOS/FreeRTOS/../BCDS_Customization/debug/libFreeRTOS_efm32_debug.a
LOAD ./../Platform/Peripherals/debug/libPeripherals_efm32_debug.a
LOAD ./../Libraries/EMlib/EMLib/../BCDS_Customization/debug/libEMLib_efm32_debug.a
LOAD ./../Libraries/BSTLib/BST_Github/../BCDS_Customization/debug/libBSTLib_efm32_debug.a
LOAD ../Common/debug/XDKCommon_efm32_debug.a
LOAD ./../Platform/Utils/debug/libUtils_efm32_debug.a
LOAD ./../Platform/Basics/debug/libBasics_efm32_debug.a
LOAD ./../Platform/SensorDrivers/debug/libSensorDrivers_efm32_debug.a
LOAD ./../Platform/Power/debug/libPOWER_efm32_debug.a
LOAD ./../Platform/SensorDrivers/debug/libSensorDrivers_efm32_debug.a
LOAD ./../Libraries/FATfs/BCDS_Customization/debug/libFATfs_efm32_debug.a
LOAD ./../Platform/FOTA/debug/libFOTA_efm32_debug.a
LOAD ./../Libraries/Escrypt_CycurTLS/CycurTLS/src/cycurlib/../../../BCDS_Customization/release/libCYCURTLS_efm32.a
LOAD ./../Libraries/BLEStack/Alpwise/Core_Stack/Libraries/BLESW_CoreStack_CM3.a
LOAD ./../Libraries/BLEStack/Alpwise/Service/Data_Exchange_Service/Libraries/BLESW_ALPWDEP_Server_CM3.a
LOAD ./../Libraries/BLEStack/Alpwise/Core_Stack/Libraries/BLESW_ALPWDES_CM3.a
LOAD ./../Libraries/BLEStack/Alpwise/Service/BLESW_AlertNotification/Libraries/BLESW_ANP_Server_CM3.a
LOAD ./../Libraries/BLEStack/Alpwise/Core_Stack/Libraries/BLESW_ANS_CM3.a
LOAD ./../Libraries/BLEStack/Alpwise/Service/BLESW_BloodPressure/Libraries/BLESW_BLP_Sensor_CM3.a
LOAD ./../Libraries/BLEStack/Alpwise/Core_Stack/Libraries/BLESW_BLS_CM3.a
LOAD ./../Libraries/BLEStack/Alpwise/Service/BLESW_CyclingPower/Libraries/BLESW_CPP_Sensor_CM3.a
LOAD ./../Libraries/BLEStack/Alpwise/Core_Stack/Libraries/BLESW_CPS_CM3.a
LOAD ./../Libraries/BLEStack/Alpwise/Service/BLESW_CyclingSpeedAndCadence/Libraries/BLESW_CSCP_Sensor_CM3.a
LOAD ./../Libraries/BLEStack/Alpwise/Core_Stack/Libraries/BLESW_CSCS_CM3.a
LOAD ./../Libraries/BLEStack/Alpwise/Service/BLESW_Glucose/Libraries/BLESW_GLP_Sensor_CM3.a
LOAD ./../Libraries/BLEStack/Alpwise/Core_Stack/Libraries/BLESW_GLS_CM3.a
LOAD ./../Libraries/BLEStack/Alpwise/Service/BLESW_HealthThermometer/Libraries/BLESW_HTP_Thermometer_CM3.a
LOAD ./../Libraries/BLEStack/Alpwise/Core_Stack/Libraries/BLESW_HTS_CM3.a
LOAD ./../Libraries/BLEStack/Alpwise/Service/BLESW_HeartRate/Libraries/BLESW_HRP_Sensor_CM3.a
LOAD ./../Libraries/BLEStack/Alpwise/Core_Stack/Libraries/BLESW_HRS_CM3.a
LOAD ./../Libraries/BLEStack/Alpwise/Service/BLESW_HumanInterfaceDevice/Libraries/BLESW_HID_Host_CM3.a
LOAD ./../Libraries/BLEStack/Alpwise/Core_Stack/Libraries/BLESW_HIDS_CM3.a
LOAD ./../Libraries/BLEStack/Alpwise/Service/BLESW_LocationAndNavigation/Libraries/BLESW_LNP_Sensor_CM3.a
LOAD ./../Libraries/BLEStack/Alpwise/Core_Stack/Libraries/BLESW_LNS_CM3.a
LOAD ./../Libraries/BLEStack/Alpwise/Service/BLESW_NetworkAvailability/Libraries/BLESW_NWAP_Reporter_CM3.a
LOAD ./../Libraries/BLEStack/Alpwise/Core_Stack/Libraries/BLESW_NWAS_CM3.a
LOAD ./../Libraries/BLEStack/Alpwise/Service/BLESW_PhoneAlertStatus/Libraries/BLESW_PASP_Server_CM3.a
LOAD ./../Libraries/BLEStack/Alpwise/Core_Stack/Libraries/BLESW_PASS_CM3.a
LOAD ./../Libraries/BLEStack/Alpwise/Service/BLESW_RunningSpeedAndCadence/Libraries/BLESW_RSCP_Sensor_CM3.a
LOAD ./../Libraries/BLEStack/Alpwise/Core_Stack/Libraries/BLESW_RSCS_CM3.a
LOAD ./../Libraries/EMlib/EMLib/CMSIS/Lib/GCC/libarm_cortexM3l_math.a
END GROUP
START GROUP
LOAD c:/xdk-workbench/armgcc/bin/../lib/gcc/arm-none-eabi/4.7.4/armv7-m\libgcc.a
LOAD c:/xdk-workbench/armgcc/bin/../lib/gcc/arm-none-eabi/4.7.4/../../../../arm-none-eabi/lib/armv7-m\libc.a
LOAD c:/xdk-workbench/armgcc/bin/../lib/gcc/arm-none-eabi/4.7.4/../../../../arm-none-eabi/lib/armv7-m\libm.a
END GROUP
START GROUP
LOAD c:/xdk-workbench/armgcc/bin/../lib/gcc/arm-none-eabi/4.7.4/armv7-m\libgcc.a
LOAD c:/xdk-workbench/armgcc/bin/../lib/gcc/arm-none-eabi/4.7.4/../../../../arm-none-eabi/lib/armv7-m\libc.a
END GROUP
LOAD c:/xdk-workbench/armgcc/bin/../lib/gcc/arm-none-eabi/4.7.4/armv7-m/crtend.o
LOAD c:/xdk-workbench/armgcc/bin/../lib/gcc/arm-none-eabi/4.7.4/armv7-m/crtn.o

.text           0x00010000    0x25fa0
 *(.isr_vector)
 .isr_vector    0x00010000      0x100 C:/XDK-Workbench/workspace/EyesOnTheRoad/StreamSensorDataOverUsb/debug/objects/startup_efm32gg.o
                0x00010000                __isr_vector
 *(.text*)
 .text          0x00010100       0x54 c:/xdk-workbench/armgcc/bin/../lib/gcc/arm-none-eabi/4.7.4/armv7-m/crtbegin.o
 .text          0x00010154       0x70 c:/xdk-workbench/armgcc/bin/../lib/gcc/arm-none-eabi/4.7.4/../../../../arm-none-eabi/lib/armv7-m/crt0.o
                0x00010154                _start
                0x00010154                start
                0x00010154                _mainCRTStartup
 .text._close   0x000101c4       0x18 C:/XDK-Workbench/workspace/EyesOnTheRoad/StreamSensorDataOverUsb/debug/objects/./../Platform/Utils/source/RSM_retargetStdioMessage/retargetio.o
                0x000101c4                _close
 .text._exit    0x000101dc        0xc C:/XDK-Workbench/workspace/EyesOnTheRoad/StreamSensorDataOverUsb/debug/objects/./../Platform/Utils/source/RSM_retargetStdioMessage/retargetio.o
                0x000101dc                _exit
 .text._fstat   0x000101e8       0x24 C:/XDK-Workbench/workspace/EyesOnTheRoad/StreamSensorDataOverUsb/debug/objects/./../Platform/Utils/source/RSM_retargetStdioMessage/retargetio.o
                0x000101e8                _fstat
 .text._isatty  0x0001020c       0x18 C:/XDK-Workbench/workspace/EyesOnTheRoad/StreamSensorDataOverUsb/debug/objects/./../Platform/Utils/source/RSM_retargetStdioMessage/retargetio.o
                0x0001020c                _isatty
 .text._lseek   0x00010224       0x1c C:/XDK-Workbench/workspace/EyesOnTheRoad/StreamSensorDataOverUsb/debug/objects/./../Platform/Utils/source/RSM_retargetStdioMessage/retargetio.o
                0x00010224                _lseek
 .text._read    0x00010240       0x70 C:/XDK-Workbench/workspace/EyesOnTheRoad/StreamSensorDataOverUsb/debug/objects/./../Platform/Utils/source/RSM_retargetStdioMessage/retargetio.o
                0x00010240                _read
 .text._sbrk    0x000102b0       0xa0 C:/XDK-Workbench/workspace/EyesOnTheRoad/StreamSensorDataOverUsb/debug/objects/./../Platform/Utils/source/RSM_retargetStdioMessage/retargetio.o
                0x000102b0                _sbrk
 .text._write   0x00010350       0x20 C:/XDK-Workbench/workspace/EyesOnTheRoad/StreamSensorDataOverUsb/debug/objects/./../Platform/Utils/source/RSM_retargetStdioMessage/retargetio.o
                0x00010350                _write
 .text.INT_Disable
                0x00010370       0x40 C:/XDK-Workbench/workspace/EyesOnTheRoad/StreamSensorDataOverUsb/debug/objects/./../Libraries/EMlib/EMLib/usb/src/em_usbdint.o
 .text.INT_Enable
                0x000103b0       0x54 C:/XDK-Workbench/workspace/EyesOnTheRoad/StreamSensorDataOverUsb/debug/objects/./../Libraries/EMlib/EMLib/usb/src/em_usbdint.o
 .text.USBHAL_FlushTxFifo
                0x00010404       0x4c C:/XDK-Workbench/workspace/EyesOnTheRoad/StreamSensorDataOverUsb/debug/objects/./../Libraries/EMlib/EMLib/usb/src/em_usbdint.o
 .text.USBHAL_GetCoreInts
                0x00010450       0x40 C:/XDK-Workbench/workspace/EyesOnTheRoad/StreamSensorDataOverUsb/debug/objects/./../Libraries/EMlib/EMLib/usb/src/em_usbdint.o
 .text.USBDHAL_EnableInts
                0x00010490       0x70 C:/XDK-Workbench/workspace/EyesOnTheRoad/StreamSensorDataOverUsb/debug/objects/./../Libraries/EMlib/EMLib/usb/src/em_usbdint.o
 .text.USBDHAL_Ep0Activate
                0x00010500       0x70 C:/XDK-Workbench/workspace/EyesOnTheRoad/StreamSensorDataOverUsb/debug/objects/./../Libraries/EMlib/EMLib/usb/src/em_usbdint.o
 .text.USBDHAL_GetAllInEpInts
                0x00010570       0x48 C:/XDK-Workbench/workspace/EyesOnTheRoad/StreamSensorDataOverUsb/debug/objects/./../Libraries/EMlib/EMLib/usb/src/em_usbdint.o
 .text.USBDHAL_GetAllOutEpInts
                0x000105b8       0x44 C:/XDK-Workbench/workspace/EyesOnTheRoad/StreamSensorDataOverUsb/debug/objects/./../Libraries/EMlib/EMLib/usb/src/em_usbdint.o
 .text.USBDHAL_GetInEpInts
                0x000105fc       0x44 C:/XDK-Workbench/workspace/EyesOnTheRoad/StreamSensorDataOverUsb/debug/objects/./../Libraries/EMlib/EMLib/usb/src/em_usbdint.o
 .text.USBDHAL_GetOutEpInts
                0x00010640       0x44 C:/XDK-Workbench/workspace/EyesOnTheRoad/StreamSensorDataOverUsb/debug/objects/./../Libraries/EMlib/EMLib/usb/src/em_usbdint.o
 .text.USBDHAL_StartEp0Setup
                0x00010684       0x88 C:/XDK-Workbench/workspace/EyesOnTheRoad/StreamSensorDataOverUsb/debug/objects/./../Libraries/EMlib/EMLib/usb/src/em_usbdint.o
 .text.USBD_GetEpFromAddr
                0x0001070c       0xa0 C:/XDK-Workbench/workspace/EyesOnTheRoad/StreamSensorDataOverUsb/debug/objects/./../Libraries/EMlib/EMLib/usb/src/em_usbdint.o
 .text.USB_IRQHandler
                0x000107ac      0x16c C:/XDK-Workbench/workspace/EyesOnTheRoad/StreamSensorDataOverUsb/debug/objects/./../Libraries/EMlib/EMLib/usb/src/em_usbdint.o
                0x000107ac                USB_IRQHandler
 .text.Handle_USB_GINTSTS_ENUMDONE
                0x00010918       0x3c C:/XDK-Workbench/workspace/EyesOnTheRoad/StreamSensorDataOverUsb/debug/objects/./../Libraries/EMlib/EMLib/usb/src/em_usbdint.o
 .text.Handle_USB_GINTSTS_IEPINT
                0x00010954      0x118 C:/XDK-Workbench/workspace/EyesOnTheRoad/StreamSensorDataOverUsb/debug/objects/./../Libraries/EMlib/EMLib/usb/src/em_usbdint.o
 .text.Handle_USB_GINTSTS_OEPINT
                0x00010a6c      0x230 C:/XDK-Workbench/workspace/EyesOnTheRoad/StreamSensorDataOverUsb/debug/objects/./../Libraries/EMlib/EMLib/usb/src/em_usbdint.o
 .text.Handle_USB_GINTSTS_RESETDET
                0x00010c9c       0x40 C:/XDK-Workbench/workspace/EyesOnTheRoad/StreamSensorDataOverUsb/debug/objects/./../Libraries/EMlib/EMLib/usb/src/em_usbdint.o
 .text.Handle_USB_GINTSTS_SOF
                0x00010cdc       0x64 C:/XDK-Workbench/workspace/EyesOnTheRoad/StreamSensorDataOverUsb/debug/objects/./../Libraries/EMlib/EMLib/usb/src/em_usbdint.o
 .text.Handle_USB_GINTSTS_USBRST
                0x00010d40      0x150 C:/XDK-Workbench/workspace/EyesOnTheRoad/StreamSensorDataOverUsb/debug/objects/./../Libraries/EMlib/EMLib/usb/src/em_usbdint.o
 .text.Handle_USB_GINTSTS_USBSUSP
                0x00010e90       0x68 C:/XDK-Workbench/workspace/EyesOnTheRoad/StreamSensorDataOverUsb/debug/objects/./../Libraries/EMlib/EMLib/usb/src/em_usbdint.o
 .text.Handle_USB_GINTSTS_WKUPINT
                0x00010ef8       0x30 C:/XDK-Workbench/workspace/EyesOnTheRoad/StreamSensorDataOverUsb/debug/objects/./../Libraries/EMlib/EMLib/usb/src/em_usbdint.o
 .text.main     0x00010f28       0x10 C:/XDK-Workbench/workspace/EyesOnTheRoad/StreamSensorDataOverUsb/debug/objects/main.o
                0x00010f28                main
 .text.init     0x00010f38       0x18 C:/XDK-Workbench/workspace/EyesOnTheRoad/StreamSensorDataOverUsb/debug/objects/StreamSensorData.o
                0x00010f38                init
 .text.appInitSystem
                0x00010f50       0x14 C:/XDK-Workbench/workspace/EyesOnTheRoad/StreamSensorDataOverUsb/debug/objects/StreamSensorData.o
                0x00010f50                appInitSystem
 .text.printSensorData
                0x00010f64      0x190 C:/XDK-Workbench/workspace/EyesOnTheRoad/StreamSensorDataOverUsb/debug/objects/Gyroscope.o
                0x00010f64                printSensorData
 .text.gyroscopeSensorInit
                0x000110f4       0xf4 C:/XDK-Workbench/workspace/EyesOnTheRoad/StreamSensorDataOverUsb/debug/objects/Gyroscope.o
                0x000110f4                gyroscopeSensorInit
 .text.appDeferredISRCallback
                0x000111e8       0x30 C:/XDK-Workbench/workspace/EyesOnTheRoad/StreamSensorDataOverUsb/debug/objects/LightSensor.o
 .text.realTimeISRCallback
                0x00011218       0x58 C:/XDK-Workbench/workspace/EyesOnTheRoad/StreamSensorDataOverUsb/debug/objects/LightSensor.o
 .text.printLightSensorData
                0x00011270       0x60 C:/XDK-Workbench/workspace/EyesOnTheRoad/StreamSensorDataOverUsb/debug/objects/LightSensor.o
                0x00011270                printLightSensorData
 .text.lightsensorInit
                0x000112d0      0x164 C:/XDK-Workbench/workspace/EyesOnTheRoad/StreamSensorDataOverUsb/debug/objects/LightSensor.o
                0x000112d0                lightsensorInit
 *fill*         0x00011434        0x4 00
 .text.convertPaHeight
                0x00011438       0x80 C:/XDK-Workbench/workspace/EyesOnTheRoad/StreamSensorDataOverUsb/debug/objects/EnvironmentalSensor.o
 .text.printEnvData
                0x000114b8       0xcc C:/XDK-Workbench/workspace/EyesOnTheRoad/StreamSensorDataOverUsb/debug/objects/EnvironmentalSensor.o
 .text.environmentalSensorInit
                0x00011584       0xf4 C:/XDK-Workbench/workspace/EyesOnTheRoad/StreamSensorDataOverUsb/debug/objects/EnvironmentalSensor.o
                0x00011584                environmentalSensorInit
 .text.notificationCallback
                0x00011678       0x50 C:/XDK-Workbench/workspace/EyesOnTheRoad/StreamSensorDataOverUsb/debug/objects/SendBLE.o
 .text.bleAppHandler
                0x000116c8       0x1c C:/XDK-Workbench/workspace/EyesOnTheRoad/StreamSensorDataOverUsb/debug/objects/SendBLE.o
 .text.bleAlpwDataExchangeService
                0x000116e4       0xfc C:/XDK-Workbench/workspace/EyesOnTheRoad/StreamSensorDataOverUsb/debug/objects/SendBLE.o
 .text.bleAppServiceRegister
                0x000117e0       0x34 C:/XDK-Workbench/workspace/EyesOnTheRoad/StreamSensorDataOverUsb/debug/objects/SendBLE.o
 .text.callbackIsr
                0x00011814      0x184 C:/XDK-Workbench/workspace/EyesOnTheRoad/StreamSensorDataOverUsb/debug/objects/SendBLE.o
                0x00011814                callbackIsr
 .text.initReceiveDataISR
                0x00011998       0x14 C:/XDK-Workbench/workspace/EyesOnTheRoad/StreamSensorDataOverUsb/debug/objects/SendBLE.o
 .text.bleInit  0x000119ac       0x84 C:/XDK-Workbench/workspace/EyesOnTheRoad/StreamSensorDataOverUsb/debug/objects/SendBLE.o
                0x000119ac                bleInit
 .text          0x00011a30       0x98 C:/XDK-Workbench/workspace/EyesOnTheRoad/StreamSensorDataOverUsb/debug/objects/startup_efm32gg.o
                0x00011a30                Reset_Handler
                0x00011a64                Default_Handler
                0x00011a66                NMI_Handler
                0x00011a68                HardFault_Handler
                0x00011a6a                MemManage_Handler
                0x00011a6c                BusFault_Handler
                0x00011a6e                UsageFault_Handler
                0x00011a72                DebugMon_Handler
                0x00011a76                SysTick_Handler
                0x00011a78                DMA_IRQHandler
                0x00011a82                ACMP0_IRQHandler
                0x00011a86                ADC0_IRQHandler
                0x00011a88                DAC0_IRQHandler
                0x00011a90                TIMER1_IRQHandler
                0x00011a92                TIMER2_IRQHandler
                0x00011a94                TIMER3_IRQHandler
                0x00011a9a                LESENSE_IRQHandler
                0x00011aac                LETIMER0_IRQHandler
                0x00011aae                PCNT0_IRQHandler
                0x00011ab0                PCNT1_IRQHandler
                0x00011ab2                PCNT2_IRQHandler
                0x00011ab6                BURTC_IRQHandler
                0x00011ab8                CMU_IRQHandler
                0x00011aba                VCMP_IRQHandler
                0x00011abc                LCD_IRQHandler
                0x00011abe                MSC_IRQHandler
                0x00011ac0                AES_IRQHandler
                0x00011ac2                EBI_IRQHandler
                0x00011ac4                EMU_IRQHandler
 .text.GPIO_PinOutClear
                0x00011ac8       0x4c ./../Platform/BLE/debug/libBLE_efm32_debug.a(BLE_serialDriver_cc.o)
 .text.GPIO_PinOutSet
                0x00011b14       0x4c ./../Platform/BLE/debug/libBLE_efm32_debug.a(BLE_serialDriver_cc.o)
 .text.bleHciPtdConfig
                0x00011b60       0x88 ./../Platform/BLE/debug/libBLE_efm32_debug.a(BLE_serialDriver_cc.o)
 .text.BLE_hciDriverInit
                0x00011be8       0x40 ./../Platform/BLE/debug/libBLE_efm32_debug.a(BLE_serialDriver_cc.o)
                0x00011be8                BLE_hciDriverInit
 .text.BLE_hciDriverDeinit
                0x00011c28       0x24 ./../Platform/BLE/debug/libBLE_efm32_debug.a(BLE_serialDriver_cc.o)
                0x00011c28                BLE_hciDriverDeinit
 .text.BLE_hciReceiveData
                0x00011c4c       0x5c ./../Platform/BLE/debug/libBLE_efm32_debug.a(BLE_serialDriver_cc.o)
                0x00011c4c                BLE_hciReceiveData
 .text.BLE_hciAssertWakeupPin
                0x00011ca8       0x14 ./../Platform/BLE/debug/libBLE_efm32_debug.a(BLE_serialDriver_cc.o)
                0x00011ca8                BLE_hciAssertWakeupPin
 .text.BLE_hciDeassertWakeupPin
                0x00011cbc       0x14 ./../Platform/BLE/debug/libBLE_efm32_debug.a(BLE_serialDriver_cc.o)
                0x00011cbc                BLE_hciDeassertWakeupPin
 .text.BLE_hciSendData
                0x00011cd0       0x3c ./../Platform/BLE/debug/libBLE_efm32_debug.a(BLE_serialDriver_cc.o)
                0x00011cd0                BLE_hciSendData
 .text.bleCoreCallback
                0x00011d0c      0x224 ./../Platform/BLE/debug/libBLE_efm32_debug.a(BLE_stateHandler_cc.o)
 .text.bleGapCallback
                0x00011f30      0x1e0 ./../Platform/BLE/debug/libBLE_efm32_debug.a(BLE_stateHandler_cc.o)
 .text.bleSetNonConnectableState
                0x00012110       0x40 ./../Platform/BLE/debug/libBLE_efm32_debug.a(BLE_stateHandler_cc.o)
 .text.BLE_coreStackInit
                0x00012150       0x60 ./../Platform/BLE/debug/libBLE_efm32_debug.a(BLE_stateHandler_cc.o)
                0x00012150                BLE_coreStackInit
 .text.BLEMGMT_NotifyToRun
                0x000121b0       0x24 ./../Platform/BLE/debug/libBLE_efm32_debug.a(BLE_stateHandler_cc.o)
                0x000121b0                BLEMGMT_NotifyToRun
 .text.BLE_coreStateMachine
                0x000121d4      0x308 ./../Platform/BLE/debug/libBLE_efm32_debug.a(BLE_stateHandler_cc.o)
                0x000121d4                BLE_coreStateMachine
 .text.BLE_customServiceRegistry
                0x000124dc       0x34 ./../Platform/BLE/debug/libBLE_efm32_debug.a(BLE_stateHandler_cc.o)
                0x000124dc                BLE_customServiceRegistry
 .text.BLE_setDeviceName
                0x00012510       0x6c ./../Platform/BLE/debug/libBLE_efm32_debug.a(BLE_stateHandler_cc.o)
                0x00012510                BLE_setDeviceName
 .text.BLE_enablenotificationForConnect
                0x0001257c       0x48 ./../Platform/BLE/debug/libBLE_efm32_debug.a(BLE_stateHandler_cc.o)
                0x0001257c                BLE_enablenotificationForConnect
 .text.SendCommand
                0x000125c4      0x168 ./../Platform/BLE/debug/libBLE_efm32_debug.a(BLE_radioInterface_cc.o)
 .text.BLE_checkAddressValidity
                0x0001272c       0x3c ./../Platform/BLE/debug/libBLE_efm32_debug.a(BLE_radioInterface_cc.o)
 .text.BLERADIO_Init
                0x00012768       0x44 ./../Platform/BLE/debug/libBLE_efm32_debug.a(BLE_radioInterface_cc.o)
                0x00012768                BLERADIO_Init
 .text.BLERADIO_HCIEventHandler
                0x000127ac      0x234 ./../Platform/BLE/debug/libBLE_efm32_debug.a(BLE_radioInterface_cc.o)
                0x000127ac                BLERADIO_HCIEventHandler
 .text.BLERADIO_SetPublicAddress
                0x000129e0       0x44 ./../Platform/BLE/debug/libBLE_efm32_debug.a(BLE_radioInterface_cc.o)
                0x000129e0                BLERADIO_SetPublicAddress
 .text.BLERADIO_RegisterGetPublicAddressCallback
                0x00012a24       0x34 ./../Platform/BLE/debug/libBLE_efm32_debug.a(BLE_radioInterface_cc.o)
                0x00012a24                BLERADIO_RegisterGetPublicAddressCallback
 .text.BLERADIO_IsPublicAddressValid
                0x00012a58       0x18 ./../Platform/BLE/debug/libBLE_efm32_debug.a(BLE_radioInterface_cc.o)
                0x00012a58                BLERADIO_IsPublicAddressValid
 .text.Retcode_getPackage
                0x00012a70       0x1c ./../Platform/Sensors/debug/libSensors_efm32_debug.a(Environmental.o)
 .text.bme280LibErrorMapping
                0x00012a8c       0x48 ./../Platform/Sensors/debug/libSensors_efm32_debug.a(Environmental.o)
 .text.Environmental_init
                0x00012ad4       0xa4 ./../Platform/Sensors/debug/libSensors_efm32_debug.a(Environmental.o)
                0x00012ad4                Environmental_init
 .text.Environmental_readData
                0x00012b78       0xe0 ./../Platform/Sensors/debug/libSensors_efm32_debug.a(Environmental.o)
                0x00012b78                Environmental_readData
 .text.Environmental_readDataLSB
                0x00012c58       0xb8 ./../Platform/Sensors/debug/libSensors_efm32_debug.a(Environmental.o)
                0x00012c58                Environmental_readDataLSB
 .text.Retcode_getPackage
                0x00012d10       0x1c ./../Platform/Sensors/debug/libSensors_efm32_debug.a(Gyroscope.o)
 .text.bmg160LibErrorMapping
                0x00012d2c       0x48 ./../Platform/Sensors/debug/libSensors_efm32_debug.a(Gyroscope.o)
 .text.BMI160_libErrorMapping
                0x00012d74       0x48 ./../Platform/Sensors/debug/libSensors_efm32_debug.a(Gyroscope.o)
 .text.Gyroscope_init
                0x00012dbc       0xd0 ./../Platform/Sensors/debug/libSensors_efm32_debug.a(Gyroscope.o)
                0x00012dbc                Gyroscope_init
 .text.Gyroscope_readXyzValue
                0x00012e8c      0x1b4 ./../Platform/Sensors/debug/libSensors_efm32_debug.a(Gyroscope.o)
                0x00012e8c                Gyroscope_readXyzValue
 .text.Gyroscope_readXyzDegreeValue
                0x00013040      0x4dc ./../Platform/Sensors/debug/libSensors_efm32_debug.a(Gyroscope.o)
                0x00013040                Gyroscope_readXyzDegreeValue
 .text.Retcode_getPackage
                0x0001351c       0x1c ./../Platform/Sensors/debug/libSensors_efm32_debug.a(LightSensor.o)
 .text.mappingEnumForGetFunctions
                0x00013538       0x5c ./../Platform/Sensors/debug/libSensors_efm32_debug.a(LightSensor.o)
 .text.LightSensor_init
                0x00013594       0xa4 ./../Platform/Sensors/debug/libSensors_efm32_debug.a(LightSensor.o)
                0x00013594                LightSensor_init
 .text.LightSensor_getInterruptStatus
                0x00013638       0xd8 ./../Platform/Sensors/debug/libSensors_efm32_debug.a(LightSensor.o)
                0x00013638                LightSensor_getInterruptStatus
 .text.LightSensor_readRawData
                0x00013710       0x9c ./../Platform/Sensors/debug/libSensors_efm32_debug.a(LightSensor.o)
                0x00013710                LightSensor_readRawData
 .text.LightSensor_configureThresholdInterrupt
                0x000137ac       0xb8 ./../Platform/Sensors/debug/libSensors_efm32_debug.a(LightSensor.o)
                0x000137ac                LightSensor_configureThresholdInterrupt
 .text.LightSensor_registerRealTimeCallback
                0x00013864       0xb0 ./../Platform/Sensors/debug/libSensors_efm32_debug.a(LightSensor.o)
                0x00013864                LightSensor_registerRealTimeCallback
 .text.AxisRemap_remapSensorData
                0x00013914      0x184 ./../Platform/SensorUtils/debug/libSensorUtils_efm32_debug.a(AxisRemap.o)
                0x00013914                AxisRemap_remapSensorData
 .text.Retcode_getPackage
                0x00013a98       0x1c ./../Platform/SensorUtils/debug/libSensorUtils_efm32_debug.a(Bmi160Utils.o)
 .text.GPIO_PinOutSet
                0x00013ab4       0x4c ./../Platform/SensorUtils/debug/libSensorUtils_efm32_debug.a(Bmi160Utils.o)
 .text.libErrorMapping
                0x00013b00       0x48 ./../Platform/SensorUtils/debug/libSensorUtils_efm32_debug.a(Bmi160Utils.o)
 .text.Bmi160Utils_initialize
                0x00013b48      0x294 ./../Platform/SensorUtils/debug/libSensorUtils_efm32_debug.a(Bmi160Utils.o)
                0x00013b48                Bmi160Utils_initialize
 .text.Bmi160Utils_remapAxis
                0x00013ddc       0xb0 ./../Platform/SensorUtils/debug/libSensorUtils_efm32_debug.a(Bmi160Utils.o)
                0x00013ddc                Bmi160Utils_remapAxis
 .text.Retcode_getPackage
                0x00013e8c       0x1c ./../Platform/SensorUtils/debug/libSensorUtils_efm32_debug.a(Bmg160Utils.o)
 .text.GPIO_PinOutSet
                0x00013ea8       0x4c ./../Platform/SensorUtils/debug/libSensorUtils_efm32_debug.a(Bmg160Utils.o)
 .text.libErrorMapping
                0x00013ef4       0x48 ./../Platform/SensorUtils/debug/libSensorUtils_efm32_debug.a(Bmg160Utils.o)
 .text.Bmg160Utils_initialize
                0x00013f3c      0x25c ./../Platform/SensorUtils/debug/libSensorUtils_efm32_debug.a(Bmg160Utils.o)
                0x00013f3c                Bmg160Utils_initialize
 .text.Bmg160Utils_remapAxis
                0x00014198       0xb0 ./../Platform/SensorUtils/debug/libSensorUtils_efm32_debug.a(Bmg160Utils.o)
                0x00014198                Bmg160Utils_remapAxis
 .text.Retcode_getPackage
                0x00014248       0x1c ./../Platform/SensorUtils/debug/libSensorUtils_efm32_debug.a(Bme280Utils.o)
 .text.GPIO_PinOutSet
                0x00014264       0x4c ./../Platform/SensorUtils/debug/libSensorUtils_efm32_debug.a(Bme280Utils.o)
 .text.libErrorMapping
                0x000142b0       0x48 ./../Platform/SensorUtils/debug/libSensorUtils_efm32_debug.a(Bme280Utils.o)
 .text.Bme280Utils_initialize
                0x000142f8      0x20c ./../Platform/SensorUtils/debug/libSensorUtils_efm32_debug.a(Bme280Utils.o)
                0x000142f8                Bme280Utils_initialize
 .text.Retcode_getPackage
                0x00014504       0x1c ./../Platform/SensorUtils/debug/libSensorUtils_efm32_debug.a(Max44009Utils.o)
 .text.BITBAND_Peripheral
                0x00014520       0x30 ./../Platform/SensorUtils/debug/libSensorUtils_efm32_debug.a(Max44009Utils.o)
 .text.GPIO_IntClear
                0x00014550       0x20 ./../Platform/SensorUtils/debug/libSensorUtils_efm32_debug.a(Max44009Utils.o)
 .text.GPIO_PinOutSet
                0x00014570       0x4c ./../Platform/SensorUtils/debug/libSensorUtils_efm32_debug.a(Max44009Utils.o)
 .text.libErrorMapping
                0x000145bc       0x40 ./../Platform/SensorUtils/debug/libSensorUtils_efm32_debug.a(Max44009Utils.o)
 .text.controlIntrPin
                0x000145fc       0x98 ./../Platform/SensorUtils/debug/libSensorUtils_efm32_debug.a(Max44009Utils.o)
 .text.configureThresholdInterrupt
                0x00014694       0x78 ./../Platform/SensorUtils/debug/libSensorUtils_efm32_debug.a(Max44009Utils.o)
 .text.registerCallback
                0x0001470c       0x9c ./../Platform/SensorUtils/debug/libSensorUtils_efm32_debug.a(Max44009Utils.o)
 .text.Max44009Utils_initialize
                0x000147a8      0x238 ./../Platform/SensorUtils/debug/libSensorUtils_efm32_debug.a(Max44009Utils.o)
                0x000147a8                Max44009Utils_initialize
 .text.Max44009Utils_configInterrupt
                0x000149e0       0xc0 ./../Platform/SensorUtils/debug/libSensorUtils_efm32_debug.a(Max44009Utils.o)
                0x000149e0                Max44009Utils_configInterrupt
 .text.xQueueGenericReset
                0x00014aa0       0xc8 ./../Libraries/FreeRTOS/FreeRTOS/../BCDS_Customization/debug/libFreeRTOS_efm32_debug.a(queue.o)
                0x00014aa0                xQueueGenericReset
 .text.xQueueGenericCreate
                0x00014b68       0x90 ./../Libraries/FreeRTOS/FreeRTOS/../BCDS_Customization/debug/libFreeRTOS_efm32_debug.a(queue.o)
                0x00014b68                xQueueGenericCreate
 .text.xQueueCreateMutex
                0x00014bf8       0xb0 ./../Libraries/FreeRTOS/FreeRTOS/../BCDS_Customization/debug/libFreeRTOS_efm32_debug.a(queue.o)
                0x00014bf8                xQueueCreateMutex
 .text.xQueueGenericSend
                0x00014ca8      0x19c ./../Libraries/FreeRTOS/FreeRTOS/../BCDS_Customization/debug/libFreeRTOS_efm32_debug.a(queue.o)
                0x00014ca8                xQueueGenericSend
 .text.xQueueGenericSendFromISR
                0x00014e44       0xec ./../Libraries/FreeRTOS/FreeRTOS/../BCDS_Customization/debug/libFreeRTOS_efm32_debug.a(queue.o)
                0x00014e44                xQueueGenericSendFromISR
 .text.xQueueGenericReceive
                0x00014f30      0x1e0 ./../Libraries/FreeRTOS/FreeRTOS/../BCDS_Customization/debug/libFreeRTOS_efm32_debug.a(queue.o)
                0x00014f30                xQueueGenericReceive
 .text.xQueueReceiveFromISR
                0x00015110       0xcc ./../Libraries/FreeRTOS/FreeRTOS/../BCDS_Customization/debug/libFreeRTOS_efm32_debug.a(queue.o)
                0x00015110                xQueueReceiveFromISR
 .text.prvCopyDataToQueue
                0x000151dc       0xdc ./../Libraries/FreeRTOS/FreeRTOS/../BCDS_Customization/debug/libFreeRTOS_efm32_debug.a(queue.o)
 .text.prvCopyDataFromQueue
                0x000152b8       0x50 ./../Libraries/FreeRTOS/FreeRTOS/../BCDS_Customization/debug/libFreeRTOS_efm32_debug.a(queue.o)
 .text.prvUnlockQueue
                0x00015308       0xa0 ./../Libraries/FreeRTOS/FreeRTOS/../BCDS_Customization/debug/libFreeRTOS_efm32_debug.a(queue.o)
 .text.prvIsQueueEmpty
                0x000153a8       0x34 ./../Libraries/FreeRTOS/FreeRTOS/../BCDS_Customization/debug/libFreeRTOS_efm32_debug.a(queue.o)
 .text.prvIsQueueFull
                0x000153dc       0x38 ./../Libraries/FreeRTOS/FreeRTOS/../BCDS_Customization/debug/libFreeRTOS_efm32_debug.a(queue.o)
 .text.vQueueAddToRegistry
                0x00015414       0x64 ./../Libraries/FreeRTOS/FreeRTOS/../BCDS_Customization/debug/libFreeRTOS_efm32_debug.a(queue.o)
                0x00015414                vQueueAddToRegistry
 .text.vQueueWaitForMessageRestricted
                0x00015478       0x60 ./../Libraries/FreeRTOS/FreeRTOS/../BCDS_Customization/debug/libFreeRTOS_efm32_debug.a(queue.o)
                0x00015478                vQueueWaitForMessageRestricted
 .text.xTaskGenericCreate
                0x000154d8      0x1d0 ./../Libraries/FreeRTOS/FreeRTOS/../BCDS_Customization/debug/libFreeRTOS_efm32_debug.a(tasks.o)
                0x000154d8                xTaskGenericCreate
 .text.vTaskDelay
                0x000156a8       0x78 ./../Libraries/FreeRTOS/FreeRTOS/../BCDS_Customization/debug/libFreeRTOS_efm32_debug.a(tasks.o)
                0x000156a8                vTaskDelay
 .text.vTaskStartScheduler
                0x00015720       0x94 ./../Libraries/FreeRTOS/FreeRTOS/../BCDS_Customization/debug/libFreeRTOS_efm32_debug.a(tasks.o)
                0x00015720                vTaskStartScheduler
 .text.vTaskSuspendAll
                0x000157b4       0x24 ./../Libraries/FreeRTOS/FreeRTOS/../BCDS_Customization/debug/libFreeRTOS_efm32_debug.a(tasks.o)
                0x000157b4                vTaskSuspendAll
 .text.xTaskResumeAll
                0x000157d8      0x17c ./../Libraries/FreeRTOS/FreeRTOS/../BCDS_Customization/debug/libFreeRTOS_efm32_debug.a(tasks.o)
                0x000157d8                xTaskResumeAll
 .text.xTaskGetTickCount
                0x00015954       0x28 ./../Libraries/FreeRTOS/FreeRTOS/../BCDS_Customization/debug/libFreeRTOS_efm32_debug.a(tasks.o)
                0x00015954                xTaskGetTickCount
 .text.xTaskIncrementTick
                0x0001597c      0x208 ./../Libraries/FreeRTOS/FreeRTOS/../BCDS_Customization/debug/libFreeRTOS_efm32_debug.a(tasks.o)
                0x0001597c                xTaskIncrementTick
 .text.vTaskSwitchContext
                0x00015b84      0x16c ./../Libraries/FreeRTOS/FreeRTOS/../BCDS_Customization/debug/libFreeRTOS_efm32_debug.a(tasks.o)
                0x00015b84                vTaskSwitchContext
 .text.vTaskPlaceOnEventList
                0x00015cf0       0x90 ./../Libraries/FreeRTOS/FreeRTOS/../BCDS_Customization/debug/libFreeRTOS_efm32_debug.a(tasks.o)
                0x00015cf0                vTaskPlaceOnEventList
 .text.vTaskPlaceOnEventListRestricted
                0x00015d80       0x68 ./../Libraries/FreeRTOS/FreeRTOS/../BCDS_Customization/debug/libFreeRTOS_efm32_debug.a(tasks.o)
                0x00015d80                vTaskPlaceOnEventListRestricted
 .text.xTaskRemoveFromEventList
                0x00015de8       0xe8 ./../Libraries/FreeRTOS/FreeRTOS/../BCDS_Customization/debug/libFreeRTOS_efm32_debug.a(tasks.o)
                0x00015de8                xTaskRemoveFromEventList
 .text.vTaskSetTimeOutState
                0x00015ed0       0x44 ./../Libraries/FreeRTOS/FreeRTOS/../BCDS_Customization/debug/libFreeRTOS_efm32_debug.a(tasks.o)
                0x00015ed0                vTaskSetTimeOutState
 .text.xTaskCheckForTimeOut
                0x00015f14       0xc4 ./../Libraries/FreeRTOS/FreeRTOS/../BCDS_Customization/debug/libFreeRTOS_efm32_debug.a(tasks.o)
                0x00015f14                xTaskCheckForTimeOut
 .text.vTaskMissedYield
                0x00015fd8       0x18 ./../Libraries/FreeRTOS/FreeRTOS/../BCDS_Customization/debug/libFreeRTOS_efm32_debug.a(tasks.o)
                0x00015fd8                vTaskMissedYield
 .text.prvIdleTask
                0x00015ff0       0x10 ./../Libraries/FreeRTOS/FreeRTOS/../BCDS_Customization/debug/libFreeRTOS_efm32_debug.a(tasks.o)
 .text.prvInitialiseTCBVariables
                0x00016000       0xa0 ./../Libraries/FreeRTOS/FreeRTOS/../BCDS_Customization/debug/libFreeRTOS_efm32_debug.a(tasks.o)
 .text.prvInitialiseTaskLists
                0x000160a0       0xa4 ./../Libraries/FreeRTOS/FreeRTOS/../BCDS_Customization/debug/libFreeRTOS_efm32_debug.a(tasks.o)
 .text.prvCheckTasksWaitingTermination
                0x00016144       0x9c ./../Libraries/FreeRTOS/FreeRTOS/../BCDS_Customization/debug/libFreeRTOS_efm32_debug.a(tasks.o)
 .text.prvAddCurrentTaskToDelayedList
                0x000161e0       0x8c ./../Libraries/FreeRTOS/FreeRTOS/../BCDS_Customization/debug/libFreeRTOS_efm32_debug.a(tasks.o)
 .text.prvAllocateTCBAndStack
                0x0001626c       0x70 ./../Libraries/FreeRTOS/FreeRTOS/../BCDS_Customization/debug/libFreeRTOS_efm32_debug.a(tasks.o)
 .text.prvDeleteTCB
                0x000162dc       0x20 ./../Libraries/FreeRTOS/FreeRTOS/../BCDS_Customization/debug/libFreeRTOS_efm32_debug.a(tasks.o)
 .text.prvResetNextTaskUnblockTime
                0x000162fc       0x5c ./../Libraries/FreeRTOS/FreeRTOS/../BCDS_Customization/debug/libFreeRTOS_efm32_debug.a(tasks.o)
 .text.xTaskGetCurrentTaskHandle
                0x00016358       0x20 ./../Libraries/FreeRTOS/FreeRTOS/../BCDS_Customization/debug/libFreeRTOS_efm32_debug.a(tasks.o)
                0x00016358                xTaskGetCurrentTaskHandle
 .text.xTaskGetSchedulerState
                0x00016378       0x48 ./../Libraries/FreeRTOS/FreeRTOS/../BCDS_Customization/debug/libFreeRTOS_efm32_debug.a(tasks.o)
                0x00016378                xTaskGetSchedulerState
 .text.vTaskPriorityInherit
                0x000163c0       0xf0 ./../Libraries/FreeRTOS/FreeRTOS/../BCDS_Customization/debug/libFreeRTOS_efm32_debug.a(tasks.o)
                0x000163c0                vTaskPriorityInherit
 .text.vTaskPriorityDisinherit
                0x000164b0       0x98 ./../Libraries/FreeRTOS/FreeRTOS/../BCDS_Customization/debug/libFreeRTOS_efm32_debug.a(tasks.o)
                0x000164b0                vTaskPriorityDisinherit
 .text.xTimerCreateTimerTask
                0x00016548       0x78 ./../Libraries/FreeRTOS/FreeRTOS/../BCDS_Customization/debug/libFreeRTOS_efm32_debug.a(timers.o)
                0x00016548                xTimerCreateTimerTask
 .text.xTimerCreate
                0x000165c0       0x7c ./../Libraries/FreeRTOS/FreeRTOS/../BCDS_Customization/debug/libFreeRTOS_efm32_debug.a(timers.o)
                0x000165c0                xTimerCreate
 .text.xTimerGenericCommand
                0x0001663c       0xac ./../Libraries/FreeRTOS/FreeRTOS/../BCDS_Customization/debug/libFreeRTOS_efm32_debug.a(timers.o)
                0x0001663c                xTimerGenericCommand
 .text.prvProcessExpiredTimer
                0x000166e8       0x88 ./../Libraries/FreeRTOS/FreeRTOS/../BCDS_Customization/debug/libFreeRTOS_efm32_debug.a(timers.o)
 .text.prvTimerTask
                0x00016770       0x24 ./../Libraries/FreeRTOS/FreeRTOS/../BCDS_Customization/debug/libFreeRTOS_efm32_debug.a(timers.o)
 .text.prvProcessTimerOrBlockTask
                0x00016794       0x74 ./../Libraries/FreeRTOS/FreeRTOS/../BCDS_Customization/debug/libFreeRTOS_efm32_debug.a(timers.o)
 .text.prvGetNextExpireTime
                0x00016808       0x54 ./../Libraries/FreeRTOS/FreeRTOS/../BCDS_Customization/debug/libFreeRTOS_efm32_debug.a(timers.o)
 .text.prvSampleTimeNow
                0x0001685c       0x4c ./../Libraries/FreeRTOS/FreeRTOS/../BCDS_Customization/debug/libFreeRTOS_efm32_debug.a(timers.o)
 .text.prvInsertTimerInActiveList
                0x000168a8       0x94 ./../Libraries/FreeRTOS/FreeRTOS/../BCDS_Customization/debug/libFreeRTOS_efm32_debug.a(timers.o)
 .text.prvProcessReceivedCommands
                0x0001693c      0x174 ./../Libraries/FreeRTOS/FreeRTOS/../BCDS_Customization/debug/libFreeRTOS_efm32_debug.a(timers.o)
 .text.prvSwitchTimerLists
                0x00016ab0       0xf0 ./../Libraries/FreeRTOS/FreeRTOS/../BCDS_Customization/debug/libFreeRTOS_efm32_debug.a(timers.o)
 .text.prvCheckForValidListAndQueue
                0x00016ba0       0xb8 ./../Libraries/FreeRTOS/FreeRTOS/../BCDS_Customization/debug/libFreeRTOS_efm32_debug.a(timers.o)
 .text.xTimerPendFunctionCallFromISR
                0x00016c58       0x4c ./../Libraries/FreeRTOS/FreeRTOS/../BCDS_Customization/debug/libFreeRTOS_efm32_debug.a(timers.o)
                0x00016c58                xTimerPendFunctionCallFromISR
 .text.pvPortMalloc
                0x00016ca4      0x188 ./../Libraries/FreeRTOS/FreeRTOS/../BCDS_Customization/debug/libFreeRTOS_efm32_debug.a(heap_4.o)
                0x00016ca4                pvPortMalloc
 .text.vPortFree
                0x00016e2c       0xcc ./../Libraries/FreeRTOS/FreeRTOS/../BCDS_Customization/debug/libFreeRTOS_efm32_debug.a(heap_4.o)
                0x00016e2c                vPortFree
 .text.prvHeapInit
                0x00016ef8      0x100 ./../Libraries/FreeRTOS/FreeRTOS/../BCDS_Customization/debug/libFreeRTOS_efm32_debug.a(heap_4.o)
 .text.prvInsertBlockIntoFreeList
                0x00016ff8       0xbc ./../Libraries/FreeRTOS/FreeRTOS/../BCDS_Customization/debug/libFreeRTOS_efm32_debug.a(heap_4.o)
 .text.pxPortInitialiseStack
                0x000170b4       0x64 ./../Libraries/FreeRTOS/FreeRTOS/../BCDS_Customization/debug/libFreeRTOS_efm32_debug.a(port.o)
                0x000170b4                pxPortInitialiseStack
 .text.prvTaskExitError
                0x00017118       0x2c ./../Libraries/FreeRTOS/FreeRTOS/../BCDS_Customization/debug/libFreeRTOS_efm32_debug.a(port.o)
 .text.SVC_Handler
                0x00017144       0x24 ./../Libraries/FreeRTOS/FreeRTOS/../BCDS_Customization/debug/libFreeRTOS_efm32_debug.a(port.o)
                0x00017144                SVC_Handler
 .text.prvPortStartFirstTask
                0x00017168       0x1c ./../Libraries/FreeRTOS/FreeRTOS/../BCDS_Customization/debug/libFreeRTOS_efm32_debug.a(port.o)
 .text.xPortStartScheduler
                0x00017184      0x10c ./../Libraries/FreeRTOS/FreeRTOS/../BCDS_Customization/debug/libFreeRTOS_efm32_debug.a(port.o)
                0x00017184                xPortStartScheduler
 .text.vPortYield
                0x00017290       0x20 ./../Libraries/FreeRTOS/FreeRTOS/../BCDS_Customization/debug/libFreeRTOS_efm32_debug.a(port.o)
                0x00017290                vPortYield
 .text.vPortEnterCritical
                0x000172b0       0x2c ./../Libraries/FreeRTOS/FreeRTOS/../BCDS_Customization/debug/libFreeRTOS_efm32_debug.a(port.o)
                0x000172b0                vPortEnterCritical
 .text.vPortExitCritical
                0x000172dc       0x54 ./../Libraries/FreeRTOS/FreeRTOS/../BCDS_Customization/debug/libFreeRTOS_efm32_debug.a(port.o)
                0x000172dc                vPortExitCritical
 .text.ulPortSetInterruptMask
                0x00017330       0x14 ./../Libraries/FreeRTOS/FreeRTOS/../BCDS_Customization/debug/libFreeRTOS_efm32_debug.a(port.o)
                0x00017330                ulPortSetInterruptMask
 .text.vPortClearInterruptMask
                0x00017344        0x8 ./../Libraries/FreeRTOS/FreeRTOS/../BCDS_Customization/debug/libFreeRTOS_efm32_debug.a(port.o)
                0x00017344                vPortClearInterruptMask
 .text.PendSV_Handler
                0x0001734c       0x44 ./../Libraries/FreeRTOS/FreeRTOS/../BCDS_Customization/debug/libFreeRTOS_efm32_debug.a(port.o)
                0x0001734c                PendSV_Handler
 .text.vPortValidateInterruptPriority
                0x00017390       0x78 ./../Libraries/FreeRTOS/FreeRTOS/../BCDS_Customization/debug/libFreeRTOS_efm32_debug.a(port.o)
                0x00017390                vPortValidateInterruptPriority
 .text.vListInitialise
                0x00017408       0x40 ./../Libraries/FreeRTOS/FreeRTOS/../BCDS_Customization/debug/libFreeRTOS_efm32_debug.a(list.o)
                0x00017408                vListInitialise
 .text.vListInitialiseItem
                0x00017448       0x1c ./../Libraries/FreeRTOS/FreeRTOS/../BCDS_Customization/debug/libFreeRTOS_efm32_debug.a(list.o)
                0x00017448                vListInitialiseItem
 .text.vListInsertEnd
                0x00017464       0x48 ./../Libraries/FreeRTOS/FreeRTOS/../BCDS_Customization/debug/libFreeRTOS_efm32_debug.a(list.o)
                0x00017464                vListInsertEnd
 .text.vListInsert
                0x000174ac       0x74 ./../Libraries/FreeRTOS/FreeRTOS/../BCDS_Customization/debug/libFreeRTOS_efm32_debug.a(list.o)
                0x000174ac                vListInsert
 .text.uxListRemove
                0x00017520       0x58 ./../Libraries/FreeRTOS/FreeRTOS/../BCDS_Customization/debug/libFreeRTOS_efm32_debug.a(list.o)
                0x00017520                uxListRemove
 .text.I2C_init
                0x00017578      0x100 ./../Platform/Peripherals/debug/libPeripherals_efm32_debug.a(I2C_cc.o)
                0x00017578                I2C_init
 .text.I2C_delayFunction
                0x00017678       0x54 ./../Platform/Peripherals/debug/libPeripherals_efm32_debug.a(I2C_cc.o)
                0x00017678                I2C_delayFunction
 .text.I2C_i2cDecodeCallbackFunction
                0x000176cc      0x1b8 ./../Platform/Peripherals/debug/libPeripherals_efm32_debug.a(I2C_cc.o)
                0x000176cc                I2C_i2cDecodeCallbackFunction
 .text.I2C_busWriteChannel0
                0x00017884       0xcc ./../Platform/Peripherals/debug/libPeripherals_efm32_debug.a(I2C_cc.o)
                0x00017884                I2C_busWriteChannel0
 .text.I2C_busWriteChannel1
                0x00017950       0xcc ./../Platform/Peripherals/debug/libPeripherals_efm32_debug.a(I2C_cc.o)
                0x00017950                I2C_busWriteChannel1
 .text.I2C_busReadChannel0
                0x00017a1c      0x100 ./../Platform/Peripherals/debug/libPeripherals_efm32_debug.a(I2C_cc.o)
                0x00017a1c                I2C_busReadChannel0
 .text.I2C_busReadChannel1
                0x00017b1c      0x100 ./../Platform/Peripherals/debug/libPeripherals_efm32_debug.a(I2C_cc.o)
                0x00017b1c                I2C_busReadChannel1
 .text.SID_init
                0x00017c1c       0xc4 ./../Platform/Peripherals/debug/libPeripherals_efm32_debug.a(SID_serialDriverInf_cc.o)
                0x00017c1c                SID_init
 .text.SID_send
                0x00017ce0       0x9c ./../Platform/Peripherals/debug/libPeripherals_efm32_debug.a(SID_serialDriverInf_cc.o)
                0x00017ce0                SID_send
 .text.NVIC_EnableIRQ
                0x00017d7c       0x38 ./../Platform/Peripherals/debug/libPeripherals_efm32_debug.a(I2C_efm32Driver_cc.o)
 .text.NVIC_ClearPendingIRQ
                0x00017db4       0x3c ./../Platform/Peripherals/debug/libPeripherals_efm32_debug.a(I2C_efm32Driver_cc.o)
 .text.I2C_initCtrSpecific
                0x00017df0      0x114 ./../Platform/Peripherals/debug/libPeripherals_efm32_debug.a(I2C_efm32Driver_cc.o)
                0x00017df0                I2C_initCtrSpecific
 .text.I2C_startTransfer
                0x00017f04       0xac ./../Platform/Peripherals/debug/libPeripherals_efm32_debug.a(I2C_efm32Driver_cc.o)
                0x00017f04                I2C_startTransfer
 .text.I2C0_IRQHandler
                0x00017fb0      0x3b4 ./../Platform/Peripherals/debug/libPeripherals_efm32_debug.a(I2C_efm32Driver_cc.o)
                0x00017fb0                I2C0_IRQHandler
 .text.I2C1_IRQHandler
                0x00018364      0x3b4 ./../Platform/Peripherals/debug/libPeripherals_efm32_debug.a(I2C_efm32Driver_cc.o)
                0x00018364                I2C1_IRQHandler
 .text.I2C_triggerTransfer
                0x00018718       0xc4 ./../Platform/Peripherals/debug/libPeripherals_efm32_debug.a(I2C_efm32Driver_cc.o)
                0x00018718                I2C_triggerTransfer
 .text.I2C_triggerNextI2CTransfer
                0x000187dc      0x138 ./../Platform/Peripherals/debug/libPeripherals_efm32_debug.a(I2C_efm32Driver_cc.o)
                0x000187dc                I2C_triggerNextI2CTransfer
 .text.I2C_isTransferCompleted
                0x00018914       0x34 ./../Platform/Peripherals/debug/libPeripherals_efm32_debug.a(I2C_efm32Driver_cc.o)
                0x00018914                I2C_isTransferCompleted
 .text.I2C_getStatus
                0x00018948       0x18 ./../Platform/Peripherals/debug/libPeripherals_efm32_debug.a(I2C_efm32Driver_cc.o)
                0x00018948                I2C_getStatus
 .text.NVIC_EnableIRQ
                0x00018960       0x38 ./../Platform/Peripherals/debug/libPeripherals_efm32_debug.a(PTD_portDriver_cc.o)
 .text.NVIC_ClearPendingIRQ
                0x00018998       0x3c ./../Platform/Peripherals/debug/libPeripherals_efm32_debug.a(PTD_portDriver_cc.o)
 .text.BITBAND_Peripheral
                0x000189d4       0x30 ./../Platform/Peripherals/debug/libPeripherals_efm32_debug.a(PTD_portDriver_cc.o)
 .text.GPIO_IntClear
                0x00018a04       0x20 ./../Platform/Peripherals/debug/libPeripherals_efm32_debug.a(PTD_portDriver_cc.o)
 .text.PTD_checkEvenPinConfigured
                0x00018a24       0xd8 ./../Platform/Peripherals/debug/libPeripherals_efm32_debug.a(PTD_portDriver_cc.o)
 .text.PTD_checkOddPinConfigured
                0x00018afc       0xd8 ./../Platform/Peripherals/debug/libPeripherals_efm32_debug.a(PTD_portDriver_cc.o)
 .text.PTD_portInit
                0x00018bd4       0x18 ./../Platform/Peripherals/debug/libPeripherals_efm32_debug.a(PTD_portDriver_cc.o)
                0x00018bd4                PTD_portInit
 .text.PTD_portInteruptConfig
                0x00018bec       0x28 ./../Platform/Peripherals/debug/libPeripherals_efm32_debug.a(PTD_portDriver_cc.o)
                0x00018bec                PTD_portInteruptConfig
 .text.PTD_setInterruptPinCount
                0x00018c14       0xf0 ./../Platform/Peripherals/debug/libPeripherals_efm32_debug.a(PTD_portDriver_cc.o)
                0x00018c14                PTD_setInterruptPinCount
 .text.PTD_intConfig
                0x00018d04      0x220 ./../Platform/Peripherals/debug/libPeripherals_efm32_debug.a(PTD_portDriver_cc.o)
                0x00018d04                PTD_intConfig
 .text.PTD_interruptSwitchCallback
                0x00018f24      0x1d4 ./../Platform/Peripherals/debug/libPeripherals_efm32_debug.a(PTD_portDriver_cc.o)
                0x00018f24                PTD_interruptSwitchCallback
 .text.GPIO_ODD_IRQHandler
                0x000190f8       0x98 ./../Platform/Peripherals/debug/libPeripherals_efm32_debug.a(PTD_portDriver_cc.o)
                0x000190f8                GPIO_ODD_IRQHandler
 .text.GPIO_EVEN_IRQHandler
                0x00019190       0x98 ./../Platform/Peripherals/debug/libPeripherals_efm32_debug.a(PTD_portDriver_cc.o)
                0x00019190                GPIO_EVEN_IRQHandler
 .text.NVIC_EnableIRQ
                0x00019228       0x38 ./../Platform/Peripherals/debug/libPeripherals_efm32_debug.a(SER_serialDriver_cc.o)
 .text.NVIC_ClearPendingIRQ
                0x00019260       0x3c ./../Platform/Peripherals/debug/libPeripherals_efm32_debug.a(SER_serialDriver_cc.o)
 .text.INT_Disable
                0x0001929c       0x40 ./../Platform/Peripherals/debug/libPeripherals_efm32_debug.a(SER_serialDriver_cc.o)
 .text.INT_Enable
                0x000192dc       0x54 ./../Platform/Peripherals/debug/libPeripherals_efm32_debug.a(SER_serialDriver_cc.o)
 .text.SER_callbackMapping
                0x00019330       0x50 ./../Platform/Peripherals/debug/libPeripherals_efm32_debug.a(SER_serialDriver_cc.o)
 .text.SER_initLeuart
                0x00019380      0x19c ./../Platform/Peripherals/debug/libPeripherals_efm32_debug.a(SER_serialDriver_cc.o)
 .text.SER_initUsart
                0x0001951c      0x25c ./../Platform/Peripherals/debug/libPeripherals_efm32_debug.a(SER_serialDriver_cc.o)
 .text.SER_initUart
                0x00019778      0x224 ./../Platform/Peripherals/debug/libPeripherals_efm32_debug.a(SER_serialDriver_cc.o)
 .text.SER_serialDisable
                0x0001999c       0x84 ./../Platform/Peripherals/debug/libPeripherals_efm32_debug.a(SER_serialDriver_cc.o)
                0x0001999c                SER_serialDisable
 .text.SER_serialInit
                0x00019a20      0x100 ./../Platform/Peripherals/debug/libPeripherals_efm32_debug.a(SER_serialDriver_cc.o)
                0x00019a20                SER_serialInit
 .text.SER_serialWrite
                0x00019b20      0x124 ./../Platform/Peripherals/debug/libPeripherals_efm32_debug.a(SER_serialDriver_cc.o)
                0x00019b20                SER_serialWrite
 .text.SER_serialRead
                0x00019c44       0x88 ./../Platform/Peripherals/debug/libPeripherals_efm32_debug.a(SER_serialDriver_cc.o)
                0x00019c44                SER_serialRead
 .text.LEUART0_IRQHandler
                0x00019ccc      0x150 ./../Platform/Peripherals/debug/libPeripherals_efm32_debug.a(SER_serialDriver_cc.o)
                0x00019ccc                LEUART0_IRQHandler
 .text.LEUART1_IRQHandler
                0x00019e1c      0x148 ./../Platform/Peripherals/debug/libPeripherals_efm32_debug.a(SER_serialDriver_cc.o)
                0x00019e1c                LEUART1_IRQHandler
 .text.USART0_TX_IRQHandler
                0x00019f64       0xac ./../Platform/Peripherals/debug/libPeripherals_efm32_debug.a(SER_serialDriver_cc.o)
                0x00019f64                USART0_TX_IRQHandler
 .text.USART0_RX_IRQHandler
                0x0001a010       0xa0 ./../Platform/Peripherals/debug/libPeripherals_efm32_debug.a(SER_serialDriver_cc.o)
                0x0001a010                USART0_RX_IRQHandler
 .text.USART1_TX_IRQHandler
                0x0001a0b0       0xa8 ./../Platform/Peripherals/debug/libPeripherals_efm32_debug.a(SER_serialDriver_cc.o)
                0x0001a0b0                USART1_TX_IRQHandler
 .text.USART1_RX_IRQHandler
                0x0001a158       0xa4 ./../Platform/Peripherals/debug/libPeripherals_efm32_debug.a(SER_serialDriver_cc.o)
                0x0001a158                USART1_RX_IRQHandler
 .text.USART2_TX_IRQHandler
                0x0001a1fc       0xa8 ./../Platform/Peripherals/debug/libPeripherals_efm32_debug.a(SER_serialDriver_cc.o)
                0x0001a1fc                USART2_TX_IRQHandler
 .text.USART2_RX_IRQHandler
                0x0001a2a4       0xa0 ./../Platform/Peripherals/debug/libPeripherals_efm32_debug.a(SER_serialDriver_cc.o)
                0x0001a2a4                USART2_RX_IRQHandler
 .text.UART0_TX_IRQHandler
                0x0001a344       0x94 ./../Platform/Peripherals/debug/libPeripherals_efm32_debug.a(SER_serialDriver_cc.o)
                0x0001a344                UART0_TX_IRQHandler
 .text.UART0_RX_IRQHandler
                0x0001a3d8       0xa0 ./../Platform/Peripherals/debug/libPeripherals_efm32_debug.a(SER_serialDriver_cc.o)
                0x0001a3d8                UART0_RX_IRQHandler
 .text.UART1_TX_IRQHandler
                0x0001a478       0x8c ./../Platform/Peripherals/debug/libPeripherals_efm32_debug.a(SER_serialDriver_cc.o)
                0x0001a478                UART1_TX_IRQHandler
 .text.UART1_RX_IRQHandler
                0x0001a504       0xa0 ./../Platform/Peripherals/debug/libPeripherals_efm32_debug.a(SER_serialDriver_cc.o)
                0x0001a504                UART1_RX_IRQHandler
 .text.USB_setSerialNumber
                0x0001a5a4       0x7c ./../Platform/Peripherals/debug/libPeripherals_efm32_debug.a(USB_cc.o)
 .text.USB_dataReceivedCallback
                0x0001a620       0x98 ./../Platform/Peripherals/debug/libPeripherals_efm32_debug.a(USB_cc.o)
 .text.USB_dataTransferred
                0x0001a6b8       0x4c ./../Platform/Peripherals/debug/libPeripherals_efm32_debug.a(USB_cc.o)
 .text.USB_stateChange
                0x0001a704       0x58 ./../Platform/Peripherals/debug/libPeripherals_efm32_debug.a(USB_cc.o)
                0x0001a704                USB_stateChange
 .text.USB_setupCommand
                0x0001a75c      0x108 ./../Platform/Peripherals/debug/libPeripherals_efm32_debug.a(USB_cc.o)
                0x0001a75c                USB_setupCommand
 .text.USB_init
                0x0001a864       0xd0 ./../Platform/Peripherals/debug/libPeripherals_efm32_debug.a(USB_cc.o)
                0x0001a864                USB_init
 .text.USB_receiveByte
                0x0001a934       0xa0 ./../Platform/Peripherals/debug/libPeripherals_efm32_debug.a(USB_cc.o)
                0x0001a934                USB_receiveByte
 .text.RETARGET_WriteChar
                0x0001a9d4       0x2c ./../Platform/Peripherals/debug/libPeripherals_efm32_debug.a(USB_cc.o)
                0x0001a9d4                RETARGET_WriteChar
 .text.USB_transmitData
                0x0001aa00       0xc4 ./../Platform/Peripherals/debug/libPeripherals_efm32_debug.a(USB_cc.o)
                0x0001aa00                USB_transmitData
 .text.RETARGET_ReadChar
                0x0001aac4       0x24 ./../Platform/Peripherals/debug/libPeripherals_efm32_debug.a(USB_cc.o)
                0x0001aac4                RETARGET_ReadChar
 .text.USB_callBackMapping
                0x0001aae8       0x38 ./../Platform/Peripherals/debug/libPeripherals_efm32_debug.a(USB_cc.o)
                0x0001aae8                USB_callBackMapping
 .text.BITBAND_Peripheral
                0x0001ab20       0x30 ./../Libraries/EMlib/EMLib/../BCDS_Customization/debug/libEMLib_efm32_debug.a(em_cmu.o)
 .text.CMU_MaxFreqHfle
                0x0001ab50       0xb8 ./../Libraries/EMlib/EMLib/../BCDS_Customization/debug/libEMLib_efm32_debug.a(em_cmu.o)
 .text.CMU_FlashWaitStateMax
                0x0001ac08       0x68 ./../Libraries/EMlib/EMLib/../BCDS_Customization/debug/libEMLib_efm32_debug.a(em_cmu.o)
 .text.CMU_DivToLog2
                0x0001ac70       0x38 ./../Libraries/EMlib/EMLib/../BCDS_Customization/debug/libEMLib_efm32_debug.a(em_cmu.o)
 .text.CMU_FlashWaitStateControl
                0x0001aca8       0xf4 ./../Libraries/EMlib/EMLib/../BCDS_Customization/debug/libEMLib_efm32_debug.a(em_cmu.o)
 .text.CMU_USBCClkGet
                0x0001ad9c       0x50 ./../Libraries/EMlib/EMLib/../BCDS_Customization/debug/libEMLib_efm32_debug.a(em_cmu.o)
 .text.CMU_AUXClkGet
                0x0001adec       0x9c ./../Libraries/EMlib/EMLib/../BCDS_Customization/debug/libEMLib_efm32_debug.a(em_cmu.o)
 .text.CMU_DBGClkGet
                0x0001ae88       0x64 ./../Libraries/EMlib/EMLib/../BCDS_Customization/debug/libEMLib_efm32_debug.a(em_cmu.o)
 .text.CMU_LFClkGet
                0x0001aeec       0xd4 ./../Libraries/EMlib/EMLib/../BCDS_Customization/debug/libEMLib_efm32_debug.a(em_cmu.o)
 .text.CMU_Sync
                0x0001afc0       0x3c ./../Libraries/EMlib/EMLib/../BCDS_Customization/debug/libEMLib_efm32_debug.a(em_cmu.o)
 .text.CMU_ClockDivSet
                0x0001affc      0x298 ./../Libraries/EMlib/EMLib/../BCDS_Customization/debug/libEMLib_efm32_debug.a(em_cmu.o)
                0x0001affc                CMU_ClockDivSet
 .text.CMU_ClockEnable
                0x0001b294      0x10c ./../Libraries/EMlib/EMLib/../BCDS_Customization/debug/libEMLib_efm32_debug.a(em_cmu.o)
                0x0001b294                CMU_ClockEnable
 .text.CMU_ClockFreqGet
                0x0001b3a0      0x1e8 ./../Libraries/EMlib/EMLib/../BCDS_Customization/debug/libEMLib_efm32_debug.a(em_cmu.o)
                0x0001b3a0                CMU_ClockFreqGet
 .text.CMU_ClockSelectGet
                0x0001b588      0x1a4 ./../Libraries/EMlib/EMLib/../BCDS_Customization/debug/libEMLib_efm32_debug.a(em_cmu.o)
                0x0001b588                CMU_ClockSelectGet
 .text.CMU_ClockSelectSet
                0x0001b72c      0x38c ./../Libraries/EMlib/EMLib/../BCDS_Customization/debug/libEMLib_efm32_debug.a(em_cmu.o)
                0x0001b72c                CMU_ClockSelectSet
 .text.CMU_OscillatorEnable
                0x0001bab8       0xe8 ./../Libraries/EMlib/EMLib/../BCDS_Customization/debug/libEMLib_efm32_debug.a(em_cmu.o)
                0x0001bab8                CMU_OscillatorEnable
 .text.EMU_UpdateOscConfig
                0x0001bba0       0x20 ./../Libraries/EMlib/EMLib/../BCDS_Customization/debug/libEMLib_efm32_debug.a(em_emu.o)
                0x0001bba0                EMU_UpdateOscConfig
 .text.BITBAND_Peripheral
                0x0001bbc0       0x30 ./../Libraries/EMlib/EMLib/../BCDS_Customization/debug/libEMLib_efm32_debug.a(em_gpio.o)
 .text.GPIO_DriveModeSet
                0x0001bbf0       0x60 ./../Libraries/EMlib/EMLib/../BCDS_Customization/debug/libEMLib_efm32_debug.a(em_gpio.o)
                0x0001bbf0                GPIO_DriveModeSet
 .text.GPIO_IntConfig
                0x0001bc50       0xf4 ./../Libraries/EMlib/EMLib/../BCDS_Customization/debug/libEMLib_efm32_debug.a(em_gpio.o)
                0x0001bc50                GPIO_IntConfig
 .text.GPIO_PinModeSet
                0x0001bd44      0x1b8 ./../Libraries/EMlib/EMLib/../BCDS_Customization/debug/libEMLib_efm32_debug.a(em_gpio.o)
                0x0001bd44                GPIO_PinModeSet
 .text.BITBAND_Peripheral
                0x0001befc       0x30 ./../Libraries/EMlib/EMLib/../BCDS_Customization/debug/libEMLib_efm32_debug.a(em_i2c.o)
 .text.I2C_BusFreqSet
                0x0001bf2c       0x94 ./../Libraries/EMlib/EMLib/../BCDS_Customization/debug/libEMLib_efm32_debug.a(em_i2c.o)
                0x0001bf2c                I2C_BusFreqSet
 .text.I2C_Init
                0x0001bfc0       0x84 ./../Libraries/EMlib/EMLib/../BCDS_Customization/debug/libEMLib_efm32_debug.a(em_i2c.o)
                0x0001bfc0                I2C_Init
 .text.LEUART_Sync
                0x0001c044       0x34 ./../Libraries/EMlib/EMLib/../BCDS_Customization/debug/libEMLib_efm32_debug.a(em_leuart.o)
 .text.LEUART_BaudrateSet
                0x0001c078       0x90 ./../Libraries/EMlib/EMLib/../BCDS_Customization/debug/libEMLib_efm32_debug.a(em_leuart.o)
                0x0001c078                LEUART_BaudrateSet
 .text.LEUART_Enable
                0x0001c108       0x60 ./../Libraries/EMlib/EMLib/../BCDS_Customization/debug/libEMLib_efm32_debug.a(em_leuart.o)
                0x0001c108                LEUART_Enable
 .text.LEUART_FreezeEnable
                0x0001c168       0x38 ./../Libraries/EMlib/EMLib/../BCDS_Customization/debug/libEMLib_efm32_debug.a(em_leuart.o)
                0x0001c168                LEUART_FreezeEnable
 .text.LEUART_Init
                0x0001c1a0       0x8c ./../Libraries/EMlib/EMLib/../BCDS_Customization/debug/libEMLib_efm32_debug.a(em_leuart.o)
                0x0001c1a0                LEUART_Init
 .text.LEUART_Reset
                0x0001c22c       0x88 ./../Libraries/EMlib/EMLib/../BCDS_Customization/debug/libEMLib_efm32_debug.a(em_leuart.o)
                0x0001c22c                LEUART_Reset
 .text.USART_BaudrateAsyncSet
                0x0001c2b4       0xd0 ./../Libraries/EMlib/EMLib/../BCDS_Customization/debug/libEMLib_efm32_debug.a(em_usart.o)
                0x0001c2b4                USART_BaudrateAsyncSet
 .text.USART_Enable
                0x0001c384       0x7c ./../Libraries/EMlib/EMLib/../BCDS_Customization/debug/libEMLib_efm32_debug.a(em_usart.o)
                0x0001c384                USART_Enable
 .text.USART_InitAsync
                0x0001c400       0xbc ./../Libraries/EMlib/EMLib/../BCDS_Customization/debug/libEMLib_efm32_debug.a(em_usart.o)
                0x0001c400                USART_InitAsync
 .text.USART_Reset
                0x0001c4bc       0xd8 ./../Libraries/EMlib/EMLib/../BCDS_Customization/debug/libEMLib_efm32_debug.a(em_usart.o)
                0x0001c4bc                USART_Reset
 .text.NVIC_EnableIRQ
                0x0001c594       0x38 ./../Libraries/EMlib/EMLib/../BCDS_Customization/debug/libEMLib_efm32_debug.a(em_usbd.o)
 .text.NVIC_ClearPendingIRQ
                0x0001c5cc       0x3c ./../Libraries/EMlib/EMLib/../BCDS_Customization/debug/libEMLib_efm32_debug.a(em_usbd.o)
 .text.INT_Disable
                0x0001c608       0x40 ./../Libraries/EMlib/EMLib/../BCDS_Customization/debug/libEMLib_efm32_debug.a(em_usbd.o)
 .text.INT_Enable
                0x0001c648       0x54 ./../Libraries/EMlib/EMLib/../BCDS_Customization/debug/libEMLib_efm32_debug.a(em_usbd.o)
 .text.USBHAL_DisableGlobalInt
                0x0001c69c       0x34 ./../Libraries/EMlib/EMLib/../BCDS_Customization/debug/libEMLib_efm32_debug.a(em_usbd.o)
 .text.USBHAL_EnableGlobalInt
                0x0001c6d0       0x34 ./../Libraries/EMlib/EMLib/../BCDS_Customization/debug/libEMLib_efm32_debug.a(em_usbd.o)
 .text.USBDHAL_EnableUsbResetAndSuspendInt
                0x0001c704       0x38 ./../Libraries/EMlib/EMLib/../BCDS_Customization/debug/libEMLib_efm32_debug.a(em_usbd.o)
 .text.USBDHAL_EpIsStalled
                0x0001c73c       0x3c ./../Libraries/EMlib/EMLib/../BCDS_Customization/debug/libEMLib_efm32_debug.a(em_usbd.o)
 .text.USBDHAL_GetStallStatusEp
                0x0001c778       0xc0 ./../Libraries/EMlib/EMLib/../BCDS_Customization/debug/libEMLib_efm32_debug.a(em_usbd.o)
 .text.USBDHAL_SetEp0InDmaPtr
                0x0001c838       0x28 ./../Libraries/EMlib/EMLib/../BCDS_Customization/debug/libEMLib_efm32_debug.a(em_usbd.o)
 .text.USBDHAL_SetEp0OutDmaPtr
                0x0001c860       0x28 ./../Libraries/EMlib/EMLib/../BCDS_Customization/debug/libEMLib_efm32_debug.a(em_usbd.o)
 .text.USBDHAL_StartEp0In
                0x0001c888       0x5c ./../Libraries/EMlib/EMLib/../BCDS_Customization/debug/libEMLib_efm32_debug.a(em_usbd.o)
 .text.USBDHAL_StartEp0Out
                0x0001c8e4       0x5c ./../Libraries/EMlib/EMLib/../BCDS_Customization/debug/libEMLib_efm32_debug.a(em_usbd.o)
 .text.USBDHAL_StartEpIn
                0x0001c940       0xc8 ./../Libraries/EMlib/EMLib/../BCDS_Customization/debug/libEMLib_efm32_debug.a(em_usbd.o)
 .text.USBDHAL_StartEpOut
                0x0001ca08       0xd4 ./../Libraries/EMlib/EMLib/../BCDS_Customization/debug/libEMLib_efm32_debug.a(em_usbd.o)
 .text.USBD_ArmEp
                0x0001cadc       0x28 ./../Libraries/EMlib/EMLib/../BCDS_Customization/debug/libEMLib_efm32_debug.a(em_usbd.o)
 .text.USBD_ArmEp0
                0x0001cb04       0x88 ./../Libraries/EMlib/EMLib/../BCDS_Customization/debug/libEMLib_efm32_debug.a(em_usbd.o)
 .text.USBD_ArmEpN
                0x0001cb8c       0x28 ./../Libraries/EMlib/EMLib/../BCDS_Customization/debug/libEMLib_efm32_debug.a(em_usbd.o)
 .text.USBD_GetEpFromAddr
                0x0001cbb4       0xa0 ./../Libraries/EMlib/EMLib/../BCDS_Customization/debug/libEMLib_efm32_debug.a(em_usbd.o)
 .text.USBD_Disconnect
                0x0001cc54       0x14 ./../Libraries/EMlib/EMLib/../BCDS_Customization/debug/libEMLib_efm32_debug.a(em_usbd.o)
                0x0001cc54                USBD_Disconnect
 .text.USBD_GetUsbState
                0x0001cc68       0x1c ./../Libraries/EMlib/EMLib/../BCDS_Customization/debug/libEMLib_efm32_debug.a(em_usbd.o)
                0x0001cc68                USBD_GetUsbState
 .text.USBD_Init
                0x0001cc84      0x4fc ./../Libraries/EMlib/EMLib/../BCDS_Customization/debug/libEMLib_efm32_debug.a(em_usbd.o)
                0x0001cc84                USBD_Init
 .text.USBD_Read
                0x0001d180      0x108 ./../Libraries/EMlib/EMLib/../BCDS_Customization/debug/libEMLib_efm32_debug.a(em_usbd.o)
                0x0001d180                USBD_Read
 .text.USBD_SetUsbState
                0x0001d288       0x98 ./../Libraries/EMlib/EMLib/../BCDS_Customization/debug/libEMLib_efm32_debug.a(em_usbd.o)
                0x0001d288                USBD_SetUsbState
 .text.USBD_Write
                0x0001d320      0x10c ./../Libraries/EMlib/EMLib/../BCDS_Customization/debug/libEMLib_efm32_debug.a(em_usbd.o)
                0x0001d320                USBD_Write
 .text.NVIC_ClearPendingIRQ
                0x0001d42c       0x3c ./../Libraries/EMlib/EMLib/../BCDS_Customization/debug/libEMLib_efm32_debug.a(em_usbhal.o)
 .text.INT_Disable
                0x0001d468       0x40 ./../Libraries/EMlib/EMLib/../BCDS_Customization/debug/libEMLib_efm32_debug.a(em_usbhal.o)
 .text.INT_Enable
                0x0001d4a8       0x54 ./../Libraries/EMlib/EMLib/../BCDS_Customization/debug/libEMLib_efm32_debug.a(em_usbhal.o)
 .text.USBHAL_FlushRxFifo
                0x0001d4fc       0x3c ./../Libraries/EMlib/EMLib/../BCDS_Customization/debug/libEMLib_efm32_debug.a(em_usbhal.o)
 .text.USBHAL_FlushTxFifo
                0x0001d538       0x4c ./../Libraries/EMlib/EMLib/../BCDS_Customization/debug/libEMLib_efm32_debug.a(em_usbhal.o)
 .text.USBDHAL_DeactivateEp
                0x0001d584       0x88 ./../Libraries/EMlib/EMLib/../BCDS_Customization/debug/libEMLib_efm32_debug.a(em_usbhal.o)
 .text.USBDHAL_GetInEpInts
                0x0001d60c       0x44 ./../Libraries/EMlib/EMLib/../BCDS_Customization/debug/libEMLib_efm32_debug.a(em_usbhal.o)
 .text.USBDHAL_GetOutEpInts
                0x0001d650       0x44 ./../Libraries/EMlib/EMLib/../BCDS_Customization/debug/libEMLib_efm32_debug.a(em_usbhal.o)
 .text.USBDHAL_SetEPDISNAK
                0x0001d694       0xac ./../Libraries/EMlib/EMLib/../BCDS_Customization/debug/libEMLib_efm32_debug.a(em_usbhal.o)
 .text.USBD_GetEpFromAddr
                0x0001d740       0xa0 ./../Libraries/EMlib/EMLib/../BCDS_Customization/debug/libEMLib_efm32_debug.a(em_usbhal.o)
 .text.USBHAL_CoreReset
                0x0001d7e0       0xbc ./../Libraries/EMlib/EMLib/../BCDS_Customization/debug/libEMLib_efm32_debug.a(em_usbhal.o)
                0x0001d7e0                USBHAL_CoreReset
 .text.USBDHAL_CoreInit
                0x0001d89c      0x3ec ./../Libraries/EMlib/EMLib/../BCDS_Customization/debug/libEMLib_efm32_debug.a(em_usbhal.o)
                0x0001d89c                USBDHAL_CoreInit
 .text.USBDHAL_Disconnect
                0x0001dc88       0x3c ./../Libraries/EMlib/EMLib/../BCDS_Customization/debug/libEMLib_efm32_debug.a(em_usbhal.o)
                0x0001dc88                USBDHAL_Disconnect
 .text.USBDHAL_AbortAllEps
                0x0001dcc4      0x53c ./../Libraries/EMlib/EMLib/../BCDS_Customization/debug/libEMLib_efm32_debug.a(em_usbhal.o)
                0x0001dcc4                USBDHAL_AbortAllEps
 .text.USBDHAL_AbortAllTransfers
                0x0001e200       0xc8 ./../Libraries/EMlib/EMLib/../BCDS_Customization/debug/libEMLib_efm32_debug.a(em_usbhal.o)
                0x0001e200                USBDHAL_AbortAllTransfers
 .text.USBDHAL_ReenableEp0Setup
                0x0001e2c8       0x60 ./../Libraries/EMlib/EMLib/../BCDS_Customization/debug/libEMLib_efm32_debug.a(em_usbdep.o)
 .text.USBDHAL_StallEp
                0x0001e328       0xcc ./../Libraries/EMlib/EMLib/../BCDS_Customization/debug/libEMLib_efm32_debug.a(em_usbdep.o)
 .text.USBDHAL_StartEp0In
                0x0001e3f4       0x5c ./../Libraries/EMlib/EMLib/../BCDS_Customization/debug/libEMLib_efm32_debug.a(em_usbdep.o)
 .text.USBDHAL_StartEp0Out
                0x0001e450       0x5c ./../Libraries/EMlib/EMLib/../BCDS_Customization/debug/libEMLib_efm32_debug.a(em_usbdep.o)
 .text.USBD_GetEpFromAddr
                0x0001e4ac       0xa0 ./../Libraries/EMlib/EMLib/../BCDS_Customization/debug/libEMLib_efm32_debug.a(em_usbdep.o)
 .text.USBD_ReArmEp0
                0x0001e54c       0x64 ./../Libraries/EMlib/EMLib/../BCDS_Customization/debug/libEMLib_efm32_debug.a(em_usbdep.o)
 .text.USBDEP_Ep0Handler
                0x0001e5b0      0x300 ./../Libraries/EMlib/EMLib/../BCDS_Customization/debug/libEMLib_efm32_debug.a(em_usbdep.o)
                0x0001e5b0                USBDEP_Ep0Handler
 .text.USBDEP_EpHandler
                0x0001e8b0       0x60 ./../Libraries/EMlib/EMLib/../BCDS_Customization/debug/libEMLib_efm32_debug.a(em_usbdep.o)
                0x0001e8b0                USBDEP_EpHandler
 .text.TIMER_CounterGet
                0x0001e910       0x18 ./../Libraries/EMlib/EMLib/../BCDS_Customization/debug/libEMLib_efm32_debug.a(em_usbtimer.o)
 .text.TIMER_TopSet
                0x0001e928       0x1c ./../Libraries/EMlib/EMLib/../BCDS_Customization/debug/libEMLib_efm32_debug.a(em_usbtimer.o)
 .text.DelayTicks
                0x0001e944       0x4c ./../Libraries/EMlib/EMLib/../BCDS_Customization/debug/libEMLib_efm32_debug.a(em_usbtimer.o)
 .text.USBTIMER_DelayMs
                0x0001e990       0x84 ./../Libraries/EMlib/EMLib/../BCDS_Customization/debug/libEMLib_efm32_debug.a(em_usbtimer.o)
                0x0001e990                USBTIMER_DelayMs
 .text.USBTIMER_DelayUs
                0x0001ea14      0x124 ./../Libraries/EMlib/EMLib/../BCDS_Customization/debug/libEMLib_efm32_debug.a(em_usbtimer.o)
                0x0001ea14                USBTIMER_DelayUs
 .text.USBTIMER_Init
                0x0001eb38      0x188 ./../Libraries/EMlib/EMLib/../BCDS_Customization/debug/libEMLib_efm32_debug.a(em_usbtimer.o)
                0x0001eb38                USBTIMER_Init
 .text.GetProdRev
                0x0001ecc0       0x1c ./../Libraries/EMlib/EMLib/../BCDS_Customization/debug/libEMLib_efm32_debug.a(system_efm32gg.o)
 .text.SystemCoreClockGet
                0x0001ecdc       0x58 ./../Libraries/EMlib/EMLib/../BCDS_Customization/debug/libEMLib_efm32_debug.a(system_efm32gg.o)
                0x0001ecdc                SystemCoreClockGet
 .text.SystemHFClockGet
                0x0001ed34      0x110 ./../Libraries/EMlib/EMLib/../BCDS_Customization/debug/libEMLib_efm32_debug.a(system_efm32gg.o)
                0x0001ed34                SystemHFClockGet
 .text.SystemHFXOClockGet
                0x0001ee44       0x18 ./../Libraries/EMlib/EMLib/../BCDS_Customization/debug/libEMLib_efm32_debug.a(system_efm32gg.o)
                0x0001ee44                SystemHFXOClockGet
 .text.SystemInit
                0x0001ee5c        0xc ./../Libraries/EMlib/EMLib/../BCDS_Customization/debug/libEMLib_efm32_debug.a(system_efm32gg.o)
                0x0001ee5c                SystemInit
 .text.SystemLFRCOClockGet
                0x0001ee68       0x10 ./../Libraries/EMlib/EMLib/../BCDS_Customization/debug/libEMLib_efm32_debug.a(system_efm32gg.o)
                0x0001ee68                SystemLFRCOClockGet
 .text.SystemULFRCOClockGet
                0x0001ee78       0x10 ./../Libraries/EMlib/EMLib/../BCDS_Customization/debug/libEMLib_efm32_debug.a(system_efm32gg.o)
                0x0001ee78                SystemULFRCOClockGet
 .text.SystemLFXOClockGet
                0x0001ee88       0x18 ./../Libraries/EMlib/EMLib/../BCDS_Customization/debug/libEMLib_efm32_debug.a(system_efm32gg.o)
                0x0001ee88                SystemLFXOClockGet
 .text.TIMER_Init
                0x0001eea0      0x134 ./../Libraries/EMlib/EMLib/../BCDS_Customization/debug/libEMLib_efm32_debug.a(em_timer.o)
                0x0001eea0                TIMER_Init
 .text.TIMER_InitCC
                0x0001efd4       0xec ./../Libraries/EMlib/EMLib/../BCDS_Customization/debug/libEMLib_efm32_debug.a(em_timer.o)
                0x0001efd4                TIMER_InitCC
 .text.TIMER_Reset
                0x0001f0c0      0x108 ./../Libraries/EMlib/EMLib/../BCDS_Customization/debug/libEMLib_efm32_debug.a(em_timer.o)
                0x0001f0c0                TIMER_Reset
 .text.USBDHAL_ActivateEp
                0x0001f1c8      0x148 ./../Libraries/EMlib/EMLib/../BCDS_Customization/debug/libEMLib_efm32_debug.a(em_usbdch9.o)
 .text.USBDHAL_DeactivateEp
                0x0001f310       0x88 ./../Libraries/EMlib/EMLib/../BCDS_Customization/debug/libEMLib_efm32_debug.a(em_usbdch9.o)
 .text.USBDHAL_GetStallStatusEp
                0x0001f398       0xc0 ./../Libraries/EMlib/EMLib/../BCDS_Customization/debug/libEMLib_efm32_debug.a(em_usbdch9.o)
 .text.USBDHAL_SetAddr
                0x0001f458       0x3c ./../Libraries/EMlib/EMLib/../BCDS_Customization/debug/libEMLib_efm32_debug.a(em_usbdch9.o)
 .text.USBDHAL_StallEp
                0x0001f494       0xcc ./../Libraries/EMlib/EMLib/../BCDS_Customization/debug/libEMLib_efm32_debug.a(em_usbdch9.o)
 .text.USBDHAL_UnStallEp
                0x0001f560       0xe4 ./../Libraries/EMlib/EMLib/../BCDS_Customization/debug/libEMLib_efm32_debug.a(em_usbdch9.o)
 .text.USBD_ActivateAllEps
                0x0001f644       0x54 ./../Libraries/EMlib/EMLib/../BCDS_Customization/debug/libEMLib_efm32_debug.a(em_usbdch9.o)
 .text.USBD_DeactivateAllEps
                0x0001f698       0x68 ./../Libraries/EMlib/EMLib/../BCDS_Customization/debug/libEMLib_efm32_debug.a(em_usbdch9.o)
 .text.USBD_GetEpFromAddr
                0x0001f700       0xa0 ./../Libraries/EMlib/EMLib/../BCDS_Customization/debug/libEMLib_efm32_debug.a(em_usbdch9.o)
 .text.USBDCH9_SetupCmd
                0x0001f7a0       0xec ./../Libraries/EMlib/EMLib/../BCDS_Customization/debug/libEMLib_efm32_debug.a(em_usbdch9.o)
                0x0001f7a0                USBDCH9_SetupCmd
 .text.ClearFeature
                0x0001f88c       0xcc ./../Libraries/EMlib/EMLib/../BCDS_Customization/debug/libEMLib_efm32_debug.a(em_usbdch9.o)
 .text.GetConfiguration
                0x0001f958       0xb8 ./../Libraries/EMlib/EMLib/../BCDS_Customization/debug/libEMLib_efm32_debug.a(em_usbdch9.o)
 .text.GetDescriptor
                0x0001fa10      0x10c ./../Libraries/EMlib/EMLib/../BCDS_Customization/debug/libEMLib_efm32_debug.a(em_usbdch9.o)
 .text.GetInterface
                0x0001fb1c       0x94 ./../Libraries/EMlib/EMLib/../BCDS_Customization/debug/libEMLib_efm32_debug.a(em_usbdch9.o)
 .text.GetStatus
                0x0001fbb0      0x1b4 ./../Libraries/EMlib/EMLib/../BCDS_Customization/debug/libEMLib_efm32_debug.a(em_usbdch9.o)
 .text.SetAddress
                0x0001fd64       0xb4 ./../Libraries/EMlib/EMLib/../BCDS_Customization/debug/libEMLib_efm32_debug.a(em_usbdch9.o)
 .text.SetConfiguration
                0x0001fe18      0x10c ./../Libraries/EMlib/EMLib/../BCDS_Customization/debug/libEMLib_efm32_debug.a(em_usbdch9.o)
 .text.SetFeature
                0x0001ff24      0x100 ./../Libraries/EMlib/EMLib/../BCDS_Customization/debug/libEMLib_efm32_debug.a(em_usbdch9.o)
 .text.SetInterface
                0x00020024       0x68 ./../Libraries/EMlib/EMLib/../BCDS_Customization/debug/libEMLib_efm32_debug.a(em_usbdch9.o)
 .text.bme280_init
                0x0002008c       0x80 ./../Libraries/BSTLib/BST_Github/../BCDS_Customization/debug/libBSTLib_efm32_debug.a(bme280.o)
                0x0002008c                bme280_init
 .text.bme280_compensate_temperature_int32
                0x0002010c       0xd0 ./../Libraries/BSTLib/BST_Github/../BCDS_Customization/debug/libBSTLib_efm32_debug.a(bme280.o)
                0x0002010c                bme280_compensate_temperature_int32
 .text.bme280_compensate_pressure_int32
                0x000201dc      0x1d4 ./../Libraries/BSTLib/BST_Github/../BCDS_Customization/debug/libBSTLib_efm32_debug.a(bme280.o)
                0x000201dc                bme280_compensate_pressure_int32
 .text.bme280_compensate_humidity_int32
                0x000203b0      0x110 ./../Libraries/BSTLib/BST_Github/../BCDS_Customization/debug/libBSTLib_efm32_debug.a(bme280.o)
                0x000203b0                bme280_compensate_humidity_int32
 .text.bme280_read_uncomp_pressure_temperature_humidity
                0x000204c0       0xe0 ./../Libraries/BSTLib/BST_Github/../BCDS_Customization/debug/libBSTLib_efm32_debug.a(bme280.o)
                0x000204c0                bme280_read_uncomp_pressure_temperature_humidity
 .text.bme280_read_pressure_temperature_humidity
                0x000205a0       0x8c ./../Libraries/BSTLib/BST_Github/../BCDS_Customization/debug/libBSTLib_efm32_debug.a(bme280.o)
                0x000205a0                bme280_read_pressure_temperature_humidity
 .text.bme280_get_calib_param
                0x0002062c      0x2d8 ./../Libraries/BSTLib/BST_Github/../BCDS_Customization/debug/libBSTLib_efm32_debug.a(bme280.o)
                0x0002062c                bme280_get_calib_param
 .text.bme280_set_oversamp_temperature
                0x00020904      0x1e8 ./../Libraries/BSTLib/BST_Github/../BCDS_Customization/debug/libBSTLib_efm32_debug.a(bme280.o)
                0x00020904                bme280_set_oversamp_temperature
 .text.bme280_set_oversamp_pressure
                0x00020aec      0x1dc ./../Libraries/BSTLib/BST_Github/../BCDS_Customization/debug/libBSTLib_efm32_debug.a(bme280.o)
                0x00020aec                bme280_set_oversamp_pressure
 .text.bme280_set_oversamp_humidity
                0x00020cc8      0x228 ./../Libraries/BSTLib/BST_Github/../BCDS_Customization/debug/libBSTLib_efm32_debug.a(bme280.o)
                0x00020cc8                bme280_set_oversamp_humidity
 .text.bme280_get_power_mode
                0x00020ef0       0x74 ./../Libraries/BSTLib/BST_Github/../BCDS_Customization/debug/libBSTLib_efm32_debug.a(bme280.o)
                0x00020ef0                bme280_get_power_mode
 .text.bme280_set_power_mode
                0x00020f64      0x1e8 ./../Libraries/BSTLib/BST_Github/../BCDS_Customization/debug/libBSTLib_efm32_debug.a(bme280.o)
                0x00020f64                bme280_set_power_mode
 .text.bme280_set_soft_rst
                0x0002114c       0x64 ./../Libraries/BSTLib/BST_Github/../BCDS_Customization/debug/libBSTLib_efm32_debug.a(bme280.o)
                0x0002114c                bme280_set_soft_rst
 .text.bme280_set_standby_durn
                0x000211b0      0x1e0 ./../Libraries/BSTLib/BST_Github/../BCDS_Customization/debug/libBSTLib_efm32_debug.a(bme280.o)
                0x000211b0                bme280_set_standby_durn
 .text.bme280_write_register
                0x00021390       0x64 ./../Libraries/BSTLib/BST_Github/../BCDS_Customization/debug/libBSTLib_efm32_debug.a(bme280.o)
                0x00021390                bme280_write_register
 .text.bme280_read_register
                0x000213f4       0x64 ./../Libraries/BSTLib/BST_Github/../BCDS_Customization/debug/libBSTLib_efm32_debug.a(bme280.o)
                0x000213f4                bme280_read_register
 .text.bmg160_init
                0x00021458       0x6c ./../Libraries/BSTLib/BST_Github/../BCDS_Customization/debug/libBSTLib_efm32_debug.a(bmg160.o)
                0x00021458                bmg160_init
 .text.bmg160_get_data_XYZ
                0x000214c4       0xd0 ./../Libraries/BSTLib/BST_Github/../BCDS_Customization/debug/libBSTLib_efm32_debug.a(bmg160.o)
                0x000214c4                bmg160_get_data_XYZ
 .text.bmi160_init
                0x00021594       0x90 ./../Libraries/BSTLib/BST_Github/../BCDS_Customization/debug/libBSTLib_efm32_debug.a(bmi160.o)
                0x00021594                bmi160_init
 .text.bmi160_write_reg
                0x00021624       0x60 ./../Libraries/BSTLib/BST_Github/../BCDS_Customization/debug/libBSTLib_efm32_debug.a(bmi160.o)
                0x00021624                bmi160_write_reg
 .text.bmi160_read_gyro_xyz
                0x00021684       0xc4 ./../Libraries/BSTLib/BST_Github/../BCDS_Customization/debug/libBSTLib_efm32_debug.a(bmi160.o)
                0x00021684                bmi160_read_gyro_xyz
 .text.bmi160_set_command_register
                0x00021748       0x60 ./../Libraries/BSTLib/BST_Github/../BCDS_Customization/debug/libBSTLib_efm32_debug.a(bmi160.o)
                0x00021748                bmi160_set_command_register
 .text.GPIO_PinOutClear
                0x000217a8       0x4c ../Common/debug/XDKCommon_efm32_debug.a(SystemStartup.o)
 .text.GPIO_PinOutSet
                0x000217f4       0x4c ../Common/debug/XDKCommon_efm32_debug.a(SystemStartup.o)
 .text.systemStartup
                0x00021840       0x88 ../Common/debug/XDKCommon_efm32_debug.a(SystemStartup.o)
                0x00021840                systemStartup
 .text.vApplicationStackOverflowHook
                0x000218c8       0x80 ../Common/debug/XDKCommon_efm32_debug.a(SystemStartup.o)
                0x000218c8                vApplicationStackOverflowHook
 .text.Retcode_getPackage
                0x00021948       0x1c ../Common/debug/XDKCommon_efm32_debug.a(BoardInitialization.o)
 .text.NVIC_SetPriority
                0x00021964       0x5c ../Common/debug/XDKCommon_efm32_debug.a(BoardInitialization.o)
 .text.CHIP_Init
                0x000219c0       0x50 ../Common/debug/XDKCommon_efm32_debug.a(BoardInitialization.o)
 .text.GPIO_PinOutSet
                0x00021a10       0x4c ../Common/debug/XDKCommon_efm32_debug.a(BoardInitialization.o)
 .text.ErrorHandlingFunc
                0x00021a5c       0x2c ../Common/debug/XDKCommon_efm32_debug.a(BoardInitialization.o)
 .text.bleGetPublicAddress
                0x00021a88      0x104 ../Common/debug/XDKCommon_efm32_debug.a(BoardInitialization.o)
 .text.customizeInterruptPriority
                0x00021b8c      0x1d0 ../Common/debug/XDKCommon_efm32_debug.a(BoardInitialization.o)
                0x00021b8c                customizeInterruptPriority
 .text.assertIndicationMapping
                0x00021d5c       0x84 ../Common/debug/XDKCommon_efm32_debug.a(BoardInitialization.o)
                0x00021d5c                assertIndicationMapping
 .text.boardInit
                0x00021de0       0x10 ../Common/debug/XDKCommon_efm32_debug.a(BoardInitialization.o)
                0x00021de0                boardInit
 .text.boardStartup
                0x00021df0       0xe0 ../Common/debug/XDKCommon_efm32_debug.a(BoardInitialization.o)
                0x00021df0                boardStartup
 .text.NVIC_SystemReset
                0x00021ed0       0x30 ../Common/debug/XDKCommon_efm32_debug.a(UsbResetUtility.o)
 .text.UsbResetUtility_SystemReset
                0x00021f00       0x10 ../Common/debug/XDKCommon_efm32_debug.a(UsbResetUtility.o)
 .text.UsbResetUtility_InteruptHandling
                0x00021f10       0x5c ../Common/debug/XDKCommon_efm32_debug.a(UsbResetUtility.o)
 .text.UsbResetUtility_Init
                0x00021f6c       0x48 ../Common/debug/XDKCommon_efm32_debug.a(UsbResetUtility.o)
                0x00021f6c                UsbResetUtility_Init
 .text.UsbResetUtility_UsbISRCallback
                0x00021fb4      0x148 ../Common/debug/XDKCommon_efm32_debug.a(UsbResetUtility.o)
                0x00021fb4                UsbResetUtility_UsbISRCallback
 .text.UsbResetUtility_RegAppISR
                0x000220fc       0x40 ../Common/debug/XDKCommon_efm32_debug.a(UsbResetUtility.o)
                0x000220fc                UsbResetUtility_RegAppISR
 .text.resetGpioConfig
                0x0002213c      0x3f8 ../Common/debug/XDKCommon_efm32_debug.a(GpioConfig.o)
                0x0002213c                resetGpioConfig
 .text.RingBuf_Init
                0x00022534       0x38 ./../Platform/Utils/debug/libUtils_efm32_debug.a(RB_ringBuffer.o)
                0x00022534                RingBuf_Init
 .text.RingBuf_Write
                0x0002256c       0xdc ./../Platform/Utils/debug/libUtils_efm32_debug.a(RB_ringBuffer.o)
                0x0002256c                RingBuf_Write
 .text.RingBuf_Read
                0x00022648       0xd4 ./../Platform/Utils/debug/libUtils_efm32_debug.a(RB_ringBuffer.o)
                0x00022648                RingBuf_Read
 .text.Assert_initialize
                0x0002271c       0x48 ./../Platform/Basics/debug/libBasics_efm32_debug.a(Assert.o)
                0x0002271c                Assert_initialize
 .text.Assert_dynamic
                0x00022764       0x2c ./../Platform/Basics/debug/libBasics_efm32_debug.a(Assert.o)
                0x00022764                Assert_dynamic
 .text.defaultErrorHandlingFunc
                0x00022790       0x14 ./../Platform/Basics/debug/libBasics_efm32_debug.a(Retcode.o)
 .text.Retcode_initialize
                0x000227a4       0x38 ./../Platform/Basics/debug/libBasics_efm32_debug.a(Retcode.o)
                0x000227a4                Retcode_initialize
 .text.Retcode_compose
                0x000227dc       0x50 ./../Platform/Basics/debug/libBasics_efm32_debug.a(Retcode.o)
                0x000227dc                Retcode_compose
 .text.Retcode_getPackage
                0x0002282c       0x1c ./../Platform/SensorDrivers/debug/libSensorDrivers_efm32_debug.a(Max44009.o)
 .text.MappingI2cLibError
                0x00022848       0x5c ./../Platform/SensorDrivers/debug/libSensorDrivers_efm32_debug.a(Max44009.o)
 .text.MAX44009_combineLuxLowHighReg
                0x000228a4       0x48 ./../Platform/SensorDrivers/debug/libSensorDrivers_efm32_debug.a(Max44009.o)
 .text.MAX44009_init
                0x000228ec       0x3c ./../Platform/SensorDrivers/debug/libSensorDrivers_efm32_debug.a(Max44009.o)
                0x000228ec                MAX44009_init
 .text.MAX44009_setCdr
                0x00022928       0xe0 ./../Platform/SensorDrivers/debug/libSensorDrivers_efm32_debug.a(Max44009.o)
                0x00022928                MAX44009_setCdr
 .text.MAX44009_getConfigurationReg
                0x00022a08       0xa0 ./../Platform/SensorDrivers/debug/libSensorDrivers_efm32_debug.a(Max44009.o)
                0x00022a08                MAX44009_getConfigurationReg
 .text.MAX44009_setIntegrationTime
                0x00022aa8       0xd8 ./../Platform/SensorDrivers/debug/libSensorDrivers_efm32_debug.a(Max44009.o)
                0x00022aa8                MAX44009_setIntegrationTime
 .text.MAX44009_getSensorData
                0x00022b80      0x10c ./../Platform/SensorDrivers/debug/libSensorDrivers_efm32_debug.a(Max44009.o)
                0x00022b80                MAX44009_getSensorData
 .text.MAX44009_setUpperThreshold
                0x00022c8c       0xa0 ./../Platform/SensorDrivers/debug/libSensorDrivers_efm32_debug.a(Max44009.o)
                0x00022c8c                MAX44009_setUpperThreshold
 .text.MAX44009_setLowerThreshold
                0x00022d2c       0xa0 ./../Platform/SensorDrivers/debug/libSensorDrivers_efm32_debug.a(Max44009.o)
                0x00022d2c                MAX44009_setLowerThreshold
 .text.MAX44009_setThresholdTimer
                0x00022dcc       0xa0 ./../Platform/SensorDrivers/debug/libSensorDrivers_efm32_debug.a(Max44009.o)
                0x00022dcc                MAX44009_setThresholdTimer
 .text.MAX44009_setContinousModeReg
                0x00022e6c       0xf4 ./../Platform/SensorDrivers/debug/libSensorDrivers_efm32_debug.a(Max44009.o)
                0x00022e6c                MAX44009_setContinousModeReg
 .text.MAX44009_setManualModeReg
                0x00022f60       0xf8 ./../Platform/SensorDrivers/debug/libSensorDrivers_efm32_debug.a(Max44009.o)
                0x00022f60                MAX44009_setManualModeReg
 .text.MAX44009_getInterptStatus
                0x00023058       0xb8 ./../Platform/SensorDrivers/debug/libSensorDrivers_efm32_debug.a(Max44009.o)
                0x00023058                MAX44009_getInterptStatus
 .text.MAX44009_setIntrptReg
                0x00023110       0xc0 ./../Platform/SensorDrivers/debug/libSensorDrivers_efm32_debug.a(Max44009.o)
                0x00023110                MAX44009_setIntrptReg
 .text.NVIC_EnableIRQ
                0x000231d0       0x38 ./../Platform/Power/debug/libPOWER_efm32_debug.a(PowerMgt.o)
 .text.NVIC_SetPriority
                0x00023208       0x5c ./../Platform/Power/debug/libPOWER_efm32_debug.a(PowerMgt.o)
 .text.RTC_IntClear
                0x00023264       0x20 ./../Platform/Power/debug/libPOWER_efm32_debug.a(PowerMgt.o)
 .text.RTC_IntDisable
                0x00023284       0x30 ./../Platform/Power/debug/libPOWER_efm32_debug.a(PowerMgt.o)
 .text.RTC_IntEnable
                0x000232b4       0x2c ./../Platform/Power/debug/libPOWER_efm32_debug.a(PowerMgt.o)
 .text.PowerMgt_GetSystemTimeMs
                0x000232e0       0x88 ./../Platform/Power/debug/libPOWER_efm32_debug.a(PowerMgt.o)
                0x000232e0                PowerMgt_GetSystemTimeMs
 .text.RTC_IRQHandler
                0x00023368      0x184 ./../Platform/Power/debug/libPOWER_efm32_debug.a(PowerMgt.o)
                0x00023368                RTC_IRQHandler
 .text.vPortSetupTimerInterrupt
                0x000234ec      0x10c ./../Platform/Power/debug/libPOWER_efm32_debug.a(PowerMgt.o)
                0x000234ec                vPortSetupTimerInterrupt
 .text.BleMgmt_timerRing
                0x000235f8       0xb8 ./../Libraries/BLEStack/Alpwise/Core_Stack/Libraries/BLESW_CoreStack_CM3.a(BleEngine.o)
 .text.BLEMGMT_Init
                0x000236b0       0x3c ./../Libraries/BLEStack/Alpwise/Core_Stack/Libraries/BLESW_CoreStack_CM3.a(BleEngine.o)
                0x000236b0                BLEMGMT_Init
 .text.BLEMGMT_Deinit
                0x000236ec       0x20 ./../Libraries/BLEStack/Alpwise/Core_Stack/Libraries/BLESW_CoreStack_CM3.a(BleEngine.o)
                0x000236ec                BLEMGMT_Deinit
 .text.BLEMGMT_Run
                0x0002370c       0x4c ./../Libraries/BLEStack/Alpwise/Core_Stack/Libraries/BLESW_CoreStack_CM3.a(BleEngine.o)
                0x0002370c                BLEMGMT_Run
 .text.BLEMGMT_RegisterHandler
                0x00023758       0x28 ./../Libraries/BLEStack/Alpwise/Core_Stack/Libraries/BLESW_CoreStack_CM3.a(BleEngine.o)
                0x00023758                BLEMGMT_RegisterHandler
 .text.BleMgmt_PostEvent
                0x00023780       0x50 ./../Libraries/BLEStack/Alpwise/Core_Stack/Libraries/BLESW_CoreStack_CM3.a(BleEngine.o)
                0x00023780                BleMgmt_PostEvent
 .text.BleMgmt_RemoveTimerEvent
                0x000237d0       0xdc ./../Libraries/BLEStack/Alpwise/Core_Stack/Libraries/BLESW_CoreStack_CM3.a(BleEngine.o)
                0x000237d0                BleMgmt_RemoveTimerEvent
 .text.BleMgmt_AddTimerEvent
                0x000238ac       0xdc ./../Libraries/BLEStack/Alpwise/Core_Stack/Libraries/BLESW_CoreStack_CM3.a(BleEngine.o)
                0x000238ac                BleMgmt_AddTimerEvent
 .text.SYSTEM_MemCpy
                0x00023988       0x14 ./../Libraries/BLEStack/Alpwise/Core_Stack/Libraries/BLESW_CoreStack_CM3.a(BleMemory.o)
                0x00023988                SYSTEM_MemCpy
 .text.SYSTEM_ReverseMemCpy
                0x0002399c       0x1a ./../Libraries/BLEStack/Alpwise/Core_Stack/Libraries/BLESW_CoreStack_CM3.a(BleMemory.o)
                0x0002399c                SYSTEM_ReverseMemCpy
 .text.SYSTEM_MemCmp
                0x000239b6       0x24 ./../Libraries/BLEStack/Alpwise/Core_Stack/Libraries/BLESW_CoreStack_CM3.a(BleMemory.o)
                0x000239b6                SYSTEM_MemCmp
 .text.SYSTEM_MemSet
                0x000239da       0x16 ./../Libraries/BLEStack/Alpwise/Core_Stack/Libraries/BLESW_CoreStack_CM3.a(BleMemory.o)
                0x000239da                SYSTEM_MemSet
 .text.BleList_RemoveNode
                0x000239f0       0x2e ./../Libraries/BLEStack/Alpwise/Core_Stack/Libraries/BLESW_CoreStack_CM3.a(BleSlist.o)